<?xml version="1.0" encoding="ISO-8859-1" ?>
<link_info>
   <banner>TI ARM Clang Linker PC v3.2.2.LTS</banner>
   <copyright>Copyright (c) 1996-2018 Texas Instruments Incorporated</copyright>
   <link_time>0x66f06d14</link_time>
   <link_errors>0x0</link_errors>
   <output_file>C:\Users\scgla\cs350\uart2echo_CC3220S_LAUNCHXL_nortos_ticlang\MCU+Image\uart2echo_CC3220S_LAUNCHXL_nortos_ticlang.out</output_file>
   <entry_point>
      <name>resetISR</name>
      <address>0x2000fc89</address>
   </entry_point>
   <input_file_list>
      <input_file id="fl-1">
         <path>C:\Users\scgla\cs350\uart2echo_CC3220S_LAUNCHXL_nortos_ticlang\MCU+Image\.\</path>
         <kind>object</kind>
         <file>main_nortos.o</file>
         <name>main_nortos.o</name>
      </input_file>
      <input_file id="fl-2">
         <path>C:\Users\scgla\cs350\uart2echo_CC3220S_LAUNCHXL_nortos_ticlang\MCU+Image\.\</path>
         <kind>object</kind>
         <file>uart2echo.o</file>
         <name>uart2echo.o</name>
      </input_file>
      <input_file id="fl-3">
         <path>C:\Users\scgla\cs350\uart2echo_CC3220S_LAUNCHXL_nortos_ticlang\MCU+Image\.\syscfg\</path>
         <kind>object</kind>
         <file>ti_drivers_config.o</file>
         <name>ti_drivers_config.o</name>
      </input_file>
      <input_file id="fl-13">
         <path>C:\Users\scgla\cs350\uart2echo_CC3220S_LAUNCHXL_nortos_ticlang\MCU+Image\</path>
         <kind>object</kind>
         <file>&lt;internal&gt;</file>
         <name>&lt;internal&gt;</name>
      </input_file>
      <input_file id="fl-14">
         <path>C:\ti\simplelink_cc32xx_sdk_7_10_00_13\source\ti\drivers\lib\ticlang\m4\</path>
         <kind>archive</kind>
         <file>drivers_cc32xx.a</file>
         <name>GPIOCC32XX.c.obj</name>
      </input_file>
      <input_file id="fl-15">
         <path>C:\ti\simplelink_cc32xx_sdk_7_10_00_13\source\ti\drivers\lib\ticlang\m4\</path>
         <kind>archive</kind>
         <file>drivers_cc32xx.a</file>
         <name>PowerCC32XX.c.obj</name>
      </input_file>
      <input_file id="fl-16">
         <path>C:\ti\simplelink_cc32xx_sdk_7_10_00_13\source\ti\drivers\lib\ticlang\m4\</path>
         <kind>archive</kind>
         <file>drivers_cc32xx.a</file>
         <name>PowerCC32XX_ticlang.asm.obj</name>
      </input_file>
      <input_file id="fl-17">
         <path>C:\ti\simplelink_cc32xx_sdk_7_10_00_13\source\ti\drivers\lib\ticlang\m4\</path>
         <kind>archive</kind>
         <file>drivers_cc32xx.a</file>
         <name>UART2.c.obj</name>
      </input_file>
      <input_file id="fl-18">
         <path>C:\ti\simplelink_cc32xx_sdk_7_10_00_13\source\ti\drivers\lib\ticlang\m4\</path>
         <kind>archive</kind>
         <file>drivers_cc32xx.a</file>
         <name>UART2CC32XX.c.obj</name>
      </input_file>
      <input_file id="fl-19">
         <path>C:\ti\simplelink_cc32xx_sdk_7_10_00_13\source\ti\drivers\lib\ticlang\m4\</path>
         <kind>archive</kind>
         <file>drivers_cc32xx.a</file>
         <name>List.c.obj</name>
      </input_file>
      <input_file id="fl-1a">
         <path>C:\ti\simplelink_cc32xx_sdk_7_10_00_13\source\ti\drivers\lib\ticlang\m4\</path>
         <kind>archive</kind>
         <file>drivers_cc32xx.a</file>
         <name>RingBuf.c.obj</name>
      </input_file>
      <input_file id="fl-1b">
         <path>C:\ti\simplelink_cc32xx_sdk_7_10_00_13\source\ti\drivers\lib\ticlang\m4\</path>
         <kind>archive</kind>
         <file>drivers_cc32xx.a</file>
         <name>UDMACC32XX.c.obj</name>
      </input_file>
      <input_file id="fl-1c">
         <path>C:\ti\simplelink_cc32xx_sdk_7_10_00_13\kernel\nortos\lib\ticlang\m4\</path>
         <kind>archive</kind>
         <file>nortos_cc32xx.a</file>
         <name>NoRTOS.c.obj</name>
      </input_file>
      <input_file id="fl-1d">
         <path>C:\ti\simplelink_cc32xx_sdk_7_10_00_13\kernel\nortos\lib\ticlang\m4\</path>
         <kind>archive</kind>
         <file>nortos_cc32xx.a</file>
         <name>SemaphoreP_nortos.c.obj</name>
      </input_file>
      <input_file id="fl-1e">
         <path>C:\ti\simplelink_cc32xx_sdk_7_10_00_13\kernel\nortos\lib\ticlang\m4\</path>
         <kind>archive</kind>
         <file>nortos_cc32xx.a</file>
         <name>ClockPSysTick_nortos.c.obj</name>
      </input_file>
      <input_file id="fl-1f">
         <path>C:\ti\simplelink_cc32xx_sdk_7_10_00_13\kernel\nortos\lib\ticlang\m4\</path>
         <kind>archive</kind>
         <file>nortos_cc32xx.a</file>
         <name>HwiPCC32XX_nortos.c.obj</name>
      </input_file>
      <input_file id="fl-20">
         <path>C:\ti\simplelink_cc32xx_sdk_7_10_00_13\kernel\nortos\lib\ticlang\m4\</path>
         <kind>archive</kind>
         <file>nortos_cc32xx.a</file>
         <name>PowerCC32XX_nortos.c.obj</name>
      </input_file>
      <input_file id="fl-21">
         <path>C:\ti\simplelink_cc32xx_sdk_7_10_00_13\kernel\nortos\lib\ticlang\m4\</path>
         <kind>archive</kind>
         <file>nortos_cc32xx.a</file>
         <name>startup_cc32xx_ticlang.c.obj</name>
      </input_file>
      <input_file id="fl-22">
         <path>C:\ti\simplelink_cc32xx_sdk_7_10_00_13\kernel\nortos\lib\ticlang\m4\</path>
         <kind>archive</kind>
         <file>nortos_cc32xx.a</file>
         <name>SwiP_nortos.c.obj</name>
      </input_file>
      <input_file id="fl-23">
         <path>C:\ti\simplelink_cc32xx_sdk_7_10_00_13\source\ti\devices\cc32xx\driverlib\ticlang\Release\</path>
         <kind>archive</kind>
         <file>driverlib.a</file>
         <name>cpu.obj</name>
      </input_file>
      <input_file id="fl-24">
         <path>C:\ti\simplelink_cc32xx_sdk_7_10_00_13\source\ti\devices\cc32xx\driverlib\ticlang\Release\</path>
         <kind>archive</kind>
         <file>driverlib.a</file>
         <name>gpio.obj</name>
      </input_file>
      <input_file id="fl-25">
         <path>C:\ti\simplelink_cc32xx_sdk_7_10_00_13\source\ti\devices\cc32xx\driverlib\ticlang\Release\</path>
         <kind>archive</kind>
         <file>driverlib.a</file>
         <name>hwspinlock.obj</name>
      </input_file>
      <input_file id="fl-26">
         <path>C:\ti\simplelink_cc32xx_sdk_7_10_00_13\source\ti\devices\cc32xx\driverlib\ticlang\Release\</path>
         <kind>archive</kind>
         <file>driverlib.a</file>
         <name>interrupt.obj</name>
      </input_file>
      <input_file id="fl-27">
         <path>C:\ti\simplelink_cc32xx_sdk_7_10_00_13\source\ti\devices\cc32xx\driverlib\ticlang\Release\</path>
         <kind>archive</kind>
         <file>driverlib.a</file>
         <name>pin.obj</name>
      </input_file>
      <input_file id="fl-28">
         <path>C:\ti\simplelink_cc32xx_sdk_7_10_00_13\source\ti\devices\cc32xx\driverlib\ticlang\Release\</path>
         <kind>archive</kind>
         <file>driverlib.a</file>
         <name>prcm.obj</name>
      </input_file>
      <input_file id="fl-29">
         <path>C:\ti\simplelink_cc32xx_sdk_7_10_00_13\source\ti\devices\cc32xx\driverlib\ticlang\Release\</path>
         <kind>archive</kind>
         <file>driverlib.a</file>
         <name>spi.obj</name>
      </input_file>
      <input_file id="fl-2a">
         <path>C:\ti\simplelink_cc32xx_sdk_7_10_00_13\source\ti\devices\cc32xx\driverlib\ticlang\Release\</path>
         <kind>archive</kind>
         <file>driverlib.a</file>
         <name>systick.obj</name>
      </input_file>
      <input_file id="fl-2b">
         <path>C:\ti\simplelink_cc32xx_sdk_7_10_00_13\source\ti\devices\cc32xx\driverlib\ticlang\Release\</path>
         <kind>archive</kind>
         <file>driverlib.a</file>
         <name>uart.obj</name>
      </input_file>
      <input_file id="fl-2c">
         <path>C:\ti\simplelink_cc32xx_sdk_7_10_00_13\source\ti\devices\cc32xx\driverlib\ticlang\Release\</path>
         <kind>archive</kind>
         <file>driverlib.a</file>
         <name>udma.obj</name>
      </input_file>
      <input_file id="fl-2d">
         <path>C:\ti\simplelink_cc32xx_sdk_7_10_00_13\source\ti\devices\cc32xx\driverlib\ticlang\Release\</path>
         <kind>archive</kind>
         <file>driverlib.a</file>
         <name>utils.obj</name>
      </input_file>
      <input_file id="fl-2e">
         <path>C:\ti\simplelink_cc32xx_sdk_7_10_00_13\source\ti\devices\cc32xx\driverlib\ticlang\Release\</path>
         <kind>archive</kind>
         <file>driverlib.a</file>
         <name>flash.obj</name>
      </input_file>
      <input_file id="fl-3d">
         <path>C:\ti\ccs1280\ccs\tools\compiler\ti-cgt-armllvm_3.2.2.LTS\lib\armv7em-ti-none-eabi\c\</path>
         <kind>archive</kind>
         <file>libc.a</file>
         <name>memory.c.obj</name>
      </input_file>
      <input_file id="fl-3e">
         <path>C:\ti\ccs1280\ccs\tools\compiler\ti-cgt-armllvm_3.2.2.LTS\lib\armv7em-ti-none-eabi\c\</path>
         <kind>archive</kind>
         <file>libc.a</file>
         <name>boot_cortex_m.c.obj</name>
      </input_file>
      <input_file id="fl-3f">
         <path>C:\ti\ccs1280\ccs\tools\compiler\ti-cgt-armllvm_3.2.2.LTS\lib\armv7em-ti-none-eabi\c\</path>
         <kind>archive</kind>
         <file>libc.a</file>
         <name>mathacl_init.c.obj</name>
      </input_file>
      <input_file id="fl-40">
         <path>C:\ti\ccs1280\ccs\tools\compiler\ti-cgt-armllvm_3.2.2.LTS\lib\armv7em-ti-none-eabi\c\</path>
         <kind>archive</kind>
         <file>libc.a</file>
         <name>autoinit.c.obj</name>
      </input_file>
      <input_file id="fl-41">
         <path>C:\ti\ccs1280\ccs\tools\compiler\ti-cgt-armllvm_3.2.2.LTS\lib\armv7em-ti-none-eabi\c\</path>
         <kind>archive</kind>
         <file>libc.a</file>
         <name>pre_init.c.obj</name>
      </input_file>
      <input_file id="fl-42">
         <path>C:\ti\ccs1280\ccs\tools\compiler\ti-cgt-armllvm_3.2.2.LTS\lib\armv7em-ti-none-eabi\c\</path>
         <kind>archive</kind>
         <file>libc.a</file>
         <name>cpy_tbl.c.obj</name>
      </input_file>
      <input_file id="fl-43">
         <path>C:\ti\ccs1280\ccs\tools\compiler\ti-cgt-armllvm_3.2.2.LTS\lib\armv7em-ti-none-eabi\c\</path>
         <kind>archive</kind>
         <file>libc.a</file>
         <name>copy_zero_init.c.obj</name>
      </input_file>
      <input_file id="fl-44">
         <path>C:\ti\ccs1280\ccs\tools\compiler\ti-cgt-armllvm_3.2.2.LTS\lib\armv7em-ti-none-eabi\c\</path>
         <kind>archive</kind>
         <file>libc.a</file>
         <name>copy_decompress_none.c.obj</name>
      </input_file>
      <input_file id="fl-45">
         <path>C:\ti\ccs1280\ccs\tools\compiler\ti-cgt-armllvm_3.2.2.LTS\lib\armv7em-ti-none-eabi\c\</path>
         <kind>archive</kind>
         <file>libc.a</file>
         <name>copy_decompress_lzss.c.obj</name>
      </input_file>
      <input_file id="fl-46">
         <path>C:\ti\ccs1280\ccs\tools\compiler\ti-cgt-armllvm_3.2.2.LTS\lib\armv7em-ti-none-eabi\c\</path>
         <kind>archive</kind>
         <file>libc.a</file>
         <name>exit.c.obj</name>
      </input_file>
      <input_file id="fl-47">
         <path>C:\ti\ccs1280\ccs\tools\compiler\ti-cgt-armllvm_3.2.2.LTS\lib\armv7em-ti-none-eabi\c\</path>
         <kind>archive</kind>
         <file>libc.a</file>
         <name>_lock.c.obj</name>
      </input_file>
      <input_file id="fl-48">
         <path>C:\ti\ccs1280\ccs\tools\compiler\ti-cgt-armllvm_3.2.2.LTS\lib\armv7em-ti-none-eabi\c\</path>
         <kind>archive</kind>
         <file>libc.a</file>
         <name>args_main.c.obj</name>
      </input_file>
      <input_file id="fl-ae">
         <path>C:\ti\ccs1280\ccs\tools\compiler\ti-cgt-armllvm_3.2.2.LTS\lib\clang\15.0.7\lib\armv7em-ti-none-eabi\</path>
         <kind>archive</kind>
         <file>libclang_rt.builtins.a</file>
         <name>aeabi_memcpy.S.obj</name>
      </input_file>
      <input_file id="fl-af">
         <path>C:\ti\ccs1280\ccs\tools\compiler\ti-cgt-armllvm_3.2.2.LTS\lib\clang\15.0.7\lib\armv7em-ti-none-eabi\</path>
         <kind>archive</kind>
         <file>libclang_rt.builtins.a</file>
         <name>aeabi_memset.S.obj</name>
      </input_file>
      <input_file id="fl-b0">
         <path>C:\ti\ccs1280\ccs\tools\compiler\ti-cgt-armllvm_3.2.2.LTS\lib\clang\15.0.7\lib\armv7em-ti-none-eabi\</path>
         <kind>archive</kind>
         <file>libclang_rt.builtins.a</file>
         <name>aeabi_uldivmod.S.obj</name>
      </input_file>
      <input_file id="fl-b1">
         <path>C:\ti\ccs1280\ccs\tools\compiler\ti-cgt-armllvm_3.2.2.LTS\lib\clang\15.0.7\lib\armv7em-ti-none-eabi\</path>
         <kind>archive</kind>
         <file>libclang_rt.builtins.a</file>
         <name>udivmoddi4.S.obj</name>
      </input_file>
      <input_file id="fl-b2">
         <path>C:\ti\ccs1280\ccs\tools\compiler\ti-cgt-armllvm_3.2.2.LTS\lib\clang\15.0.7\lib\armv7em-ti-none-eabi\</path>
         <kind>archive</kind>
         <file>libclang_rt.builtins.a</file>
         <name>aeabi_div0.c.obj</name>
      </input_file>
      <input_file id="fl-b3">
         <path>C:\ti\ccs1280\ccs\tools\compiler\ti-cgt-armllvm_3.2.2.LTS\lib\armv7em-ti-none-eabi\c\</path>
         <kind>archive</kind>
         <file>libc.a</file>
         <name>memcpy_t2.S.obj</name>
      </input_file>
      <input_file id="fl-b4">
         <path>C:\ti\ccs1280\ccs\tools\compiler\ti-cgt-armllvm_3.2.2.LTS\lib\armv7em-ti-none-eabi\c\</path>
         <kind>archive</kind>
         <file>libc.a</file>
         <name>memset_t2.S.obj</name>
      </input_file>
   </input_file_list>
   <object_component_list>
      <object_component id="oc-d0">
         <name>.text.PRCMCC3200MCUInit</name>
         <load_address>0x2000c040</load_address>
         <readonly>true</readonly>
         <executable>true</executable>
         <run_address>0x2000c040</run_address>
         <size>0x4b8</size>
         <alignment>0x2</alignment>
         <input_file_ref idref="fl-28"/>
      </object_component>
      <object_component id="oc-208">
         <name>.text.Power_sleep</name>
         <load_address>0x2000c4f8</load_address>
         <readonly>true</readonly>
         <executable>true</executable>
         <run_address>0x2000c4f8</run_address>
         <size>0x3e4</size>
         <alignment>0x4</alignment>
         <input_file_ref idref="fl-15"/>
      </object_component>
      <object_component id="oc-167">
         <name>.text.UART2CC32XX_hwiIntFxn</name>
         <load_address>0x2000c8dc</load_address>
         <readonly>true</readonly>
         <executable>true</executable>
         <run_address>0x2000c8dc</run_address>
         <size>0x222</size>
         <alignment>0x2</alignment>
         <input_file_ref idref="fl-18"/>
      </object_component>
      <object_component id="oc-16b">
         <name>.text.UART2_readTimeout</name>
         <load_address>0x2000cafe</load_address>
         <readonly>true</readonly>
         <executable>true</executable>
         <run_address>0x2000cafe</run_address>
         <size>0x1d2</size>
         <alignment>0x2</alignment>
         <input_file_ref idref="fl-17"/>
      </object_component>
      <object_component id="oc-f1">
         <name>.text.UART2_open</name>
         <load_address>0x2000ccd0</load_address>
         <readonly>true</readonly>
         <executable>true</executable>
         <run_address>0x2000ccd0</run_address>
         <size>0x1cc</size>
         <alignment>0x4</alignment>
         <input_file_ref idref="fl-18"/>
      </object_component>
      <object_component id="oc-1ec">
         <name>.text.UART2_writeTimeoutBlocking</name>
         <load_address>0x2000ce9c</load_address>
         <readonly>true</readonly>
         <executable>true</executable>
         <run_address>0x2000ce9c</run_address>
         <size>0x174</size>
         <alignment>0x2</alignment>
         <input_file_ref idref="fl-17"/>
      </object_component>
      <object_component id="oc-187">
         <name>.text.PowerCC32XX_sleepPolicy</name>
         <load_address>0x2000d010</load_address>
         <readonly>true</readonly>
         <executable>true</executable>
         <run_address>0x2000d010</run_address>
         <size>0x150</size>
         <alignment>0x4</alignment>
         <input_file_ref idref="fl-20"/>
      </object_component>
      <object_component id="oc-eb">
         <name>.text.GPIO_setConfig</name>
         <load_address>0x2000d160</load_address>
         <readonly>true</readonly>
         <executable>true</executable>
         <run_address>0x2000d160</run_address>
         <size>0x140</size>
         <alignment>0x4</alignment>
         <input_file_ref idref="fl-14"/>
      </object_component>
      <object_component id="oc-217">
         <name>.text.aligned_alloc</name>
         <load_address>0x2000d2a0</load_address>
         <readonly>true</readonly>
         <executable>true</executable>
         <run_address>0x2000d2a0</run_address>
         <size>0x120</size>
         <alignment>0x4</alignment>
         <input_file_ref idref="fl-3d"/>
      </object_component>
      <object_component id="oc-1eb">
         <name>.text.UART2_writeTimeoutNonblocking</name>
         <load_address>0x2000d3c0</load_address>
         <readonly>true</readonly>
         <executable>true</executable>
         <run_address>0x2000d3c0</run_address>
         <size>0x11a</size>
         <alignment>0x2</alignment>
         <input_file_ref idref="fl-17"/>
      </object_component>
      <object_component id="oc-232">
         <name>.text.uDMAChannelTransferSet</name>
         <load_address>0x2000d4da</load_address>
         <readonly>true</readonly>
         <executable>true</executable>
         <run_address>0x2000d4da</run_address>
         <size>0x112</size>
         <alignment>0x2</alignment>
         <input_file_ref idref="fl-2c"/>
      </object_component>
      <object_component id="oc-18e">
         <name>.text.free</name>
         <load_address>0x2000d5ec</load_address>
         <readonly>true</readonly>
         <executable>true</executable>
         <run_address>0x2000d5ec</run_address>
         <size>0xf0</size>
         <alignment>0x4</alignment>
         <input_file_ref idref="fl-3d"/>
      </object_component>
      <object_component id="oc-b0">
         <name>.text.mainThread</name>
         <load_address>0x2000d6dc</load_address>
         <readonly>true</readonly>
         <executable>true</executable>
         <run_address>0x2000d6dc</run_address>
         <size>0xec</size>
         <alignment>0x4</alignment>
         <input_file_ref idref="fl-2"/>
      </object_component>
      <object_component id="oc-162">
         <name>.text.UART2_close</name>
         <load_address>0x2000d7c8</load_address>
         <readonly>true</readonly>
         <executable>true</executable>
         <run_address>0x2000d7c8</run_address>
         <size>0xe8</size>
         <alignment>0x4</alignment>
         <input_file_ref idref="fl-18"/>
      </object_component>
      <object_component id="oc-1e7">
         <name>.text.UART2Support_dmaStartRx</name>
         <load_address>0x2000d8b0</load_address>
         <readonly>true</readonly>
         <executable>true</executable>
         <run_address>0x2000d8b0</run_address>
         <size>0xcc</size>
         <alignment>0x4</alignment>
         <input_file_ref idref="fl-18"/>
      </object_component>
      <object_component id="oc-225">
         <name>.text.IntDisable</name>
         <load_address>0x2000d97c</load_address>
         <readonly>true</readonly>
         <executable>true</executable>
         <run_address>0x2000d97c</run_address>
         <size>0xc8</size>
         <alignment>0x2</alignment>
         <input_file_ref idref="fl-26"/>
      </object_component>
      <object_component id="oc-1cf">
         <name>.text.IntEnable</name>
         <load_address>0x2000da44</load_address>
         <readonly>true</readonly>
         <executable>true</executable>
         <run_address>0x2000da44</run_address>
         <size>0xc8</size>
         <alignment>0x2</alignment>
         <input_file_ref idref="fl-26"/>
      </object_component>
      <object_component id="oc-15e">
         <name>.text.UART2CC32XX_initHw</name>
         <load_address>0x2000db0c</load_address>
         <readonly>true</readonly>
         <executable>true</executable>
         <run_address>0x2000db0c</run_address>
         <size>0xc4</size>
         <alignment>0x4</alignment>
         <input_file_ref idref="fl-18"/>
      </object_component>
      <object_component id="oc-1ea">
         <name>.text.UART2Support_dmaStartTx</name>
         <load_address>0x2000dbd0</load_address>
         <readonly>true</readonly>
         <executable>true</executable>
         <run_address>0x2000dbd0</run_address>
         <size>0xb8</size>
         <alignment>0x4</alignment>
         <input_file_ref idref="fl-18"/>
      </object_component>
      <object_component id="oc-242">
         <name>.text</name>
         <load_address>0x2000dc88</load_address>
         <readonly>true</readonly>
         <executable>true</executable>
         <run_address>0x2000dc88</run_address>
         <size>0xb0</size>
         <alignment>0x4</alignment>
         <input_file_ref idref="fl-b1"/>
      </object_component>
      <object_component id="oc-1a7">
         <name>.text.GPIOIntTypeSet</name>
         <load_address>0x2000dd38</load_address>
         <readonly>true</readonly>
         <executable>true</executable>
         <run_address>0x2000dd38</run_address>
         <size>0xac</size>
         <alignment>0x2</alignment>
         <input_file_ref idref="fl-24"/>
      </object_component>
      <object_component id="oc-277">
         <name>.text.IntPendSet</name>
         <load_address>0x2000dde4</load_address>
         <readonly>true</readonly>
         <executable>true</executable>
         <run_address>0x2000dde4</run_address>
         <size>0xa4</size>
         <alignment>0x2</alignment>
         <input_file_ref idref="fl-26"/>
      </object_component>
      <object_component id="oc-13a">
         <name>.text.PinConfigSet</name>
         <load_address>0x2000de88</load_address>
         <readonly>true</readonly>
         <executable>true</executable>
         <run_address>0x2000de88</run_address>
         <size>0xa2</size>
         <alignment>0x2</alignment>
         <input_file_ref idref="fl-27"/>
      </object_component>
      <object_component id="oc-e0">
         <name>.text.Board_initHook</name>
         <load_address>0x2000df2a</load_address>
         <readonly>true</readonly>
         <executable>true</executable>
         <run_address>0x2000df2a</run_address>
         <size>0x2</size>
         <alignment>0x2</alignment>
         <input_file_ref idref="fl-3"/>
      </object_component>
      <object_component id="oc-12c">
         <name>.text.SemaphoreP_pend</name>
         <load_address>0x2000df2c</load_address>
         <readonly>true</readonly>
         <executable>true</executable>
         <run_address>0x2000df2c</run_address>
         <size>0x98</size>
         <alignment>0x4</alignment>
         <input_file_ref idref="fl-1d"/>
      </object_component>
      <object_component id="oc-259">
         <name>.text.CPUwfi</name>
         <load_address>0x2000dfc4</load_address>
         <readonly>true</readonly>
         <executable>true</executable>
         <run_address>0x2000dfc4</run_address>
         <size>0xc</size>
         <alignment>0x2</alignment>
         <input_file_ref idref="fl-23"/>
      </object_component>
      <object_component id="oc-24e">
         <name>.text</name>
         <load_address>0x2000dfd0</load_address>
         <readonly>true</readonly>
         <executable>true</executable>
         <run_address>0x2000dfd0</run_address>
         <size>0x96</size>
         <alignment>0x10</alignment>
         <input_file_ref idref="fl-16"/>
      </object_component>
      <object_component id="oc-1c8">
         <name>.text.uDMAChannelAttributeDisable</name>
         <load_address>0x2000e066</load_address>
         <readonly>true</readonly>
         <executable>true</executable>
         <run_address>0x2000e066</run_address>
         <size>0x92</size>
         <alignment>0x2</alignment>
         <input_file_ref idref="fl-2c"/>
      </object_component>
      <object_component id="oc-da">
         <name>.text.GPIO_init</name>
         <load_address>0x2000e0f8</load_address>
         <readonly>true</readonly>
         <executable>true</executable>
         <run_address>0x2000e0f8</run_address>
         <size>0x90</size>
         <alignment>0x4</alignment>
         <input_file_ref idref="fl-14"/>
      </object_component>
      <object_component id="oc-10b">
         <name>.text.PRCMSysResetCauseGet</name>
         <load_address>0x2000e188</load_address>
         <readonly>true</readonly>
         <executable>true</executable>
         <run_address>0x2000e188</run_address>
         <size>0x8e</size>
         <alignment>0x2</alignment>
         <input_file_ref idref="fl-28"/>
      </object_component>
      <object_component id="oc-182">
         <name>.text.PowerCC32XX_initPolicy</name>
         <load_address>0x2000e216</load_address>
         <readonly>true</readonly>
         <executable>true</executable>
         <run_address>0x2000e216</run_address>
         <size>0x2</size>
         <alignment>0x2</alignment>
         <input_file_ref idref="fl-20"/>
      </object_component>
      <object_component id="oc-11d">
         <name>.text.PowerCC32XX_configureWakeup</name>
         <load_address>0x2000e218</load_address>
         <readonly>true</readonly>
         <executable>true</executable>
         <run_address>0x2000e218</run_address>
         <size>0x88</size>
         <alignment>0x4</alignment>
         <input_file_ref idref="fl-15"/>
      </object_component>
      <object_component id="oc-d5">
         <name>.text.Power_init</name>
         <load_address>0x2000e2a0</load_address>
         <readonly>true</readonly>
         <executable>true</executable>
         <run_address>0x2000e2a0</run_address>
         <size>0x78</size>
         <alignment>0x4</alignment>
         <input_file_ref idref="fl-15"/>
      </object_component>
      <object_component id="oc-160">
         <name>.text.HwiP_construct</name>
         <load_address>0x2000e318</load_address>
         <readonly>true</readonly>
         <executable>true</executable>
         <run_address>0x2000e318</run_address>
         <size>0x74</size>
         <alignment>0x4</alignment>
         <input_file_ref idref="fl-1f"/>
      </object_component>
      <object_component id="oc-17f">
         <name>.text.PRCMHibernateWakeUpGPIOSelect</name>
         <load_address>0x2000e38c</load_address>
         <readonly>true</readonly>
         <executable>true</executable>
         <run_address>0x2000e38c</run_address>
         <size>0x74</size>
         <alignment>0x2</alignment>
         <input_file_ref idref="fl-28"/>
      </object_component>
      <object_component id="oc-1bd">
         <name>.text.UARTConfigSetExpClk</name>
         <load_address>0x2000e400</load_address>
         <readonly>true</readonly>
         <executable>true</executable>
         <run_address>0x2000e400</run_address>
         <size>0x74</size>
         <alignment>0x2</alignment>
         <input_file_ref idref="fl-2b"/>
      </object_component>
      <object_component id="oc-18">
         <name>.text:decompress:lzss</name>
         <load_address>0x2000e474</load_address>
         <readonly>true</readonly>
         <executable>true</executable>
         <run_address>0x2000e474</run_address>
         <size>0x70</size>
         <alignment>0x2</alignment>
         <input_file_ref idref="fl-45"/>
      </object_component>
      <object_component id="oc-24c">
         <name>.text.PinLockLevelSet</name>
         <load_address>0x2000e4e4</load_address>
         <readonly>true</readonly>
         <executable>true</executable>
         <run_address>0x2000e4e4</run_address>
         <size>0x6c</size>
         <alignment>0x2</alignment>
         <input_file_ref idref="fl-27"/>
      </object_component>
      <object_component id="oc-13b">
         <name>.text.Power_setDependency</name>
         <load_address>0x2000e550</load_address>
         <readonly>true</readonly>
         <executable>true</executable>
         <run_address>0x2000e550</run_address>
         <size>0x6c</size>
         <alignment>0x4</alignment>
         <input_file_ref idref="fl-15"/>
      </object_component>
      <object_component id="oc-15c">
         <name>.text.UDMACC32XX_open</name>
         <load_address>0x2000e5bc</load_address>
         <readonly>true</readonly>
         <executable>true</executable>
         <run_address>0x2000e5bc</run_address>
         <size>0x6c</size>
         <alignment>0x4</alignment>
         <input_file_ref idref="fl-1b"/>
      </object_component>
      <object_component id="oc-133">
         <name>.text.powerNotifyFxn</name>
         <load_address>0x2000e628</load_address>
         <readonly>true</readonly>
         <executable>true</executable>
         <run_address>0x2000e628</run_address>
         <size>0x6c</size>
         <alignment>0x4</alignment>
         <input_file_ref idref="fl-14"/>
      </object_component>
      <object_component id="oc-25c">
         <name>.text.split</name>
         <load_address>0x2000e694</load_address>
         <readonly>true</readonly>
         <executable>true</executable>
         <run_address>0x2000e694</run_address>
         <size>0x6c</size>
         <alignment>0x4</alignment>
         <input_file_ref idref="fl-3d"/>
      </object_component>
      <object_component id="oc-113">
         <name>.text.PRCMPeripheralReset</name>
         <load_address>0x2000e700</load_address>
         <readonly>true</readonly>
         <executable>true</executable>
         <run_address>0x2000e700</run_address>
         <size>0x6a</size>
         <alignment>0x2</alignment>
         <input_file_ref idref="fl-28"/>
      </object_component>
      <object_component id="oc-1cc">
         <name>.text.IntPendClear</name>
         <load_address>0x2000e76a</load_address>
         <readonly>true</readonly>
         <executable>true</executable>
         <run_address>0x2000e76a</run_address>
         <size>0x68</size>
         <alignment>0x2</alignment>
         <input_file_ref idref="fl-26"/>
      </object_component>
      <object_component id="oc-1d9">
         <name>.text.SemaphoreP_destruct</name>
         <load_address>0x2000e7d2</load_address>
         <readonly>true</readonly>
         <executable>true</executable>
         <run_address>0x2000e7d2</run_address>
         <size>0x2</size>
         <alignment>0x2</alignment>
         <input_file_ref idref="fl-1d"/>
      </object_component>
      <object_component id="oc-f7">
         <name>.text.GPIO_write</name>
         <load_address>0x2000e7d4</load_address>
         <readonly>true</readonly>
         <executable>true</executable>
         <run_address>0x2000e7d4</run_address>
         <size>0x60</size>
         <alignment>0x4</alignment>
         <input_file_ref idref="fl-14"/>
      </object_component>
      <object_component id="oc-1e9">
         <name>.text.UART2Support_dmaStopTx</name>
         <load_address>0x2000e834</load_address>
         <readonly>true</readonly>
         <executable>true</executable>
         <run_address>0x2000e834</run_address>
         <size>0x60</size>
         <alignment>0x2</alignment>
         <input_file_ref idref="fl-18"/>
      </object_component>
      <object_component id="oc-272">
         <name>.text.FlashDisable</name>
         <load_address>0x2000e894</load_address>
         <readonly>true</readonly>
         <executable>true</executable>
         <run_address>0x2000e894</run_address>
         <size>0x5c</size>
         <alignment>0x2</alignment>
         <input_file_ref idref="fl-2e"/>
      </object_component>
      <object_component id="oc-181">
         <name>.text.PRCMHibernateWakeupSourceDisable</name>
         <load_address>0x2000e8f0</load_address>
         <readonly>true</readonly>
         <executable>true</executable>
         <run_address>0x2000e8f0</run_address>
         <size>0x5c</size>
         <alignment>0x2</alignment>
         <input_file_ref idref="fl-28"/>
      </object_component>
      <object_component id="oc-112">
         <name>.text.PRCMPeripheralClkEnable</name>
         <load_address>0x2000e94c</load_address>
         <readonly>true</readonly>
         <executable>true</executable>
         <run_address>0x2000e94c</run_address>
         <size>0x5a</size>
         <alignment>0x2</alignment>
         <input_file_ref idref="fl-28"/>
      </object_component>
      <object_component id="oc-165">
         <name>.text.UART2CC32XX_eventCallback</name>
         <load_address>0x2000e9a6</load_address>
         <readonly>true</readonly>
         <executable>true</executable>
         <run_address>0x2000e9a6</run_address>
         <size>0x2</size>
         <alignment>0x2</alignment>
         <input_file_ref idref="fl-18"/>
      </object_component>
      <object_component id="oc-222">
         <name>.text.ClockP_startup</name>
         <load_address>0x2000e9a8</load_address>
         <readonly>true</readonly>
         <executable>true</executable>
         <run_address>0x2000e9a8</run_address>
         <size>0x58</size>
         <alignment>0x4</alignment>
         <input_file_ref idref="fl-1e"/>
      </object_component>
      <object_component id="oc-1ce">
         <name>.text.IntPrioritySet</name>
         <load_address>0x2000ea00</load_address>
         <readonly>true</readonly>
         <executable>true</executable>
         <run_address>0x2000ea00</run_address>
         <size>0x58</size>
         <alignment>0x2</alignment>
         <input_file_ref idref="fl-26"/>
      </object_component>
      <object_component id="oc-258">
         <name>.text.PRCMLPDSEnter</name>
         <load_address>0x2000ea58</load_address>
         <readonly>true</readonly>
         <executable>true</executable>
         <run_address>0x2000ea58</run_address>
         <size>0x56</size>
         <alignment>0x2</alignment>
         <input_file_ref idref="fl-28"/>
      </object_component>
      <object_component id="oc-266">
         <name>.text.__aeabi_ldiv0</name>
         <load_address>0x2000eaae</load_address>
         <readonly>true</readonly>
         <executable>true</executable>
         <run_address>0x2000eaae</run_address>
         <size>0x2</size>
         <alignment>0x2</alignment>
         <input_file_ref idref="fl-b2"/>
      </object_component>
      <object_component id="oc-1a1">
         <name>.text.PowerCC32XX_setParkState</name>
         <load_address>0x2000eab0</load_address>
         <readonly>true</readonly>
         <executable>true</executable>
         <run_address>0x2000eab0</run_address>
         <size>0x54</size>
         <alignment>0x4</alignment>
         <input_file_ref idref="fl-15"/>
      </object_component>
      <object_component id="oc-1dc">
         <name>.text.Power_releaseDependency</name>
         <load_address>0x2000eb04</load_address>
         <readonly>true</readonly>
         <executable>true</executable>
         <run_address>0x2000eb04</run_address>
         <size>0x54</size>
         <alignment>0x4</alignment>
         <input_file_ref idref="fl-15"/>
      </object_component>
      <object_component id="oc-149">
         <name>.text.GPIO_hwiIntFxn</name>
         <load_address>0x2000eb58</load_address>
         <readonly>true</readonly>
         <executable>true</executable>
         <run_address>0x2000eb58</run_address>
         <size>0x50</size>
         <alignment>0x4</alignment>
         <input_file_ref idref="fl-14"/>
      </object_component>
      <object_component id="oc-180">
         <name>.text.PRCMHibernateWakeupSourceEnable</name>
         <load_address>0x2000eba8</load_address>
         <readonly>true</readonly>
         <executable>true</executable>
         <run_address>0x2000eba8</run_address>
         <size>0x50</size>
         <alignment>0x2</alignment>
         <input_file_ref idref="fl-28"/>
      </object_component>
      <object_component id="oc-1d3">
         <name>.text.SemaphoreP_construct</name>
         <load_address>0x2000ebf8</load_address>
         <readonly>true</readonly>
         <executable>true</executable>
         <run_address>0x2000ebf8</run_address>
         <size>0x50</size>
         <alignment>0x4</alignment>
         <input_file_ref idref="fl-1d"/>
      </object_component>
      <object_component id="oc-1c7">
         <name>.text.uDMAChannelAssign</name>
         <load_address>0x2000ec48</load_address>
         <readonly>true</readonly>
         <executable>true</executable>
         <run_address>0x2000ec48</run_address>
         <size>0x4e</size>
         <alignment>0x2</alignment>
         <input_file_ref idref="fl-2c"/>
      </object_component>
      <object_component id="oc-16d">
         <name>.text._nop</name>
         <load_address>0x2000ec96</load_address>
         <readonly>true</readonly>
         <executable>true</executable>
         <run_address>0x2000ec96</run_address>
         <size>0x2</size>
         <alignment>0x2</alignment>
         <input_file_ref idref="fl-47"/>
      </object_component>
      <object_component id="oc-144">
         <name>.text.GPIO_setInterruptConfig</name>
         <load_address>0x2000ec98</load_address>
         <readonly>true</readonly>
         <executable>true</executable>
         <run_address>0x2000ec98</run_address>
         <size>0x4c</size>
         <alignment>0x4</alignment>
         <input_file_ref idref="fl-14"/>
      </object_component>
      <object_component id="oc-270">
         <name>.text.PRCMLPDSRestoreInfoSet</name>
         <load_address>0x2000ece4</load_address>
         <readonly>true</readonly>
         <executable>true</executable>
         <run_address>0x2000ece4</run_address>
         <size>0x4c</size>
         <alignment>0x2</alignment>
         <input_file_ref idref="fl-28"/>
      </object_component>
      <object_component id="oc-1e5">
         <name>.text.UART2Support_dmaStopRx</name>
         <load_address>0x2000ed30</load_address>
         <readonly>true</readonly>
         <executable>true</executable>
         <run_address>0x2000ed30</run_address>
         <size>0x4a</size>
         <alignment>0x2</alignment>
         <input_file_ref idref="fl-18"/>
      </object_component>
      <object_component id="oc-22c">
         <name>.text.uDMAChannelSizeGet</name>
         <load_address>0x2000ed7a</load_address>
         <readonly>true</readonly>
         <executable>true</executable>
         <run_address>0x2000ed7a</run_address>
         <size>0x4a</size>
         <alignment>0x2</alignment>
         <input_file_ref idref="fl-2c"/>
      </object_component>
      <object_component id="oc-58">
         <name>.text.ClockP_sysTickHandler</name>
         <load_address>0x2000edc4</load_address>
         <readonly>true</readonly>
         <executable>true</executable>
         <run_address>0x2000edc4</run_address>
         <size>0x48</size>
         <alignment>0x4</alignment>
         <input_file_ref idref="fl-1e"/>
      </object_component>
      <object_component id="oc-252">
         <name>.text.PRCMIntEnable</name>
         <load_address>0x2000ee0c</load_address>
         <readonly>true</readonly>
         <executable>true</executable>
         <run_address>0x2000ee0c</run_address>
         <size>0x48</size>
         <alignment>0x2</alignment>
         <input_file_ref idref="fl-28"/>
      </object_component>
      <object_component id="oc-1a3">
         <name>.text.PRCMPeripheralStatusGet</name>
         <load_address>0x2000ee54</load_address>
         <readonly>true</readonly>
         <executable>true</executable>
         <run_address>0x2000ee54</run_address>
         <size>0x48</size>
         <alignment>0x2</alignment>
         <input_file_ref idref="fl-28"/>
      </object_component>
      <object_component id="oc-26d">
         <name>.text.PinConfigGet</name>
         <load_address>0x2000ee9c</load_address>
         <readonly>true</readonly>
         <executable>true</executable>
         <run_address>0x2000ee9c</run_address>
         <size>0x48</size>
         <alignment>0x2</alignment>
         <input_file_ref idref="fl-27"/>
      </object_component>
      <object_component id="oc-16c">
         <name>.text.UART2_readFull</name>
         <load_address>0x2000eee4</load_address>
         <readonly>true</readonly>
         <executable>true</executable>
         <run_address>0x2000eee4</run_address>
         <size>0x48</size>
         <alignment>0x2</alignment>
         <input_file_ref idref="fl-17"/>
      </object_component>
      <object_component id="oc-257">
         <name>.text.PRCMLPDSEnterKeepDebugIf</name>
         <load_address>0x2000ef2c</load_address>
         <readonly>true</readonly>
         <executable>true</executable>
         <run_address>0x2000ef2c</run_address>
         <size>0x46</size>
         <alignment>0x2</alignment>
         <input_file_ref idref="fl-28"/>
      </object_component>
      <object_component id="oc-22a">
         <name>.text.RingBuf_put</name>
         <load_address>0x2000ef72</load_address>
         <readonly>true</readonly>
         <executable>true</executable>
         <run_address>0x2000ef72</run_address>
         <size>0x46</size>
         <alignment>0x2</alignment>
         <input_file_ref idref="fl-1a"/>
      </object_component>
      <object_component id="oc-13e">
         <name>.text.GPIODirModeSet</name>
         <load_address>0x2000efb8</load_address>
         <readonly>true</readonly>
         <executable>true</executable>
         <run_address>0x2000efb8</run_address>
         <size>0x44</size>
         <alignment>0x2</alignment>
         <input_file_ref idref="fl-24"/>
      </object_component>
      <object_component id="oc-1a8">
         <name>.text.GPIO_disableInt</name>
         <load_address>0x2000effc</load_address>
         <readonly>true</readonly>
         <executable>true</executable>
         <run_address>0x2000effc</run_address>
         <size>0x44</size>
         <alignment>0x4</alignment>
         <input_file_ref idref="fl-14"/>
      </object_component>
      <object_component id="oc-145">
         <name>.text.GPIO_enableInt</name>
         <load_address>0x2000f040</load_address>
         <readonly>true</readonly>
         <executable>true</executable>
         <run_address>0x2000f040</run_address>
         <size>0x44</size>
         <alignment>0x4</alignment>
         <input_file_ref idref="fl-14"/>
      </object_component>
      <object_component id="oc-1e8">
         <name>.text.Power_releaseConstraint</name>
         <load_address>0x2000f084</load_address>
         <readonly>true</readonly>
         <executable>true</executable>
         <run_address>0x2000f084</run_address>
         <size>0x44</size>
         <alignment>0x4</alignment>
         <input_file_ref idref="fl-15"/>
      </object_component>
      <object_component id="oc-7d">
         <name>.text.addToList</name>
         <load_address>0x2000f0c8</load_address>
         <readonly>true</readonly>
         <executable>true</executable>
         <run_address>0x2000f0c8</run_address>
         <size>0x44</size>
         <alignment>0x4</alignment>
         <input_file_ref idref="fl-1e"/>
      </object_component>
      <object_component id="oc-11a">
         <name>.text.PinModeSet</name>
         <load_address>0x2000f10c</load_address>
         <readonly>true</readonly>
         <executable>true</executable>
         <run_address>0x2000f10c</run_address>
         <size>0x42</size>
         <alignment>0x2</alignment>
         <input_file_ref idref="fl-27"/>
      </object_component>
      <object_component id="oc-1fd">
         <name>.text.getCountsRTC</name>
         <load_address>0x2000f14e</load_address>
         <readonly>true</readonly>
         <executable>true</executable>
         <run_address>0x2000f14e</run_address>
         <size>0x42</size>
         <alignment>0x2</alignment>
         <input_file_ref idref="fl-20"/>
      </object_component>
      <object_component id="oc-12e">
         <name>.text.SemaphoreP_post</name>
         <load_address>0x2000f190</load_address>
         <readonly>true</readonly>
         <executable>true</executable>
         <run_address>0x2000f190</run_address>
         <size>0x40</size>
         <alignment>0x4</alignment>
         <input_file_ref idref="fl-1d"/>
      </object_component>
      <object_component id="oc-231">
         <name>.text.uDMAChannelControlSet</name>
         <load_address>0x2000f1d0</load_address>
         <readonly>true</readonly>
         <executable>true</executable>
         <run_address>0x2000f1d0</run_address>
         <size>0x40</size>
         <alignment>0x2</alignment>
         <input_file_ref idref="fl-2c"/>
      </object_component>
      <object_component id="oc-26f">
         <name>.text.PinDirModeSet</name>
         <load_address>0x2000f210</load_address>
         <readonly>true</readonly>
         <executable>true</executable>
         <run_address>0x2000f210</run_address>
         <size>0x3e</size>
         <alignment>0x2</alignment>
         <input_file_ref idref="fl-27"/>
      </object_component>
      <object_component id="oc-57">
         <name>.text.busFaultHandler</name>
         <load_address>0x2000f24e</load_address>
         <readonly>true</readonly>
         <executable>true</executable>
         <run_address>0x2000f24e</run_address>
         <size>0x2</size>
         <alignment>0x2</alignment>
         <input_file_ref idref="fl-21"/>
      </object_component>
      <object_component id="oc-214">
         <name>.text.ClockP_stop</name>
         <load_address>0x2000f250</load_address>
         <readonly>true</readonly>
         <executable>true</executable>
         <run_address>0x2000f250</run_address>
         <size>0x3c</size>
         <alignment>0x4</alignment>
         <input_file_ref idref="fl-1e"/>
      </object_component>
      <object_component id="oc-157">
         <name>.text.UDMACC32XX_init</name>
         <load_address>0x2000f28c</load_address>
         <readonly>true</readonly>
         <executable>true</executable>
         <run_address>0x2000f28c</run_address>
         <size>0x3c</size>
         <alignment>0x4</alignment>
         <input_file_ref idref="fl-1b"/>
      </object_component>
      <object_component id="oc-194">
         <name>.text.ClockP_destruct</name>
         <load_address>0x2000f2c8</load_address>
         <readonly>true</readonly>
         <executable>true</executable>
         <run_address>0x2000f2c8</run_address>
         <size>0x38</size>
         <alignment>0x4</alignment>
         <input_file_ref idref="fl-1e"/>
      </object_component>
      <object_component id="oc-235">
         <name>.text.Power_setConstraint</name>
         <load_address>0x2000f300</load_address>
         <readonly>true</readonly>
         <executable>true</executable>
         <run_address>0x2000f300</run_address>
         <size>0x38</size>
         <alignment>0x4</alignment>
         <input_file_ref idref="fl-15"/>
      </object_component>
      <object_component id="oc-22e">
         <name>.text.RingBuf_putAdvance</name>
         <load_address>0x2000f338</load_address>
         <readonly>true</readonly>
         <executable>true</executable>
         <run_address>0x2000f338</run_address>
         <size>0x38</size>
         <alignment>0x2</alignment>
         <input_file_ref idref="fl-1a"/>
      </object_component>
      <object_component id="oc-20e">
         <name>.text.SwiP_restore</name>
         <load_address>0x2000f370</load_address>
         <readonly>true</readonly>
         <executable>true</executable>
         <run_address>0x2000f370</run_address>
         <size>0x38</size>
         <alignment>0x4</alignment>
         <input_file_ref idref="fl-22"/>
      </object_component>
      <object_component id="oc-1ee">
         <name>.text.UART2_rxEnable</name>
         <load_address>0x2000f3a8</load_address>
         <readonly>true</readonly>
         <executable>true</executable>
         <run_address>0x2000f3a8</run_address>
         <size>0x38</size>
         <alignment>0x2</alignment>
         <input_file_ref idref="fl-17"/>
      </object_component>
      <object_component id="oc-1da">
         <name>.text.UDMACC32XX_close</name>
         <load_address>0x2000f3e0</load_address>
         <readonly>true</readonly>
         <executable>true</executable>
         <run_address>0x2000f3e0</run_address>
         <size>0x38</size>
         <alignment>0x4</alignment>
         <input_file_ref idref="fl-1b"/>
      </object_component>
      <object_component id="oc-bd">
         <name>.text:__TI_auto_init_nobinit_nopinit</name>
         <load_address>0x2000f418</load_address>
         <readonly>true</readonly>
         <executable>true</executable>
         <run_address>0x2000f418</run_address>
         <size>0x38</size>
         <alignment>0x4</alignment>
         <input_file_ref idref="fl-40"/>
      </object_component>
      <object_component id="oc-24d">
         <name>.text.PinLock</name>
         <load_address>0x2000f450</load_address>
         <readonly>true</readonly>
         <executable>true</executable>
         <run_address>0x2000f450</run_address>
         <size>0x36</size>
         <alignment>0x2</alignment>
         <input_file_ref idref="fl-27"/>
      </object_component>
      <object_component id="oc-264">
         <name>.text.UARTCharPutNonBlocking</name>
         <load_address>0x2000f486</load_address>
         <readonly>true</readonly>
         <executable>true</executable>
         <run_address>0x2000f486</run_address>
         <size>0x36</size>
         <alignment>0x2</alignment>
         <input_file_ref idref="fl-2b"/>
      </object_component>
      <object_component id="oc-191">
         <name>.text.ClockP_start</name>
         <load_address>0x2000f4bc</load_address>
         <readonly>true</readonly>
         <executable>true</executable>
         <run_address>0x2000f4bc</run_address>
         <size>0x34</size>
         <alignment>0x4</alignment>
         <input_file_ref idref="fl-1e"/>
      </object_component>
      <object_component id="oc-26e">
         <name>.text.PinDirModeGet</name>
         <load_address>0x2000f4f0</load_address>
         <readonly>true</readonly>
         <executable>true</executable>
         <run_address>0x2000f4f0</run_address>
         <size>0x34</size>
         <alignment>0x2</alignment>
         <input_file_ref idref="fl-27"/>
      </object_component>
      <object_component id="oc-115">
         <name>.text.PinModeGet</name>
         <load_address>0x2000f524</load_address>
         <readonly>true</readonly>
         <executable>true</executable>
         <run_address>0x2000f524</run_address>
         <size>0x34</size>
         <alignment>0x2</alignment>
         <input_file_ref idref="fl-27"/>
      </object_component>
      <object_component id="oc-24b">
         <name>.text.PowerCC32XX_parkPin</name>
         <load_address>0x2000f558</load_address>
         <readonly>true</readonly>
         <executable>true</executable>
         <run_address>0x2000f558</run_address>
         <size>0x34</size>
         <alignment>0x2</alignment>
         <input_file_ref idref="fl-15"/>
      </object_component>
      <object_component id="oc-1d6">
         <name>.text.UART2_rxDisable</name>
         <load_address>0x2000f58c</load_address>
         <readonly>true</readonly>
         <executable>true</executable>
         <run_address>0x2000f58c</run_address>
         <size>0x34</size>
         <alignment>0x2</alignment>
         <input_file_ref idref="fl-17"/>
      </object_component>
      <object_component id="oc-4f">
         <name>.text.initVectors</name>
         <load_address>0x2000f5c0</load_address>
         <readonly>true</readonly>
         <executable>true</executable>
         <run_address>0x2000f5c0</run_address>
         <size>0x34</size>
         <alignment>0x4</alignment>
         <input_file_ref idref="fl-21"/>
      </object_component>
      <object_component id="oc-23b">
         <name>.text.UART2Support_enableInts</name>
         <load_address>0x2000f5f4</load_address>
         <readonly>true</readonly>
         <executable>true</executable>
         <run_address>0x2000f5f4</run_address>
         <size>0x32</size>
         <alignment>0x2</alignment>
         <input_file_ref idref="fl-18"/>
      </object_component>
      <object_component id="oc-195">
         <name>.text.clkFxn</name>
         <load_address>0x2000f626</load_address>
         <readonly>true</readonly>
         <executable>true</executable>
         <run_address>0x2000f626</run_address>
         <size>0x2</size>
         <alignment>0x2</alignment>
         <input_file_ref idref="fl-1d"/>
      </object_component>
      <object_component id="oc-1fa">
         <name>.text.ClockP_getTicksUntilInterrupt</name>
         <load_address>0x2000f628</load_address>
         <readonly>true</readonly>
         <executable>true</executable>
         <run_address>0x2000f628</run_address>
         <size>0x30</size>
         <alignment>0x4</alignment>
         <input_file_ref idref="fl-1e"/>
      </object_component>
      <object_component id="oc-207">
         <name>.text.PRCMLPDSIntervalSet</name>
         <load_address>0x2000f658</load_address>
         <readonly>true</readonly>
         <executable>true</executable>
         <run_address>0x2000f658</run_address>
         <size>0x30</size>
         <alignment>0x2</alignment>
         <input_file_ref idref="fl-28"/>
      </object_component>
      <object_component id="oc-241">
         <name>.text.PRCMSlowClkCtrFastGet</name>
         <load_address>0x2000f688</load_address>
         <readonly>true</readonly>
         <executable>true</executable>
         <run_address>0x2000f688</run_address>
         <size>0x30</size>
         <alignment>0x2</alignment>
         <input_file_ref idref="fl-28"/>
      </object_component>
      <object_component id="oc-249">
         <name>.text.notify</name>
         <load_address>0x2000f6b8</load_address>
         <readonly>true</readonly>
         <executable>true</executable>
         <run_address>0x2000f6b8</run_address>
         <size>0x30</size>
         <alignment>0x4</alignment>
         <input_file_ref idref="fl-15"/>
      </object_component>
      <object_component id="oc-1ab">
         <name>.text.GPIOIntStatus</name>
         <load_address>0x2000f6e8</load_address>
         <readonly>true</readonly>
         <executable>true</executable>
         <run_address>0x2000f6e8</run_address>
         <size>0x2e</size>
         <alignment>0x2</alignment>
         <input_file_ref idref="fl-24"/>
      </object_component>
      <object_component id="oc-1f0">
         <name>.text.RingBuf_getConsume</name>
         <load_address>0x2000f716</load_address>
         <readonly>true</readonly>
         <executable>true</executable>
         <run_address>0x2000f716</run_address>
         <size>0x2e</size>
         <alignment>0x2</alignment>
         <input_file_ref idref="fl-1a"/>
      </object_component>
      <object_component id="oc-230">
         <name>.text.RingBuf_putPointer</name>
         <load_address>0x2000f744</load_address>
         <readonly>true</readonly>
         <executable>true</executable>
         <run_address>0x2000f744</run_address>
         <size>0x2e</size>
         <alignment>0x2</alignment>
         <input_file_ref idref="fl-1a"/>
      </object_component>
      <object_component id="oc-1d7">
         <name>.text.UARTDisable</name>
         <load_address>0x2000f772</load_address>
         <readonly>true</readonly>
         <executable>true</executable>
         <run_address>0x2000f772</run_address>
         <size>0x2e</size>
         <alignment>0x2</alignment>
         <input_file_ref idref="fl-2b"/>
      </object_component>
      <object_component id="oc-1e2">
         <name>.text.UART2CC32XX_getRxData</name>
         <load_address>0x2000f7a0</load_address>
         <readonly>true</readonly>
         <executable>true</executable>
         <run_address>0x2000f7a0</run_address>
         <size>0x2c</size>
         <alignment>0x2</alignment>
         <input_file_ref idref="fl-18"/>
      </object_component>
      <object_component id="oc-13d">
         <name>.text.HwiP_create</name>
         <load_address>0x2000f7cc</load_address>
         <readonly>true</readonly>
         <executable>true</executable>
         <run_address>0x2000f7cc</run_address>
         <size>0x2a</size>
         <alignment>0x2</alignment>
         <input_file_ref idref="fl-1f"/>
      </object_component>
      <object_component id="oc-17e">
         <name>.text.PRCMLPDSWakeUpGPIOSelect</name>
         <load_address>0x2000f7f6</load_address>
         <readonly>true</readonly>
         <executable>true</executable>
         <run_address>0x2000f7f6</run_address>
         <size>0x2a</size>
         <alignment>0x2</alignment>
         <input_file_ref idref="fl-28"/>
      </object_component>
      <object_component id="oc-114">
         <name>.text.PRCMPeripheralClkDisable</name>
         <load_address>0x2000f820</load_address>
         <readonly>true</readonly>
         <executable>true</executable>
         <run_address>0x2000f820</run_address>
         <size>0x2a</size>
         <alignment>0x2</alignment>
         <input_file_ref idref="fl-28"/>
      </object_component>
      <object_component id="oc-1e1">
         <name>.text.UARTIntStatus</name>
         <load_address>0x2000f84a</load_address>
         <readonly>true</readonly>
         <executable>true</executable>
         <run_address>0x2000f84a</run_address>
         <size>0x2a</size>
         <alignment>0x2</alignment>
         <input_file_ref idref="fl-2b"/>
      </object_component>
      <object_component id="oc-227">
         <name>.text.List_remove</name>
         <load_address>0x2000f874</load_address>
         <readonly>true</readonly>
         <executable>true</executable>
         <run_address>0x2000f874</run_address>
         <size>0x28</size>
         <alignment>0x2</alignment>
         <input_file_ref idref="fl-19"/>
      </object_component>
      <object_component id="oc-24a">
         <name>.text.PRCMSRAMRetentionEnable</name>
         <load_address>0x2000f89c</load_address>
         <readonly>true</readonly>
         <executable>true</executable>
         <run_address>0x2000f89c</run_address>
         <size>0x28</size>
         <alignment>0x2</alignment>
         <input_file_ref idref="fl-28"/>
      </object_component>
      <object_component id="oc-155">
         <name>.text.PowerCC32XX_getParkState</name>
         <load_address>0x2000f8c4</load_address>
         <readonly>true</readonly>
         <executable>true</executable>
         <run_address>0x2000f8c4</run_address>
         <size>0x28</size>
         <alignment>0x4</alignment>
         <input_file_ref idref="fl-15"/>
      </object_component>
      <object_component id="oc-213">
         <name>.text.free_list_insert</name>
         <load_address>0x2000f8ec</load_address>
         <readonly>true</readonly>
         <executable>true</executable>
         <run_address>0x2000f8ec</run_address>
         <size>0x28</size>
         <alignment>0x4</alignment>
         <input_file_ref idref="fl-3d"/>
      </object_component>
      <object_component id="oc-226">
         <name>.text.IntUnregister</name>
         <load_address>0x2000f914</load_address>
         <readonly>true</readonly>
         <executable>true</executable>
         <run_address>0x2000f914</run_address>
         <size>0x24</size>
         <alignment>0x2</alignment>
         <input_file_ref idref="fl-26"/>
      </object_component>
      <object_component id="oc-196">
         <name>.text.List_put</name>
         <load_address>0x2000f938</load_address>
         <readonly>true</readonly>
         <executable>true</executable>
         <run_address>0x2000f938</run_address>
         <size>0x24</size>
         <alignment>0x2</alignment>
         <input_file_ref idref="fl-19"/>
      </object_component>
      <object_component id="oc-17c">
         <name>.text.PRCMLPDSWakeupSourceEnable</name>
         <load_address>0x2000f95c</load_address>
         <readonly>true</readonly>
         <executable>true</executable>
         <run_address>0x2000f95c</run_address>
         <size>0x24</size>
         <alignment>0x2</alignment>
         <input_file_ref idref="fl-28"/>
      </object_component>
      <object_component id="oc-1dd">
         <name>.text.PowerCC32XX_restoreParkState</name>
         <load_address>0x2000f980</load_address>
         <readonly>true</readonly>
         <executable>true</executable>
         <run_address>0x2000f980</run_address>
         <size>0x24</size>
         <alignment>0x4</alignment>
         <input_file_ref idref="fl-15"/>
      </object_component>
      <object_component id="oc-254">
         <name>.text.PowerCC32XX_restoreParkedPin</name>
         <load_address>0x2000f9a4</load_address>
         <readonly>true</readonly>
         <executable>true</executable>
         <run_address>0x2000f9a4</run_address>
         <size>0x24</size>
         <alignment>0x2</alignment>
         <input_file_ref idref="fl-15"/>
      </object_component>
      <object_component id="oc-12d">
         <name>.text.Power_registerNotify</name>
         <load_address>0x2000f9c8</load_address>
         <readonly>true</readonly>
         <executable>true</executable>
         <run_address>0x2000f9c8</run_address>
         <size>0x24</size>
         <alignment>0x4</alignment>
         <input_file_ref idref="fl-15"/>
      </object_component>
      <object_component id="oc-223">
         <name>.text.UART2Support_disableRx</name>
         <load_address>0x2000f9ec</load_address>
         <readonly>true</readonly>
         <executable>true</executable>
         <run_address>0x2000f9ec</run_address>
         <size>0x24</size>
         <alignment>0x2</alignment>
         <input_file_ref idref="fl-18"/>
      </object_component>
      <object_component id="oc-76">
         <name>.text:_c_int00_noargs</name>
         <load_address>0x2000fa10</load_address>
         <readonly>true</readonly>
         <executable>true</executable>
         <run_address>0x2000fa10</run_address>
         <size>0x24</size>
         <alignment>0x4</alignment>
         <input_file_ref idref="fl-3e"/>
      </object_component>
      <object_component id="oc-143">
         <name>.text.GPIOPinWrite</name>
         <load_address>0x2000fa34</load_address>
         <readonly>true</readonly>
         <executable>true</executable>
         <run_address>0x2000fa34</run_address>
         <size>0x22</size>
         <alignment>0x2</alignment>
         <input_file_ref idref="fl-24"/>
      </object_component>
      <object_component id="oc-253">
         <name>.text.PinUnlock</name>
         <load_address>0x2000fa56</load_address>
         <readonly>true</readonly>
         <executable>true</executable>
         <run_address>0x2000fa56</run_address>
         <size>0x22</size>
         <alignment>0x2</alignment>
         <input_file_ref idref="fl-27"/>
      </object_component>
      <object_component id="oc-1ef">
         <name>.text.RingBuf_getPointer</name>
         <load_address>0x2000fa78</load_address>
         <readonly>true</readonly>
         <executable>true</executable>
         <run_address>0x2000fa78</run_address>
         <size>0x22</size>
         <alignment>0x2</alignment>
         <input_file_ref idref="fl-1a"/>
      </object_component>
      <object_component id="oc-238">
         <name>.text.UART2Support_sendData</name>
         <load_address>0x2000fa9a</load_address>
         <readonly>true</readonly>
         <executable>true</executable>
         <run_address>0x2000fa9a</run_address>
         <size>0x22</size>
         <alignment>0x2</alignment>
         <input_file_ref idref="fl-18"/>
      </object_component>
      <object_component id="oc-fa">
         <name>.text.UART2_read</name>
         <load_address>0x2000fabc</load_address>
         <readonly>true</readonly>
         <executable>true</executable>
         <run_address>0x2000fabc</run_address>
         <size>0x22</size>
         <alignment>0x2</alignment>
         <input_file_ref idref="fl-17"/>
      </object_component>
      <object_component id="oc-1cd">
         <name>.text.IntRegister</name>
         <load_address>0x2000fade</load_address>
         <readonly>true</readonly>
         <executable>true</executable>
         <run_address>0x2000fade</run_address>
         <size>0x20</size>
         <alignment>0x2</alignment>
         <input_file_ref idref="fl-26"/>
      </object_component>
      <object_component id="oc-56">
         <name>.text.defaultHandler</name>
         <load_address>0x2000fafe</load_address>
         <readonly>true</readonly>
         <executable>true</executable>
         <run_address>0x2000fafe</run_address>
         <size>0x2</size>
         <alignment>0x2</alignment>
         <input_file_ref idref="fl-21"/>
      </object_component>
      <object_component id="oc-14d">
         <name>.text.PowerCC32XX_reset</name>
         <load_address>0x2000fb00</load_address>
         <readonly>true</readonly>
         <executable>true</executable>
         <run_address>0x2000fb00</run_address>
         <size>0x20</size>
         <alignment>0x4</alignment>
         <input_file_ref idref="fl-15"/>
      </object_component>
      <object_component id="oc-1db">
         <name>.text.Power_unregisterNotify</name>
         <load_address>0x2000fb20</load_address>
         <readonly>true</readonly>
         <executable>true</executable>
         <run_address>0x2000fb20</run_address>
         <size>0x20</size>
         <alignment>0x4</alignment>
         <input_file_ref idref="fl-15"/>
      </object_component>
      <object_component id="oc-161">
         <name>.text.SemaphoreP_constructBinary</name>
         <load_address>0x2000fb40</load_address>
         <readonly>true</readonly>
         <executable>true</executable>
         <run_address>0x2000fb40</run_address>
         <size>0x20</size>
         <alignment>0x4</alignment>
         <input_file_ref idref="fl-1d"/>
      </object_component>
      <object_component id="oc-123">
         <name>.text.SemaphoreP_createBinary</name>
         <load_address>0x2000fb60</load_address>
         <readonly>true</readonly>
         <executable>true</executable>
         <run_address>0x2000fb60</run_address>
         <size>0x20</size>
         <alignment>0x4</alignment>
         <input_file_ref idref="fl-1d"/>
      </object_component>
      <object_component id="oc-1af">
         <name>.text.PinTypeUART</name>
         <load_address>0x2000fb80</load_address>
         <readonly>true</readonly>
         <executable>true</executable>
         <run_address>0x2000fb80</run_address>
         <size>0x1e</size>
         <alignment>0x2</alignment>
         <input_file_ref idref="fl-27"/>
      </object_component>
      <object_component id="oc-16a">
         <name>.text.UART2_writeTimeout</name>
         <load_address>0x2000fb9e</load_address>
         <readonly>true</readonly>
         <executable>true</executable>
         <run_address>0x2000fb9e</run_address>
         <size>0x1e</size>
         <alignment>0x2</alignment>
         <input_file_ref idref="fl-17"/>
      </object_component>
      <object_component id="oc-1c3">
         <name>.text.UARTEnable</name>
         <load_address>0x2000fbbc</load_address>
         <readonly>true</readonly>
         <executable>true</executable>
         <run_address>0x2000fbbc</run_address>
         <size>0x1e</size>
         <alignment>0x2</alignment>
         <input_file_ref idref="fl-2b"/>
      </object_component>
      <object_component id="oc-22b">
         <name>.text.uDMAChannelDisable</name>
         <load_address>0x2000fbda</load_address>
         <readonly>true</readonly>
         <executable>true</executable>
         <run_address>0x2000fbda</run_address>
         <size>0x1e</size>
         <alignment>0x2</alignment>
         <input_file_ref idref="fl-2c"/>
      </object_component>
      <object_component id="oc-233">
         <name>.text.uDMAChannelEnable</name>
         <load_address>0x2000fbf8</load_address>
         <readonly>true</readonly>
         <executable>true</executable>
         <run_address>0x2000fbf8</run_address>
         <size>0x1e</size>
         <alignment>0x2</alignment>
         <input_file_ref idref="fl-2c"/>
      </object_component>
      <object_component id="oc-1e4">
         <name>.text.uDMAChannelIsEnabled</name>
         <load_address>0x2000fc16</load_address>
         <readonly>true</readonly>
         <executable>true</executable>
         <run_address>0x2000fc16</run_address>
         <size>0x1e</size>
         <alignment>0x2</alignment>
         <input_file_ref idref="fl-2c"/>
      </object_component>
      <object_component id="oc-1d2">
         <name>.text.HwiP_dispatch</name>
         <load_address>0x2000fc34</load_address>
         <readonly>true</readonly>
         <executable>true</executable>
         <run_address>0x2000fc34</run_address>
         <size>0x1c</size>
         <alignment>0x4</alignment>
         <input_file_ref idref="fl-1f"/>
      </object_component>
      <object_component id="oc-1f3">
         <name>.text.SwiP_disable</name>
         <load_address>0x2000fc50</load_address>
         <readonly>true</readonly>
         <executable>true</executable>
         <run_address>0x2000fc50</run_address>
         <size>0x1c</size>
         <alignment>0x4</alignment>
         <input_file_ref idref="fl-22"/>
      </object_component>
      <object_component id="oc-212">
         <name>.text.free_list_remove</name>
         <load_address>0x2000fc6c</load_address>
         <readonly>true</readonly>
         <executable>true</executable>
         <run_address>0x2000fc6c</run_address>
         <size>0x1c</size>
         <alignment>0x4</alignment>
         <input_file_ref idref="fl-3d"/>
      </object_component>
      <object_component id="oc-21">
         <name>.text.resetISR</name>
         <load_address>0x2000fc88</load_address>
         <readonly>true</readonly>
         <executable>true</executable>
         <run_address>0x2000fc88</run_address>
         <size>0x1c</size>
         <alignment>0x2</alignment>
         <input_file_ref idref="fl-21"/>
      </object_component>
      <object_component id="oc-218">
         <name>.text.GPIOIntDisable</name>
         <load_address>0x2000fca4</load_address>
         <readonly>true</readonly>
         <executable>true</executable>
         <run_address>0x2000fca4</run_address>
         <size>0x1a</size>
         <alignment>0x2</alignment>
         <input_file_ref idref="fl-24"/>
      </object_component>
      <object_component id="oc-111">
         <name>.text.PRCMHIBRegRead</name>
         <load_address>0x2000fcbe</load_address>
         <readonly>true</readonly>
         <executable>true</executable>
         <run_address>0x2000fcbe</run_address>
         <size>0x1a</size>
         <alignment>0x2</alignment>
         <input_file_ref idref="fl-28"/>
      </object_component>
      <object_component id="oc-110">
         <name>.text.PRCMHIBRegWrite</name>
         <load_address>0x2000fcd8</load_address>
         <readonly>true</readonly>
         <executable>true</executable>
         <run_address>0x2000fcd8</run_address>
         <size>0x1a</size>
         <alignment>0x2</alignment>
         <input_file_ref idref="fl-28"/>
      </object_component>
      <object_component id="oc-17d">
         <name>.text.PRCMLPDSWakeupSourceDisable</name>
         <load_address>0x2000fcf2</load_address>
         <readonly>true</readonly>
         <executable>true</executable>
         <run_address>0x2000fcf2</run_address>
         <size>0x1a</size>
         <alignment>0x2</alignment>
         <input_file_ref idref="fl-28"/>
      </object_component>
      <object_component id="oc-1de">
         <name>.text.PinToPadGet</name>
         <load_address>0x2000fd0c</load_address>
         <readonly>true</readonly>
         <executable>true</executable>
         <run_address>0x2000fd0c</run_address>
         <size>0x1a</size>
         <alignment>0x2</alignment>
         <input_file_ref idref="fl-27"/>
      </object_component>
      <object_component id="oc-1c6">
         <name>.text.UARTFlowControlSet</name>
         <load_address>0x2000fd26</load_address>
         <readonly>true</readonly>
         <executable>true</executable>
         <run_address>0x2000fd26</run_address>
         <size>0x1a</size>
         <alignment>0x2</alignment>
         <input_file_ref idref="fl-2b"/>
      </object_component>
      <object_component id="oc-1aa">
         <name>.text.GPIOIntEnable</name>
         <load_address>0x2000fd40</load_address>
         <readonly>true</readonly>
         <executable>true</executable>
         <run_address>0x2000fd40</run_address>
         <size>0x18</size>
         <alignment>0x2</alignment>
         <input_file_ref idref="fl-24"/>
      </object_component>
      <object_component id="oc-18a">
         <name>.text.SemaphoreP_create</name>
         <load_address>0x2000fd58</load_address>
         <readonly>true</readonly>
         <executable>true</executable>
         <run_address>0x2000fd58</run_address>
         <size>0x18</size>
         <alignment>0x2</alignment>
         <input_file_ref idref="fl-1d"/>
      </object_component>
      <object_component id="oc-a6">
         <name>.text.Board_init</name>
         <load_address>0x2000fd70</load_address>
         <readonly>true</readonly>
         <executable>true</executable>
         <run_address>0x2000fd70</run_address>
         <size>0x16</size>
         <alignment>0x2</alignment>
         <input_file_ref idref="fl-3"/>
      </object_component>
      <object_component id="oc-20a">
         <name>.text.SysTickPeriodSet</name>
         <load_address>0x2000fd86</load_address>
         <readonly>true</readonly>
         <executable>true</executable>
         <run_address>0x2000fd86</run_address>
         <size>0x16</size>
         <alignment>0x2</alignment>
         <input_file_ref idref="fl-2a"/>
      </object_component>
      <object_component id="oc-1e6">
         <name>.text.UARTCharsAvail</name>
         <load_address>0x2000fd9c</load_address>
         <readonly>true</readonly>
         <executable>true</executable>
         <run_address>0x2000fd9c</run_address>
         <size>0x16</size>
         <alignment>0x2</alignment>
         <input_file_ref idref="fl-2b"/>
      </object_component>
      <object_component id="oc-1d5">
         <name>.text.UARTDMADisable</name>
         <load_address>0x2000fdb2</load_address>
         <readonly>true</readonly>
         <executable>true</executable>
         <run_address>0x2000fdb2</run_address>
         <size>0x16</size>
         <alignment>0x2</alignment>
         <input_file_ref idref="fl-2b"/>
      </object_component>
      <object_component id="oc-1c5">
         <name>.text.UARTFIFOLevelSet</name>
         <load_address>0x2000fdc8</load_address>
         <readonly>true</readonly>
         <executable>true</executable>
         <run_address>0x2000fdc8</run_address>
         <size>0x16</size>
         <alignment>0x2</alignment>
         <input_file_ref idref="fl-2b"/>
      </object_component>
      <object_component id="oc-1d4">
         <name>.text.UARTIntDisable</name>
         <load_address>0x2000fdde</load_address>
         <readonly>true</readonly>
         <executable>true</executable>
         <run_address>0x2000fdde</run_address>
         <size>0x16</size>
         <alignment>0x2</alignment>
         <input_file_ref idref="fl-2b"/>
      </object_component>
      <object_component id="oc-6c">
         <name>.text.CPUcpsid</name>
         <load_address>0x2000fdf4</load_address>
         <readonly>true</readonly>
         <executable>true</executable>
         <run_address>0x2000fdf4</run_address>
         <size>0x14</size>
         <alignment>0x2</alignment>
         <input_file_ref idref="fl-23"/>
      </object_component>
      <object_component id="oc-1a2">
         <name>.text.CPUcpsie</name>
         <load_address>0x2000fe08</load_address>
         <readonly>true</readonly>
         <executable>true</executable>
         <run_address>0x2000fe08</run_address>
         <size>0x14</size>
         <alignment>0x2</alignment>
         <input_file_ref idref="fl-23"/>
      </object_component>
      <object_component id="oc-1d8">
         <name>.text.HwiP_destruct</name>
         <load_address>0x2000fe1c</load_address>
         <readonly>true</readonly>
         <executable>true</executable>
         <run_address>0x2000fe1c</run_address>
         <size>0x14</size>
         <alignment>0x2</alignment>
         <input_file_ref idref="fl-1f"/>
      </object_component>
      <object_component id="oc-73">
         <name>.text.IntVTableBaseSet</name>
         <load_address>0x2000fe30</load_address>
         <readonly>true</readonly>
         <executable>true</executable>
         <run_address>0x2000fe30</run_address>
         <size>0x14</size>
         <alignment>0x2</alignment>
         <input_file_ref idref="fl-26"/>
      </object_component>
      <object_component id="oc-19d">
         <name>.text.Power_disablePolicy</name>
         <load_address>0x2000fe44</load_address>
         <readonly>true</readonly>
         <executable>true</executable>
         <run_address>0x2000fe44</run_address>
         <size>0x14</size>
         <alignment>0x4</alignment>
         <input_file_ref idref="fl-15"/>
      </object_component>
      <object_component id="oc-1fb">
         <name>.text.Power_getTransitionLatency</name>
         <load_address>0x2000fe58</load_address>
         <readonly>true</readonly>
         <executable>true</executable>
         <run_address>0x2000fe58</run_address>
[...]
         <value>0x200100f5</value>
         <object_component_ref idref="oc-263"/>
      </symbol>
      <symbol id="sm-2d4">
         <name>CPUwfi</name>
         <value>0x2000dfc5</value>
         <object_component_ref idref="oc-259"/>
      </symbol>
      <symbol id="sm-30d">
         <name>GPIODirModeSet</name>
         <value>0x2000efb9</value>
         <object_component_ref idref="oc-13e"/>
      </symbol>
      <symbol id="sm-30e">
         <name>GPIOIntClear</name>
         <value>0x2000fef7</value>
         <object_component_ref idref="oc-1a9"/>
      </symbol>
      <symbol id="sm-30f">
         <name>GPIOIntDisable</name>
         <value>0x2000fca5</value>
         <object_component_ref idref="oc-218"/>
      </symbol>
      <symbol id="sm-310">
         <name>GPIOIntEnable</name>
         <value>0x2000fd41</value>
         <object_component_ref idref="oc-1aa"/>
      </symbol>
      <symbol id="sm-311">
         <name>GPIOIntStatus</name>
         <value>0x2000f6e9</value>
         <object_component_ref idref="oc-1ab"/>
      </symbol>
      <symbol id="sm-312">
         <name>GPIOIntTypeSet</name>
         <value>0x2000dd39</value>
         <object_component_ref idref="oc-1a7"/>
      </symbol>
      <symbol id="sm-313">
         <name>GPIOPinWrite</name>
         <value>0x2000fa35</value>
         <object_component_ref idref="oc-143"/>
      </symbol>
      <symbol id="sm-363">
         <name>IntDisable</name>
         <value>0x2000d97d</value>
         <object_component_ref idref="oc-225"/>
      </symbol>
      <symbol id="sm-364">
         <name>IntEnable</name>
         <value>0x2000da45</value>
         <object_component_ref idref="oc-1cf"/>
      </symbol>
      <symbol id="sm-365">
         <name>IntMasterDisable</name>
         <value>0x20010109</value>
         <object_component_ref idref="oc-4a"/>
      </symbol>
      <symbol id="sm-366">
         <name>IntMasterEnable</name>
         <value>0x20010113</value>
         <object_component_ref idref="oc-136"/>
      </symbol>
      <symbol id="sm-367">
         <name>IntPendClear</name>
         <value>0x2000e76b</value>
         <object_component_ref idref="oc-1cc"/>
      </symbol>
      <symbol id="sm-368">
         <name>IntPendSet</name>
         <value>0x2000dde5</value>
         <object_component_ref idref="oc-277"/>
      </symbol>
      <symbol id="sm-369">
         <name>IntPrioritySet</name>
         <value>0x2000ea01</value>
         <object_component_ref idref="oc-1ce"/>
      </symbol>
      <symbol id="sm-36a">
         <name>IntRegister</name>
         <value>0x2000fadf</value>
         <object_component_ref idref="oc-1cd"/>
      </symbol>
      <symbol id="sm-36b">
         <name>IntUnregister</name>
         <value>0x2000f915</value>
         <object_component_ref idref="oc-226"/>
      </symbol>
      <symbol id="sm-36c">
         <name>IntVTableBaseSet</name>
         <value>0x2000fe31</value>
         <object_component_ref idref="oc-73"/>
      </symbol>
      <symbol id="sm-3b4">
         <name>PinConfigGet</name>
         <value>0x2000ee9d</value>
         <object_component_ref idref="oc-26d"/>
      </symbol>
      <symbol id="sm-3b5">
         <name>PinConfigSet</name>
         <value>0x2000de89</value>
         <object_component_ref idref="oc-13a"/>
      </symbol>
      <symbol id="sm-3b6">
         <name>PinDirModeGet</name>
         <value>0x2000f4f1</value>
         <object_component_ref idref="oc-26e"/>
      </symbol>
      <symbol id="sm-3b7">
         <name>PinDirModeSet</name>
         <value>0x2000f211</value>
         <object_component_ref idref="oc-26f"/>
      </symbol>
      <symbol id="sm-3b8">
         <name>PinLock</name>
         <value>0x2000f451</value>
         <object_component_ref idref="oc-24d"/>
      </symbol>
      <symbol id="sm-3b9">
         <name>PinLockLevelSet</name>
         <value>0x2000e4e5</value>
         <object_component_ref idref="oc-24c"/>
      </symbol>
      <symbol id="sm-3ba">
         <name>PinModeGet</name>
         <value>0x2000f525</value>
         <object_component_ref idref="oc-115"/>
      </symbol>
      <symbol id="sm-3bb">
         <name>PinModeSet</name>
         <value>0x2000f10d</value>
         <object_component_ref idref="oc-11a"/>
      </symbol>
      <symbol id="sm-3bc">
         <name>PinToPadGet</name>
         <value>0x2000fd0d</value>
         <object_component_ref idref="oc-1de"/>
      </symbol>
      <symbol id="sm-3bd">
         <name>PinTypeUART</name>
         <value>0x2000fb81</value>
         <object_component_ref idref="oc-1af"/>
      </symbol>
      <symbol id="sm-3be">
         <name>PinUnlock</name>
         <value>0x2000fa57</value>
         <object_component_ref idref="oc-253"/>
      </symbol>
      <symbol id="sm-470">
         <name>PRCMCC3200MCUInit</name>
         <value>0x2000c041</value>
         <object_component_ref idref="oc-d0"/>
      </symbol>
      <symbol id="sm-471">
         <name>PRCMHIBRegRead</name>
         <value>0x2000fcbf</value>
         <object_component_ref idref="oc-111"/>
      </symbol>
      <symbol id="sm-472">
         <name>PRCMHIBRegWrite</name>
         <value>0x2000fcd9</value>
         <object_component_ref idref="oc-110"/>
      </symbol>
      <symbol id="sm-473">
         <name>PRCMHibernateWakeUpGPIOSelect</name>
         <value>0x2000e38d</value>
         <object_component_ref idref="oc-17f"/>
      </symbol>
      <symbol id="sm-474">
         <name>PRCMHibernateWakeupSourceDisable</name>
         <value>0x2000e8f1</value>
         <object_component_ref idref="oc-181"/>
      </symbol>
      <symbol id="sm-475">
         <name>PRCMHibernateWakeupSourceEnable</name>
         <value>0x2000eba9</value>
         <object_component_ref idref="oc-180"/>
      </symbol>
      <symbol id="sm-476">
         <name>PRCMIntEnable</name>
         <value>0x2000ee0d</value>
         <object_component_ref idref="oc-252"/>
      </symbol>
      <symbol id="sm-477">
         <name>PRCMLPDSEnter</name>
         <value>0x2000ea59</value>
         <object_component_ref idref="oc-258"/>
      </symbol>
      <symbol id="sm-478">
         <name>PRCMLPDSEnterKeepDebugIf</name>
         <value>0x2000ef2d</value>
         <object_component_ref idref="oc-257"/>
      </symbol>
      <symbol id="sm-479">
         <name>PRCMLPDSIntervalSet</name>
         <value>0x2000f659</value>
         <object_component_ref idref="oc-207"/>
      </symbol>
      <symbol id="sm-47a">
         <name>PRCMLPDSRestoreInfoSet</name>
         <value>0x2000ece5</value>
         <object_component_ref idref="oc-270"/>
      </symbol>
      <symbol id="sm-47b">
         <name>PRCMLPDSWakeUpGPIOSelect</name>
         <value>0x2000f7f7</value>
         <object_component_ref idref="oc-17e"/>
      </symbol>
      <symbol id="sm-47c">
         <name>PRCMLPDSWakeupCauseGet</name>
         <value>0x20010095</value>
         <object_component_ref idref="oc-255"/>
      </symbol>
      <symbol id="sm-47d">
         <name>PRCMLPDSWakeupSourceDisable</name>
         <value>0x2000fcf3</value>
         <object_component_ref idref="oc-17d"/>
      </symbol>
      <symbol id="sm-47e">
         <name>PRCMLPDSWakeupSourceEnable</name>
         <value>0x2000f95d</value>
         <object_component_ref idref="oc-17c"/>
      </symbol>
      <symbol id="sm-47f">
         <name>PRCMPeripheralClkDisable</name>
         <value>0x2000f821</value>
         <object_component_ref idref="oc-114"/>
      </symbol>
      <symbol id="sm-480">
         <name>PRCMPeripheralClkEnable</name>
         <value>0x2000e94d</value>
         <object_component_ref idref="oc-112"/>
      </symbol>
      <symbol id="sm-481">
         <name>PRCMPeripheralReset</name>
         <value>0x2000e701</value>
         <object_component_ref idref="oc-113"/>
      </symbol>
      <symbol id="sm-482">
         <name>PRCMPeripheralStatusGet</name>
         <value>0x2000ee55</value>
         <object_component_ref idref="oc-1a3"/>
      </symbol>
      <symbol id="sm-483">
         <name>PRCMSRAMRetentionEnable</name>
         <value>0x2000f89d</value>
         <object_component_ref idref="oc-24a"/>
      </symbol>
      <symbol id="sm-484">
         <name>PRCMSleepEnter</name>
         <value>0x2001014b</value>
         <object_component_ref idref="oc-20d"/>
      </symbol>
      <symbol id="sm-485">
         <name>PRCMSlowClkCtrFastGet</name>
         <value>0x2000f689</value>
         <object_component_ref idref="oc-241"/>
      </symbol>
      <symbol id="sm-486">
         <name>PRCMSysResetCauseGet</name>
         <value>0x2000e189</value>
         <object_component_ref idref="oc-10b"/>
      </symbol>
      <symbol id="sm-4a4">
         <name>SysTickEnable</name>
         <value>0x2000ff1b</value>
         <object_component_ref idref="oc-20b"/>
      </symbol>
      <symbol id="sm-4a5">
         <name>SysTickIntDisable</name>
         <value>0x2000ff2d</value>
         <object_component_ref idref="oc-202"/>
      </symbol>
      <symbol id="sm-4a6">
         <name>SysTickIntEnable</name>
         <value>0x2000ff3f</value>
         <object_component_ref idref="oc-20c"/>
      </symbol>
      <symbol id="sm-4a7">
         <name>SysTickPeriodSet</name>
         <value>0x2000fd87</value>
         <object_component_ref idref="oc-20a"/>
      </symbol>
      <symbol id="sm-511">
         <name>UARTBusy</name>
         <value>0x2000ffe5</value>
         <object_component_ref idref="oc-265"/>
      </symbol>
      <symbol id="sm-512">
         <name>UARTCharPutNonBlocking</name>
         <value>0x2000f487</value>
         <object_component_ref idref="oc-264"/>
      </symbol>
      <symbol id="sm-513">
         <name>UARTCharsAvail</name>
         <value>0x2000fd9d</value>
         <object_component_ref idref="oc-1e6"/>
      </symbol>
      <symbol id="sm-514">
         <name>UARTConfigSetExpClk</name>
         <value>0x2000e401</value>
         <object_component_ref idref="oc-1bd"/>
      </symbol>
      <symbol id="sm-515">
         <name>UARTDMADisable</name>
         <value>0x2000fdb3</value>
         <object_component_ref idref="oc-1d5"/>
      </symbol>
      <symbol id="sm-516">
         <name>UARTDMAEnable</name>
         <value>0x2000fe81</value>
         <object_component_ref idref="oc-234"/>
      </symbol>
      <symbol id="sm-517">
         <name>UARTDisable</name>
         <value>0x2000f773</value>
         <object_component_ref idref="oc-1d7"/>
      </symbol>
      <symbol id="sm-518">
         <name>UARTEnable</name>
         <value>0x2000fbbd</value>
         <object_component_ref idref="oc-1c3"/>
      </symbol>
      <symbol id="sm-519">
         <name>UARTFIFOLevelSet</name>
         <value>0x2000fdc9</value>
         <object_component_ref idref="oc-1c5"/>
      </symbol>
      <symbol id="sm-51a">
         <name>UARTFlowControlSet</name>
         <value>0x2000fd27</value>
         <object_component_ref idref="oc-1c6"/>
      </symbol>
      <symbol id="sm-51b">
         <name>UARTIntClear</name>
         <value>0x2000fff5</value>
         <object_component_ref idref="oc-1c2"/>
      </symbol>
      <symbol id="sm-51c">
         <name>UARTIntDisable</name>
         <value>0x2000fddf</value>
         <object_component_ref idref="oc-1d4"/>
      </symbol>
      <symbol id="sm-51d">
         <name>UARTIntEnable</name>
         <value>0x2000fe95</value>
         <object_component_ref idref="oc-1c4"/>
      </symbol>
      <symbol id="sm-51e">
         <name>UARTIntStatus</name>
         <value>0x2000f84b</value>
         <object_component_ref idref="oc-1e1"/>
      </symbol>
      <symbol id="sm-51f">
         <name>UARTRxErrorGet</name>
         <value>0x20010005</value>
         <object_component_ref idref="oc-1e3"/>
      </symbol>
      <symbol id="sm-578">
         <name>uDMAChannelAssign</name>
         <value>0x2000ec49</value>
         <object_component_ref idref="oc-1c7"/>
      </symbol>
      <symbol id="sm-579">
         <name>uDMAChannelAttributeDisable</name>
         <value>0x2000e067</value>
         <object_component_ref idref="oc-1c8"/>
      </symbol>
      <symbol id="sm-57a">
         <name>uDMAChannelControlSet</name>
         <value>0x2000f1d1</value>
         <object_component_ref idref="oc-231"/>
      </symbol>
      <symbol id="sm-57b">
         <name>uDMAChannelDisable</name>
         <value>0x2000fbdb</value>
         <object_component_ref idref="oc-22b"/>
      </symbol>
      <symbol id="sm-57c">
         <name>uDMAChannelEnable</name>
         <value>0x2000fbf9</value>
         <object_component_ref idref="oc-233"/>
      </symbol>
      <symbol id="sm-57d">
         <name>uDMAChannelIsEnabled</name>
         <value>0x2000fc17</value>
         <object_component_ref idref="oc-1e4"/>
      </symbol>
      <symbol id="sm-57e">
         <name>uDMAChannelSizeGet</name>
         <value>0x2000ed7b</value>
         <object_component_ref idref="oc-22c"/>
      </symbol>
      <symbol id="sm-57f">
         <name>uDMAChannelTransferSet</name>
         <value>0x2000d4db</value>
         <object_component_ref idref="oc-232"/>
      </symbol>
      <symbol id="sm-580">
         <name>uDMAControlBaseSet</name>
         <value>0x2000febd</value>
         <object_component_ref idref="oc-1b9"/>
      </symbol>
      <symbol id="sm-581">
         <name>uDMAEnable</name>
         <value>0x20010051</value>
         <object_component_ref idref="oc-1b4"/>
      </symbol>
      <symbol id="sm-582">
         <name>uDMAErrorStatusClear</name>
         <value>0x2001005f</value>
         <object_component_ref idref="oc-279"/>
      </symbol>
      <symbol id="sm-583">
         <name>uDMAErrorStatusGet</name>
         <value>0x200100e9</value>
         <object_component_ref idref="oc-278"/>
      </symbol>
      <symbol id="sm-584">
         <name>uDMAIntClear</name>
         <value>0x2000fed1</value>
         <object_component_ref idref="oc-22d"/>
      </symbol>
      <symbol id="sm-58f">
         <name>UtilsDelay</name>
         <value>0x20010153</value>
         <object_component_ref idref="oc-10c"/>
      </symbol>
      <symbol id="sm-5bc">
         <name>FlashDisable</name>
         <value>0x2000e895</value>
         <object_component_ref idref="oc-272"/>
      </symbol>
      <symbol id="sm-5dc">
         <name>malloc</name>
         <value>0x20010165</value>
         <object_component_ref idref="oc-1a4"/>
      </symbol>
      <symbol id="sm-5dd">
         <name>aligned_alloc</name>
         <value>0x2000d2a1</value>
         <object_component_ref idref="oc-217"/>
      </symbol>
      <symbol id="sm-5de">
         <name>free</name>
         <value>0x2000d5ed</value>
         <object_component_ref idref="oc-18e"/>
      </symbol>
      <symbol id="sm-5df">
         <name>_sys_memory</name>
         <value>0x20004040</value>
         <object_component_ref idref="oc-31"/>
      </symbol>
      <symbol id="sm-5e0">
         <name>memalign</name>
         <value>0x2000d2a1</value>
         <object_component_ref idref="oc-217"/>
      </symbol>
      <symbol id="sm-5eb">
         <name>_c_int00_noargs</name>
         <value>0x2000fa11</value>
         <object_component_ref idref="oc-76"/>
      </symbol>
      <symbol id="sm-5ec">
         <name>__stack</name>
         <value>0x20003000</value>
         <object_component_ref idref="oc-16"/>
      </symbol>
      <symbol id="sm-5f8">
         <name>__TI_auto_init_nobinit_nopinit</name>
         <value>0x2000f419</value>
         <object_component_ref idref="oc-bd"/>
      </symbol>
      <symbol id="sm-600">
         <name>_system_pre_init</name>
         <value>0x200101a5</value>
         <object_component_ref idref="oc-8b"/>
      </symbol>
      <symbol id="sm-60b">
         <name>__TI_zero_init</name>
         <value>0x20010025</value>
         <object_component_ref idref="oc-49"/>
      </symbol>
      <symbol id="sm-614">
         <name>__TI_decompress_none</name>
         <value>0x2001007b</value>
         <object_component_ref idref="oc-1c"/>
      </symbol>
      <symbol id="sm-61e">
         <name>__TI_decompress_lzss</name>
         <value>0x2000e475</value>
         <object_component_ref idref="oc-18"/>
      </symbol>
      <symbol id="sm-628">
         <name>abort</name>
         <value>0x200101a9</value>
         <object_component_ref idref="oc-b6"/>
      </symbol>
      <symbol id="sm-629">
         <name>C$$EXIT</name>
         <value>0x200101a8</value>
         <object_component_ref idref="oc-b6"/>
      </symbol>
      <symbol id="sm-632">
         <name>_nop</name>
         <value>0x2000ec97</value>
         <object_component_ref idref="oc-16d"/>
      </symbol>
      <symbol id="sm-633">
         <name>_lock</name>
         <value>0x2001129c</value>
         <object_component_ref idref="oc-101"/>
      </symbol>
      <symbol id="sm-634">
         <name>_unlock</name>
         <value>0x200112a0</value>
         <object_component_ref idref="oc-104"/>
      </symbol>
      <symbol id="sm-63b">
         <name>__aeabi_memcpy</name>
         <value>0x200101a1</value>
         <object_component_ref idref="oc-3c"/>
      </symbol>
      <symbol id="sm-63c">
         <name>__aeabi_memcpy4</name>
         <value>0x200101a1</value>
         <object_component_ref idref="oc-3c"/>
      </symbol>
      <symbol id="sm-63d">
         <name>__aeabi_memcpy8</name>
         <value>0x200101a1</value>
         <object_component_ref idref="oc-3c"/>
      </symbol>
      <symbol id="sm-644">
         <name>__aeabi_memclr</name>
         <value>0x2001015d</value>
         <object_component_ref idref="oc-67"/>
      </symbol>
      <symbol id="sm-645">
         <name>__aeabi_memclr4</name>
         <value>0x2001015d</value>
         <object_component_ref idref="oc-67"/>
      </symbol>
      <symbol id="sm-646">
         <name>__aeabi_memclr8</name>
         <value>0x2001015d</value>
         <object_component_ref idref="oc-67"/>
      </symbol>
      <symbol id="sm-64c">
         <name>__aeabi_uldivmod</name>
         <value>0x2000fea9</value>
         <object_component_ref idref="oc-1fe"/>
      </symbol>
      <symbol id="sm-652">
         <name>__udivmoddi4</name>
         <value>0x2000dc89</value>
         <object_component_ref idref="oc-242"/>
      </symbol>
      <symbol id="sm-65c">
         <name>__aeabi_ldiv0</name>
         <value>0x2000eaaf</value>
         <object_component_ref idref="oc-266"/>
      </symbol>
      <symbol id="sm-664">
         <name>TI_memcpy_small</name>
         <value>0x2000ff63</value>
         <object_component_ref idref="oc-81"/>
      </symbol>
      <symbol id="sm-66c">
         <name>TI_memset_small</name>
         <value>0x2001006d</value>
         <object_component_ref idref="oc-9e"/>
      </symbol>
      <symbol id="sm-66d">
         <name>__TI_static_base__</name>
         <value>0x200101ac</value>
      </symbol>
      <symbol id="sm-670">
         <name>ITM_flush</name>
         <value>0x0</value>
      </symbol>
      <symbol id="sm-671">
         <name>ITM_restore</name>
         <value>0x0</value>
      </symbol>
      <symbol id="sm-672">
         <name>__mpu_init</name>
         <value>0x0</value>
      </symbol>
      <symbol id="sm-673">
         <name>_system_post_cinit</name>
         <value>0x0</value>
      </symbol>
   </symbol_table>
   <title>Link successful</title>
</link_info>
