******************************************************************************
            TI ARM Clang Linker PC v3.2.2                      
******************************************************************************
>> Linked Tue Oct 15 17:03:21 2024

OUTPUT FILE NAME:   <gpiointerrupt_CC3220S_LAUNCHXL_nortos_ticlang.out>
ENTRY POINT SYMBOL: "resetISR"  address: 2001125d


MEMORY CONFIGURATION

         name            origin    length      used     unused   attr    fill
----------------------  --------  ---------  --------  --------  ----  --------
  SRAM2                 20000000   00004000  0000130c  00002cf4  RW X
  SRAM                  20004000   0003c000  0000f0d6  0002cf2a  RW X
  LOG_DATA              90000000   00040000  00000000  00040000  R   
  LOG_PTR               94000008   00040000  00000000  00040000  R   


SEGMENT ALLOCATION MAP

run origin  load origin   length   init length attrs members
----------  ----------- ---------- ----------- ----- -------
20003000    20003000    00001000   00000000    rw-
  20003000    20003000    00001000   00000000    rw- .stack
20004000    20004000    00000040   00000040    r--
  20004000    20004000    00000040   00000040    r-- .resetVecs
20004040    20004040    00008000   00000000    rw-
  20004040    20004040    00008000   00000000    rw- .sysmem
2000c040    2000c040    00005a38   00005a38    r-x
  2000c040    2000c040    0000593c   0000593c    r-x .text
  2001197c    2001197c    000000fc   000000fc    r-- .cinit
20011c00    20011c00    000010c5   00000000    rw-
  20011c00    20011c00    00000a20   00000000    rw- .bss
  20012620    20012620    000006a5   00000000    rw- .data
20012cd0    20012cd0    00000599   00000599    r--
  20012cd0    20012cd0    00000599   00000599    r-- .rodata


SECTION ALLOCATION MAP

 output                                  attributes/
section   page    origin      length       input sections
--------  ----  ----------  ----------   ----------------
.text      0    2000c040    0000593c     
                  2000c040    0000086c     libc.a : _printfi.c.obj (.text:__TI_printfi_nofloat)
                  2000c8ac    000004b8     driverlib.a : prcm.obj (.text.PRCMCC3200MCUInit)
                  2000cd64    000003e4     drivers_cc32xx.a : PowerCC32XX.c.obj (.text.Power_sleep)
                  2000d148    00000222                      : UART2CC32XX.c.obj (.text.UART2CC32XX_hwiIntFxn)
                  2000d36a    00000002     ti_drivers_config.o (.text.Board_initHook)
                  2000d36c    000001cc     drivers_cc32xx.a : UART2CC32XX.c.obj (.text.UART2_open)
                  2000d538    00000174                      : UART2.c.obj (.text.UART2_writeTimeoutBlocking)
                  2000d6ac    00000150     nortos_cc32xx.a : PowerCC32XX_nortos.c.obj (.text.PowerCC32XX_sleepPolicy)
                  2000d7fc    00000148     drivers_cc32xx.a : TimerCC32XX.c.obj (.text.Timer_open)
                  2000d944    00000140                      : GPIOCC32XX.c.obj (.text.GPIO_setConfig)
                  2000da84    00000138                      : I2CCC32XX.c.obj (.text.I2CCC32XX_hwiFxn)
                  2000dbbc    00000126                      : I2C.c.obj (.text.I2C_transferTimeout)
                  2000dce2    00000002     nortos_cc32xx.a : PowerCC32XX_nortos.c.obj (.text.PowerCC32XX_initPolicy)
                  2000dce4    00000120     libc.a : memory.c.obj (.text.aligned_alloc)
                  2000de04    0000011a     drivers_cc32xx.a : UART2.c.obj (.text.UART2_writeTimeoutNonblocking)
                  2000df1e    00000112     driverlib.a : udma.obj (.text.uDMAChannelTransferSet)
                  2000e030    000000fc     libclang_rt.builtins.a : muldf3.S.obj (.text.__muldf3)
                  2000e12c    000000f0     libc.a : memory.c.obj (.text.free)
                  2000e21c    000000e8     drivers_cc32xx.a : I2CCC32XX.c.obj (.text.I2C_open)
                  2000e304    000000e8                      : UART2CC32XX.c.obj (.text.UART2_close)
                  2000e3ec    000000cc                      : UART2CC32XX.c.obj (.text.UART2Support_dmaStartRx)
                  2000e4b8    000000c8     driverlib.a : interrupt.obj (.text.IntDisable)
                  2000e580    000000c8                 : interrupt.obj (.text.IntEnable)
                  2000e648    000000c4     drivers_cc32xx.a : UART2CC32XX.c.obj (.text.UART2CC32XX_initHw)
                  2000e70c    000000c4     gpiointerrupt.o (.text.mainThread)
                  2000e7d0    000000b8     drivers_cc32xx.a : UART2CC32XX.c.obj (.text.UART2Support_dmaStartTx)
                  2000e888    000000b0     libclang_rt.builtins.a : udivmoddi4.S.obj (.text)
                  2000e938    000000ac     driverlib.a : gpio.obj (.text.GPIOIntTypeSet)
                  2000e9e4    000000a4                 : interrupt.obj (.text.IntPendSet)
                  2000ea88    000000a2                 : pin.obj (.text.PinConfigSet)
                  2000eb2a    0000009c     drivers_cc32xx.a : I2CCC32XX.c.obj (.text.I2CCC32XX_completeTransfer)
                  2000ebc6    00000098     driverlib.a : i2c.obj (.text.I2CMasterInitExpClk)
                  2000ec5e    00000002     nortos_cc32xx.a : SemaphoreP_nortos.c.obj (.text.SemaphoreP_destruct)
                  2000ec60    00000098                     : SemaphoreP_nortos.c.obj (.text.SemaphoreP_pend)
                  2000ecf8    00000008                     : HwiPCC32XX_nortos.c.obj (.text.HwiP_disable)
                  2000ed00    00000096     drivers_cc32xx.a : PowerCC32XX_ticlang.asm.obj (.text)
                  2000ed96    00000092     driverlib.a : udma.obj (.text.uDMAChannelAttributeDisable)
                  2000ee28    00000090     drivers_cc32xx.a : GPIOCC32XX.c.obj (.text.GPIO_init)
                  2000eeb8    0000008e     driverlib.a : prcm.obj (.text.PRCMSysResetCauseGet)
                  2000ef46    00000002     drivers_cc32xx.a : UART2CC32XX.c.obj (.text.UART2CC32XX_eventCallback)
                  2000ef48    00000088                      : PowerCC32XX.c.obj (.text.PowerCC32XX_configureWakeup)
                  2000efd0    0000007a                      : I2CCC32XX.c.obj (.text.I2CCC32XX_primeReadBurst)
                  2000f04a    00000002     libclang_rt.builtins.a : aeabi_div0.c.obj (.text.__aeabi_ldiv0)
                  2000f04c    00000078     drivers_cc32xx.a : PowerCC32XX.c.obj (.text.Power_init)
                  2000f0c4    00000074     nortos_cc32xx.a : HwiPCC32XX_nortos.c.obj (.text.HwiP_construct)
                  2000f138    00000074     driverlib.a : prcm.obj (.text.PRCMHibernateWakeUpGPIOSelect)
                  2000f1ac    00000074                 : uart.obj (.text.UARTConfigSetExpClk)
                  2000f220    00000070     gpiointerrupt.o (.text.readTemperature)
                  2000f290    00000070     libc.a : copy_decompress_lzss.c.obj (.text:decompress:lzss)
                  2000f300    0000006c     driverlib.a : pin.obj (.text.PinLockLevelSet)
                  2000f36c    0000006c     drivers_cc32xx.a : PowerCC32XX.c.obj (.text.Power_setDependency)
                  2000f3d8    0000006c                      : UDMACC32XX.c.obj (.text.UDMACC32XX_open)
                  2000f444    0000006c                      : GPIOCC32XX.c.obj (.text.powerNotifyFxn)
                  2000f4b0    0000006c     libc.a : memory.c.obj (.text.split)
                  2000f51c    0000006a     driverlib.a : prcm.obj (.text.PRCMPeripheralReset)
                  2000f586    00000002     libc.a : _lock.c.obj (.text._nop)
                  2000f588    00000068     drivers_cc32xx.a : I2CCC32XX.c.obj (.text.I2CCC32XX_initHw)
                  2000f5f0    00000068     driverlib.a : interrupt.obj (.text.IntPendClear)
                  2000f658    00000066     drivers_cc32xx.a : I2CCC32XX.c.obj (.text.I2CCC32XX_primeWriteBurst)
                  2000f6be    00000002     nortos_cc32xx.a : startup_cc32xx_ticlang.c.obj (.text.busFaultHandler)
                  2000f6c0    00000060     drivers_cc32xx.a : GPIOCC32XX.c.obj (.text.GPIO_write)
                  2000f720    00000060                      : UART2CC32XX.c.obj (.text.UART2Support_dmaStopTx)
                  2000f780    0000005c     driverlib.a : flash.obj (.text.FlashDisable)
                  2000f7dc    0000005c     drivers_cc32xx.a : I2CCC32XX.c.obj (.text.I2CSupport_primeTransfer)
                  2000f838    0000005c     driverlib.a : prcm.obj (.text.PRCMHibernateWakeupSourceDisable)
                  2000f894    0000005c     drivers_cc32xx.a : TimerCC32XX.c.obj (.text.TimerCC32XX_allocateTimerResource)
                  2000f8f0    0000005a     driverlib.a : prcm.obj (.text.PRCMPeripheralClkEnable)
                  2000f94a    00000002     nortos_cc32xx.a : SemaphoreP_nortos.c.obj (.text.clkFxn)
                  2000f94c    00000058                     : ClockPSysTick_nortos.c.obj (.text.ClockP_startup)
                  2000f9a4    00000058     driverlib.a : interrupt.obj (.text.IntPrioritySet)
                  2000f9fc    00000056                 : prcm.obj (.text.PRCMLPDSEnter)
                  2000fa52    00000002     nortos_cc32xx.a : startup_cc32xx_ticlang.c.obj (.text.defaultHandler)
                  2000fa54    00000054     drivers_cc32xx.a : PowerCC32XX.c.obj (.text.PowerCC32XX_setParkState)
                  2000faa8    00000054                      : PowerCC32XX.c.obj (.text.Power_releaseDependency)
                  2000fafc    00000050                      : GPIOCC32XX.c.obj (.text.GPIO_hwiIntFxn)
                  2000fb4c    00000050     driverlib.a : prcm.obj (.text.PRCMHibernateWakeupSourceEnable)
                  2000fb9c    00000050     nortos_cc32xx.a : SemaphoreP_nortos.c.obj (.text.SemaphoreP_construct)
                  2000fbec    0000004e     driverlib.a : udma.obj (.text.uDMAChannelAssign)
                  2000fc3a    00000002     nortos_cc32xx.a : startup_cc32xx_ticlang.c.obj (.text.faultISR)
                  2000fc3c    0000004c     drivers_cc32xx.a : GPIOCC32XX.c.obj (.text.GPIO_setInterruptConfig)
                  2000fc88    0000004c     driverlib.a : prcm.obj (.text.PRCMLPDSRestoreInfoSet)
                  2000fcd4    0000004c     drivers_cc32xx.a : TimerCC32XX.c.obj (.text.initHw)
                  2000fd20    0000004c     gpiointerrupt.o (.text.timerCallback)
                  2000fd6c    0000004a     drivers_cc32xx.a : UART2CC32XX.c.obj (.text.UART2Support_dmaStopRx)
                  2000fdb6    0000004a                      : TimerCC32XX.c.obj (.text.getPrescaler)
                  2000fe00    0000004a     driverlib.a : udma.obj (.text.uDMAChannelSizeGet)
                  2000fe4a    00000002     nortos_cc32xx.a : startup_cc32xx_ticlang.c.obj (.text.nmiISR)
                  2000fe4c    00000048                     : ClockPSysTick_nortos.c.obj (.text.ClockP_sysTickHandler)
                  2000fe94    00000048     driverlib.a : prcm.obj (.text.PRCMIntEnable)
                  2000fedc    00000048                 : prcm.obj (.text.PRCMPeripheralStatusGet)
                  2000ff24    00000048                 : pin.obj (.text.PinConfigGet)
                  2000ff6c    00000048     libclang_rt.builtins.a : fixdfsi.S.obj (.text.__fixdfsi)
                  2000ffb4    00000046     drivers_cc32xx.a : I2CCC32XX.c.obj (.text.I2CCC32XX_fillTransmitFifo)
                  2000fffa    00000046     driverlib.a : prcm.obj (.text.PRCMLPDSEnterKeepDebugIf)
                  20010040    00000046     drivers_cc32xx.a : RingBuf.c.obj (.text.RingBuf_put)
                  20010086    00000044     driverlib.a : gpio.obj (.text.GPIODirModeSet)
                  200100ca    00000002     --HOLE-- [fill = 0]
                  200100cc    00000044     drivers_cc32xx.a : GPIOCC32XX.c.obj (.text.GPIO_disableInt)
                  20010110    00000044                      : GPIOCC32XX.c.obj (.text.GPIO_enableInt)
                  20010154    00000044                      : PowerCC32XX.c.obj (.text.Power_releaseConstraint)
                  20010198    00000044                      : Timer.c.obj (.text.Timer_start)
                  200101dc    00000044     nortos_cc32xx.a : ClockPSysTick_nortos.c.obj (.text.addToList)
                  20010220    00000044     libc.a : snprintf.c.obj (.text.snprintf)
                  20010264    00000042     driverlib.a : pin.obj (.text.PinModeSet)
                  200102a6    00000042                 : timer.obj (.text.TimerControlStall)
                  200102e8    00000042     drivers_cc32xx.a : TimerCC32XX.c.obj (.text.Timer_close)
                  2001032a    00000042     nortos_cc32xx.a : PowerCC32XX_nortos.c.obj (.text.getCountsRTC)
                  2001036c    00000040                     : SemaphoreP_nortos.c.obj (.text.SemaphoreP_post)
                  200103ac    00000040     drivers_cc32xx.a : Timer.c.obj (.text.Timer_stop)
                  200103ec    00000040     libc.a : atoi.c.obj (.text.atoi)
                  2001042c    00000040     driverlib.a : udma.obj (.text.uDMAChannelControlSet)
                  2001046c    0000003e                 : pin.obj (.text.PinDirModeSet)
                  200104aa    00000002     --HOLE-- [fill = 0]
                  200104ac    0000003c     nortos_cc32xx.a : ClockPSysTick_nortos.c.obj (.text.ClockP_stop)
                  200104e8    0000003c     drivers_cc32xx.a : UDMACC32XX.c.obj (.text.UDMACC32XX_init)
                  20010524    0000003a                      : TimerCC32XX.c.obj (.text.TimerSupport_timerEnable)
                  2001055e    00000002     --HOLE-- [fill = 0]
                  20010560    00000038     nortos_cc32xx.a : ClockPSysTick_nortos.c.obj (.text.ClockP_destruct)
                  20010598    00000038     drivers_cc32xx.a : PowerCC32XX.c.obj (.text.Power_setConstraint)
                  200105d0    00000038                      : RingBuf.c.obj (.text.RingBuf_putAdvance)
                  20010608    00000038     nortos_cc32xx.a : SwiP_nortos.c.obj (.text.SwiP_restore)
                  20010640    00000038     drivers_cc32xx.a : UDMACC32XX.c.obj (.text.UDMACC32XX_close)
                  20010678    00000038     gpiointerrupt.o (.text.initTimer)
                  200106b0    00000038     libc.a : autoinit.c.obj (.text:__TI_auto_init_nobinit_nopinit)
                  200106e8    00000036     driverlib.a : pin.obj (.text.PinLock)
                  2001071e    00000036     drivers_cc32xx.a : TimerCC32XX.c.obj (.text.TimerCC32XX_hwiIntFunction)
                  20010754    00000036     driverlib.a : uart.obj (.text.UARTCharPutNonBlocking)
                  2001078a    00000002     --HOLE-- [fill = 0]
                  2001078c    00000034     nortos_cc32xx.a : ClockPSysTick_nortos.c.obj (.text.ClockP_start)
                  200107c0    00000034     driverlib.a : i2c.obj (.text.I2CFIFODataPutNonBlocking)
                  200107f4    00000034                 : pin.obj (.text.PinDirModeGet)
                  20010828    00000034                 : pin.obj (.text.PinModeGet)
                  2001085c    00000034     drivers_cc32xx.a : PowerCC32XX.c.obj (.text.PowerCC32XX_parkPin)
                  20010890    00000034                      : TimerCC32XX.c.obj (.text.TimerCC32XX_freeTimerResource)
                  200108c4    00000034                      : UART2.c.obj (.text.UART2_rxDisable)
                  200108f8    00000034     nortos_cc32xx.a : startup_cc32xx_ticlang.c.obj (.text.initVectors)
                  2001092c    00000030                     : ClockPSysTick_nortos.c.obj (.text.ClockP_getTicksUntilInterrupt)
                  2001095c    00000030     driverlib.a : i2c.obj (.text.I2CFIFODataGetNonBlocking)
                  2001098c    00000030                 : prcm.obj (.text.PRCMLPDSIntervalSet)
                  200109bc    00000030                 : prcm.obj (.text.PRCMSlowClkCtrFastGet)
                  200109ec    00000030                 : timer.obj (.text.TimerLoadSet)
                  20010a1c    00000030                 : timer.obj (.text.TimerPrescaleSet)
                  20010a4c    00000030     libc.a : snprintf.c.obj (.text._outs)
                  20010a7c    00000030     drivers_cc32xx.a : PowerCC32XX.c.obj (.text.notify)
                  20010aac    0000002e     driverlib.a : gpio.obj (.text.GPIOIntStatus)
                  20010ada    0000002e     drivers_cc32xx.a : RingBuf.c.obj (.text.RingBuf_getConsume)
                  20010b08    0000002e                      : RingBuf.c.obj (.text.RingBuf_putPointer)
                  20010b36    0000002e     driverlib.a : uart.obj (.text.UARTDisable)
                  20010b64    0000002e     libclang_rt.builtins.a : floatsidf.S.obj (.text.__floatsidf)
                  20010b92    0000002c     driverlib.a : i2c.obj (.text.I2CMasterIntStatusEx)
                  20010bbe    0000002c     drivers_cc32xx.a : UART2CC32XX.c.obj (.text.UART2CC32XX_getRxData)
                  20010bea    00000002     --HOLE-- [fill = 0]
                  20010bec    0000002c     gpiointerrupt.o (.text.initUART)
                  20010c18    0000002a     nortos_cc32xx.a : HwiPCC32XX_nortos.c.obj (.text.HwiP_create)
                  20010c42    0000002a     driverlib.a : prcm.obj (.text.PRCMLPDSWakeUpGPIOSelect)
                  20010c6c    0000002a                 : prcm.obj (.text.PRCMPeripheralClkDisable)
                  20010c96    0000002a                 : uart.obj (.text.UARTIntStatus)
                  20010cc0    00000028                 : i2c.obj (.text.I2CMasterBusBusy)
                  20010ce8    00000028                 : i2c.obj (.text.I2CMasterSlaveAddrSet)
                  20010d10    00000028                 : i2c.obj (.text.I2CTxFIFOConfigSet)
                  20010d38    00000028     drivers_cc32xx.a : I2C.c.obj (.text.I2C_cancel)
                  20010d60    00000028                      : List.c.obj (.text.List_remove)
                  20010d88    00000028     driverlib.a : prcm.obj (.text.PRCMSRAMRetentionEnable)
                  20010db0    00000028     drivers_cc32xx.a : PowerCC32XX.c.obj (.text.PowerCC32XX_getParkState)
                  20010dd8    00000028                      : TimerCC32XX.c.obj (.text.TimerSupport_timerDisable)
                  20010e00    00000028     libc.a : memory.c.obj (.text.free_list_insert)
                  20010e28    00000028     gpiointerrupt.o (.text.initI2C)
                  20010e50    00000024     driverlib.a : i2c.obj (.text.I2CRxFIFOConfigSet)
                  20010e74    00000024                 : interrupt.obj (.text.IntUnregister)
                  20010e98    00000024     drivers_cc32xx.a : List.c.obj (.text.List_put)
                  20010ebc    00000024     driverlib.a : prcm.obj (.text.PRCMLPDSWakeupSourceEnable)
                  20010ee0    00000024     drivers_cc32xx.a : PowerCC32XX.c.obj (.text.PowerCC32XX_restoreParkState)
                  20010f04    00000024                      : PowerCC32XX.c.obj (.text.PowerCC32XX_restoreParkedPin)
                  20010f28    00000024                      : PowerCC32XX.c.obj (.text.Power_registerNotify)
                  20010f4c    00000024                      : UART2CC32XX.c.obj (.text.UART2Support_disableRx)
                  20010f70    00000024     libc.a : boot_cortex_m.c.obj (.text:_c_int00_noargs)
                  20010f94    00000022     driverlib.a : gpio.obj (.text.GPIOPinWrite)
                  20010fb6    00000022                 : pin.obj (.text.PinUnlock)
                  20010fd8    00000022     drivers_cc32xx.a : RingBuf.c.obj (.text.RingBuf_getPointer)
                  20010ffa    00000022                      : UART2CC32XX.c.obj (.text.UART2Support_sendData)
                  2001101c    00000020     driverlib.a : interrupt.obj (.text.IntRegister)
                  2001103c    00000020                 : pin.obj (.text.PinTypeI2C)
                  2001105c    00000020     drivers_cc32xx.a : PowerCC32XX.c.obj (.text.PowerCC32XX_reset)
                  2001107c    00000020                      : PowerCC32XX.c.obj (.text.Power_unregisterNotify)
                  2001109c    00000020     nortos_cc32xx.a : SemaphoreP_nortos.c.obj (.text.SemaphoreP_constructBinary)
                  200110bc    00000020                     : SemaphoreP_nortos.c.obj (.text.SemaphoreP_createBinary)
                  200110dc    00000020     driverlib.a : timer.obj (.text.TimerDisable)
                  200110fc    0000001e                 : pin.obj (.text.PinTypeUART)
                  2001111a    0000001e     drivers_cc32xx.a : UART2.c.obj (.text.UART2_writeTimeout)
                  20011138    0000001e     driverlib.a : uart.obj (.text.UARTEnable)
                  20011156    0000001e     libc.a : memccpy.c.obj (.text.memccpy)
                  20011174    0000001e     driverlib.a : udma.obj (.text.uDMAChannelDisable)
                  20011192    0000001e                 : udma.obj (.text.uDMAChannelEnable)
                  200111b0    0000001e                 : udma.obj (.text.uDMAChannelIsEnabled)
                  200111ce    00000002     --HOLE-- [fill = 0]
                  200111d0    0000001c     drivers_cc32xx.a : GPIO.c.obj (.text.GPIO_setCallback)
                  200111ec    0000001c     nortos_cc32xx.a : HwiPCC32XX_nortos.c.obj (.text.HwiP_dispatch)
                  20011208    0000001c                     : SwiP_nortos.c.obj (.text.SwiP_disable)
                  20011224    0000001c     libc.a : memory.c.obj (.text.free_list_remove)
                  20011240    0000001c     drivers_cc32xx.a : TimerCC32XX.c.obj (.text.getPowerMgrId)
                  2001125c    0000001c     nortos_cc32xx.a : startup_cc32xx_ticlang.c.obj (.text.resetISR)
                  20011278    0000001a     driverlib.a : gpio.obj (.text.GPIOIntDisable)
                  20011292    0000001a                 : prcm.obj (.text.PRCMHIBRegRead)
                  200112ac    0000001a                 : prcm.obj (.text.PRCMHIBRegWrite)
                  200112c6    0000001a                 : prcm.obj (.text.PRCMLPDSWakeupSourceDisable)
                  200112e0    0000001a                 : pin.obj (.text.PinToPadGet)
                  200112fa    0000001a                 : timer.obj (.text.TimerEnable)
                  20011314    0000001a                 : uart.obj (.text.UARTFlowControlSet)
                  2001132e    00000018                 : gpio.obj (.text.GPIOIntEnable)
                  20011346    00000018     nortos_cc32xx.a : SemaphoreP_nortos.c.obj (.text.SemaphoreP_create)
                  2001135e    00000018     libc.a : snprintf.c.obj (.text._outc)
                  20011376    00000016     ti_drivers_config.o (.text.Board_init)
                  2001138c    00000016     driverlib.a : i2c.obj (.text.I2CMasterBurstLengthSet)
                  200113a2    00000016                 : i2c.obj (.text.I2CMasterIntDisableEx)
                  200113b8    00000016                 : i2c.obj (.text.I2CRxFIFOFlush)
                  200113ce    00000016                 : i2c.obj (.text.I2CTxFIFOFlush)
                  200113e4    00000016                 : systick.obj (.text.SysTickPeriodSet)
                  200113fa    00000016                 : timer.obj (.text.TimerIntDisable)
                  20011410    00000016                 : uart.obj (.text.UARTCharsAvail)
                  20011426    00000016                 : uart.obj (.text.UARTDMADisable)
                  2001143c    00000016                 : uart.obj (.text.UARTFIFOLevelSet)
                  20011452    00000016                 : uart.obj (.text.UARTIntDisable)
                  20011468    00000014                 : cpu.obj (.text.CPUcpsid)
                  2001147c    00000014                 : cpu.obj (.text.CPUcpsie)
                  20011490    00000014     nortos_cc32xx.a : HwiPCC32XX_nortos.c.obj (.text.HwiP_destruct)
                  200114a4    00000014     driverlib.a : i2c.obj (.text.I2CMasterIntEnableEx)
                  200114b8    00000014                 : interrupt.obj (.text.IntVTableBaseSet)
                  200114cc    00000014     drivers_cc32xx.a : PowerCC32XX.c.obj (.text.Power_disablePolicy)
                  200114e0    00000014                      : PowerCC32XX.c.obj (.text.Power_getTransitionLatency)
                  200114f4    00000014                      : PowerCC32XX.c.obj (.text.Power_idleFunc)
                  20011508    00000014     driverlib.a : timer.obj (.text.TimerIntEnable)
                  2001151c    00000014                 : uart.obj (.text.UARTDMAEnable)
                  20011530    00000014                 : uart.obj (.text.UARTIntEnable)
                  20011544    00000014     libclang_rt.builtins.a : aeabi_uldivmod.S.obj (.text.__aeabi_uldivmod)
                  20011558    00000014     driverlib.a : udma.obj (.text.uDMAControlBaseSet)
                  2001156c    00000014                 : udma.obj (.text.uDMAIntClear)
                  20011580    00000012     nortos_cc32xx.a : ClockPSysTick_nortos.c.obj (.text.ClockP_add)
                  20011592    00000012     driverlib.a : gpio.obj (.text.GPIOIntClear)
                  200115a4    00000012     nortos_cc32xx.a : HwiPCC32XX_nortos.c.obj (.text.HwiP_Params_init)
                  200115b6    00000012                     : HwiPCC32XX_nortos.c.obj (.text.HwiP_delete)
                  200115c8    00000012     driverlib.a : i2c.obj (.text.I2CMasterDisable)
                  200115da    00000012                 : i2c.obj (.text.I2CMasterEnable)
                  200115ec    00000012     drivers_cc32xx.a : I2C.c.obj (.text.I2C_transfer)
                  200115fe    00000012     driverlib.a : systick.obj (.text.SysTickEnable)
                  20011610    00000012                 : systick.obj (.text.SysTickIntDisable)
                  20011622    00000012                 : systick.obj (.text.SysTickIntEnable)
                  20011634    00000012     drivers_cc32xx.a : UDMACC32XX.c.obj (.text.postNotifyFxn)
                  20011646    00000012     libc.a : memcpy_t2.S.obj (.text:TI_memcpy_small)
                  20011658    00000010     nortos_cc32xx.a : ClockPSysTick_nortos.c.obj (.text.ClockP_getCpuFreq)
                  20011668    00000010                     : ClockPSysTick_nortos.c.obj (.text.ClockP_getSystemTicks)
                  20011678    00000010                     : ClockPSysTick_nortos.c.obj (.text.ClockP_setTicks)
                  20011688    00000010                     : HwiPCC32XX_nortos.c.obj (.text.HwiP_inISR)
                  20011698    00000010     driverlib.a : i2c.obj (.text.I2CMasterControl)
                  200116a8    00000010                 : i2c.obj (.text.I2CMasterIntClearEx)
                  200116b8    00000010                 : i2c.obj (.text.I2CMasterTimeoutSet)
                  200116c8    00000010     drivers_cc32xx.a : PowerCC32XX.c.obj (.text.Power_enablePolicy)
                  200116d8    00000010                      : RingBuf.c.obj (.text.RingBuf_construct)
                  200116e8    00000010     driverlib.a : timer.obj (.text.TimerIntClear)
                  200116f8    00000010     drivers_cc32xx.a : Timer.c.obj (.text.Timer_Params_init)
                  20011708    00000010                      : UART2CC32XX.c.obj (.text.UART2Support_txDone)
                  20011718    00000010     driverlib.a : uart.obj (.text.UARTBusy)
                  20011728    00000010                 : uart.obj (.text.UARTIntClear)
                  20011738    00000010                 : uart.obj (.text.UARTRxErrorGet)
                  20011748    00000010     gpiointerrupt.o (.text.gpioButtonFxn0)
                  20011758    00000010     gpiointerrupt.o (.text.gpioButtonFxn1)
                  20011768    00000010     main_nortos.o (.text.main)
                  20011778    00000010     libc.a : wcslen.c.obj (.text.wcslen)
                  20011788    00000010            : copy_zero_init.c.obj (.text:decompress:ZI)
                  20011798    0000000e     nortos_cc32xx.a : HwiPCC32XX_nortos.c.obj (.text.HwiP_interruptsEnabled)
                  200117a6    0000000e     driverlib.a : i2c.obj (.text.I2CFIFOStatus)
                  200117b4    0000000e     drivers_cc32xx.a : UART2.c.obj (.text.UART2_write)
                  200117c2    0000000e     libc.a : _printfi.c.obj (.text.strlen)
                  200117d0    0000000e     driverlib.a : udma.obj (.text.uDMAEnable)
                  200117de    0000000e                 : udma.obj (.text.uDMAErrorStatusClear)
                  200117ec    0000000e     libc.a : memset_t2.S.obj (.text:TI_memset_small)
                  200117fa    0000000e            : copy_decompress_none.c.obj (.text:decompress:none)
                  20011808    0000000c     driverlib.a : cpu.obj (.text.CPUwfi)
                  20011814    0000000c     drivers_cc32xx.a : I2CCC32XX.c.obj (.text.I2CCC32XX_postNotify)
                  20011820    0000000c                      : I2C.c.obj (.text.I2C_Params_init)
                  2001182c    0000000c                      : I2CCC32XX.c.obj (.text.OUTLINED_FUNCTION_0)
                  20011838    0000000c                      : UART2CC32XX.c.obj (.text.OUTLINED_FUNCTION_0)
                  20011844    0000000c     driverlib.a : prcm.obj (.text.PRCMLPDSWakeupCauseGet)
                  20011850    0000000c     drivers_cc32xx.a : PowerCC32XX.c.obj (.text.Power_getConstraintMask)
                  2001185c    0000000c                      : UART2CC32XX.c.obj (.text.UART2CC32XX_postNotifyFxn)
                  20011868    0000000c                      : UART2CC32XX.c.obj (.text.UART2Support_disableTx)
                  20011874    0000000c                      : UART2CC32XX.c.obj (.text.UART2Support_enableTx)
                  20011880    0000000c                      : UART2.c.obj (.text.UART2_Params_init)
                  2001188c    0000000c                      : TimerCC32XX.c.obj (.text.postNotifyFxn)
                  20011898    0000000c     driverlib.a : udma.obj (.text.uDMAErrorStatusGet)
                  200118a4    0000000a                 : cpu.obj (.text.CPUprimask)
                  200118ae    0000000a     nortos_cc32xx.a : ClockPSysTick_nortos.c.obj (.text.ClockP_isActive)
                  200118b8    0000000a     driverlib.a : interrupt.obj (.text.IntMasterDisable)
                  200118c2    0000000a                 : interrupt.obj (.text.IntMasterEnable)
                  200118cc    0000000a     drivers_cc32xx.a : UART2CC32XX.c.obj (.text.OUTLINED_FUNCTION_1)
                  200118d6    0000000a                      : UART2CC32XX.c.obj (.text.OUTLINED_FUNCTION_2)
                  200118e0    0000000a     libclang_rt.builtins.a : aeabi_memset.S.obj (.text.__aeabi_memset)
                  200118ea    0000000a     ti_drivers_config.o (.text.dmaErrorFxn)
                  200118f4    00000008     nortos_cc32xx.a : HwiPCC32XX_nortos.c.obj (.text.HwiP_restore)
                  200118fc    00000008     drivers_cc32xx.a : I2CCC32XX.c.obj (.text.I2CCC32XX_blockingCallback)
                  20011904    00000008                      : I2CCC32XX.c.obj (.text.I2CSupport_controllerFinish)
                  2001190c    00000008     driverlib.a : prcm.obj (.text.PRCMSleepEnter)
                  20011914    00000008                 : utils.obj (.text.UtilsDelay)
                  2001191c    00000008     libc.a : aeabi_portable.c.obj (.text.__aeabi_errno_addr)
                  20011924    00000008     libclang_rt.builtins.a : aeabi_memset.S.obj (.text.__aeabi_memclr)
                  2001192c    00000008     libc.a : memory.c.obj (.text.malloc)
                  20011934    00000006     drivers_cc32xx.a : I2CCC32XX.c.obj (.text.I2CSupport_powerRelConstraint)
                  2001193a    00000006                      : I2CCC32XX.c.obj (.text.I2CSupport_powerSetConstraint)
                  20011940    00000006                      : UART2CC32XX.c.obj (.text.UART2Support_powerRelConstraint)
                  20011946    00000004     nortos_cc32xx.a : ClockPSysTick_nortos.c.obj (.text.ClockP_doTick)
                  2001194a    00000004                     : HwiPCC32XX_nortos.c.obj (.text.HwiP_clearInterrupt)
                  2001194e    00000004                     : HwiPCC32XX_nortos.c.obj (.text.HwiP_disableInterrupt)
                  20011952    00000004                     : HwiPCC32XX_nortos.c.obj (.text.HwiP_enable)
                  20011956    00000004                     : HwiPCC32XX_nortos.c.obj (.text.HwiP_enableInterrupt)
                  2001195a    00000004                     : HwiPCC32XX_nortos.c.obj (.text.HwiP_post)
                  2001195e    00000004     driverlib.a : interrupt.obj (.text.IntDefaultHandler)
                  20011962    00000004     nortos_cc32xx.a : NoRTOS.c.obj (.text.NoRTOS_start)
                  20011966    00000004     drivers_cc32xx.a : RingBuf.c.obj (.text.RingBuf_getCount)
                  2001196a    00000004     nortos_cc32xx.a : SemaphoreP_nortos.c.obj (.text.SemaphoreP_delete)
                  2001196e    00000002     --HOLE-- [fill = 0]
                  20011970    00000004     libclang_rt.builtins.a : aeabi_memcpy.S.obj (.text.__aeabi_memcpy)
                  20011974    00000004     libc.a : pre_init.c.obj (.text._system_pre_init)
                  20011978    00000004            : exit.c.obj (.text:abort)

.ramVecs   0    20000000    0000030c     NOLOAD SECTION
                  20000000    0000030c     nortos_cc32xx.a : startup_cc32xx_ticlang.c.obj (.ramVecs)

.stack     0    20003000    00001000     UNINITIALIZED
                  20003000    00000004     libc.a : boot_cortex_m.c.obj (.stack)
                  20003004    00000ffc     --HOLE--

.resetVecs 
*          0    20004000    00000040     
                  20004000    00000040     nortos_cc32xx.a : startup_cc32xx_ticlang.c.obj (.resetVecs)

.sysmem    0    20004040    00008000     UNINITIALIZED
                  20004040    00000010     libc.a : memory.c.obj (.sysmem)
                  20004050    00007ff0     --HOLE--

.cinit     0    2001197c    000000fc     
                  2001197c    000000d7     (.cinit..data.load) [load image, compression = lzss]
                  20011a53    00000001     --HOLE-- [fill = 0]
                  20011a54    0000000c     (__TI_handler_table)
                  20011a60    00000008     (.cinit..bss.load) [load image, compression = zero_init]
                  20011a68    00000010     (__TI_cinit_table)

.rodata    0    20012cd0    00000599     
                  20012cd0    00000101     libc.a : aeabi_ctype.S.obj (.rodata:__aeabi_ctype_table_)
                  20012dd1    00000002     drivers_cc32xx.a : UART2CC32XX.c.obj (.rodata.stopBits)
                  20012dd3    00000001     ti_drivers_config.o (.rodata.GPIO_pinUpperBound)
                  20012dd4    00000100     driverlib.a : pin.obj (.rodata.g_ulPinToPadMap)
                  20012ed4    000000d4                 : interrupt.obj (.rodata.g_pulRegs)
                  20012fa8    000000a8                 : prcm.obj (.rodata.PRCM_PeriphRegsList)
                  20013050    00000044     ti_drivers_config.o (.rodata.PowerCC32XX_config)
                  20013094    00000038     ti_drivers_config.o (.rodata.uart2CC32XXHWAttrs0)
                  200130cc    00000028     drivers_cc32xx.a : GPIOCC32XX.c.obj (.rodata.portConfigs)
                  200130f4    00000024                      : UART2.c.obj (.rodata.UART2_defaultParams)
                  20013118    00000021                      : GPIOCC32XX.c.obj (.rodata.pinTable)
                  20013139    00000001     ti_drivers_config.o (.rodata.I2C_count)
                  2001313a    00000001     ti_drivers_config.o (.rodata.Timer_count)
                  2001313b    00000001     ti_drivers_config.o (.rodata.UART2_count)
                  2001313c    00000018     driverlib.a : interrupt.obj (.rodata.g_pulDisRegs)
                  20013154    00000018                 : interrupt.obj (.rodata.g_pulEnRegs)
                  2001316c    00000018                 : interrupt.obj (.rodata.g_pulPendRegs)
                  20013184    00000018                 : interrupt.obj (.rodata.g_pulUnpendRegs)
                  2001319c    00000016     gpiointerrupt.o (.rodata.str1.119337933097536889411)
                  200131b2    00000002     --HOLE-- [fill = 0]
                  200131b4    00000014     ti_drivers_config.o (.rodata.i2cCC32XXHWAttrs)
                  200131c8    00000011     libc.a : _printfi.c.obj (.rodata.str1.11645776875810915891)
                  200131d9    00000011            : _printfi.c.obj (.rodata.str1.44690500295887128011)
                  200131ea    00000002     --HOLE-- [fill = 0]
                  200131ec    00000010     ti_drivers_config.o (.rodata.GPIO_config)
                  200131fc    00000010     drivers_cc32xx.a : I2CCC32XX.c.obj (.rodata.cst16)
                  2001320c    00000010     ti_drivers_config.o (.rodata.timerCC32XXHWAttrs)
                  2001321c    0000000c     drivers_cc32xx.a : Timer.c.obj (.rodata.defaultParams)
                  20013228    0000000c                      : TimerCC32XX.c.obj (.rodata.defaultParams)
                  20013234    0000000c     ti_drivers_config.o (.rodata.udmaCC3220SHWAttrs)
                  20013240    00000008     ti_drivers_config.o (.rodata.I2C_config)
                  20013248    00000008     ti_drivers_config.o (.rodata.Timer_config)
                  20013250    00000008     ti_drivers_config.o (.rodata.UART2_config)
                  20013258    00000008     ti_drivers_config.o (.rodata.UDMACC32XX_config)
                  20013260    00000005     drivers_cc32xx.a : UART2CC32XX.c.obj (.rodata.parityType)
                  20013265    00000004                      : UART2CC32XX.c.obj (.rodata.cst4)

.init_array 
*          0    20004000    00000000     UNINITIALIZED

.bss       0    20011c00    00000a20     UNINITIALIZED
                  20011c00    00000400     ti_drivers_config.o (.bss.dmaControlTable)
                  20012000    00000178     (.common:uart2CC32XXObjects0)
                  20012178    0000012c     (.common:PowerCC32XX_contextSave)
                  200122a4    000000fc     (.common:i2cCC32XXObjects)
                  200123a0    00000084     (.common:gpioCallbackFunctions)
                  20012424    00000084     (.common:gpioUserArgs)
                  200124a8    00000084     (.common:timerCC32XXObjects)
                  2001252c    00000040     (.common:output)
                  2001256c    00000024     (.common:uartParams)
                  20012590    00000020     ti_drivers_config.o (.bss.uart2RxRingBuffer0)
                  200125b0    00000020     ti_drivers_config.o (.bss.uart2TxRingBuffer0)
                  200125d0    00000014     drivers_cc32xx.a : UDMACC32XX.c.obj (.bss.postNotifyObj)
                  200125e4    00000004     nortos_cc32xx.a : ClockPSysTick_nortos.c.obj (.bss.sysTickPeriod)
                  200125e8    00000010     (.common:ClockP_ctrl)
                  200125f8    00000010     (.common:i2cParams)
                  20012608    00000008     (.common:udmaCC3220SObject)
                  20012610    00000004     libc.a : memory.c.obj (.bss.sys_free)
                  20012614    00000004     drivers_cc32xx.a : TimerCC32XX.c.obj (.bss.timerState.0)
                  20012618    00000004     (.common:i2c)
                  2001261c    00000004     (.common:uart)

.data      0    20012620    000006a5     UNINITIALIZED
                  20012620    0000030c     nortos_cc32xx.a : HwiPCC32XX_nortos.c.obj (.data.HwiP_dispatchTable)
                  2001292c    0000016c     drivers_cc32xx.a : PowerCC32XX.c.obj (.data.PowerCC32XX_module)
                  20012a98    000000f8     ti_drivers_config.o (.data.parkInfo)
                  20012b90    00000084     ti_drivers_config.o (.data.gpioPinConfigs)
                  20012c14    0000004c     nortos_cc32xx.a : SwiP_nortos.c.obj (.data..L_MergedGlobals)
                  20012c60    00000018     drivers_cc32xx.a : GPIOCC32XX.c.obj (.data..L_MergedGlobals)
                  20012c78    00000018     gpiointerrupt.o (.data..L_MergedGlobals)
                  20012c90    00000010     nortos_cc32xx.a : SemaphoreP_nortos.c.obj (.data..L_MergedGlobals)
                  20012ca0    00000008     drivers_cc32xx.a : UDMACC32XX.c.obj (.data..L_MergedGlobals)
                  20012ca8    00000008     nortos_cc32xx.a : ClockPSysTick_nortos.c.obj (.data..L_MergedGlobals)
                  20012cb0    00000004                     : HwiPCC32XX_nortos.c.obj (.data.HwiP_swiPIntNum)
                  20012cb4    00000004     libc.a : aeabi_portable.c.obj (.data.__aeabi_errno)
                  20012cb8    00000004            : _lock.c.obj (.data._lock)
                  20012cbc    00000004            : _lock.c.obj (.data._unlock)
                  20012cc0    00000001     drivers_cc32xx.a : GPIOCC32XX.c.obj (.data.initCalled)
                  20012cc1    00000001                      : GPIOCC32XX.c.obj (.data.portHwiCreatedBitMask)
                  20012cc2    00000002     --HOLE--
                  20012cc4    00000001     libc.a : memory.c.obj (.data.memory_is_initialized)

.log_data 
*          0    90000000    00000000     COPY SECTION

.log_ptr   0    94000008    00000000     COPY SECTION

__llvm_prf_cnts 
*          0    20004000    00000000     UNINITIALIZED

__llvm_prf_bits 
*          0    20004000    00000000     UNINITIALIZED

MODULE SUMMARY

       Module                         code    ro data   rw data
       ------                         ----    -------   -------
    .\
       gpiointerrupt.o                556     22        148    
       main_nortos.o                  16      0         0      
    +--+------------------------------+-------+---------+---------+
       Total:                         572     22        148    
                                                               
    .\syscfg\
       ti_drivers_config.o            34      224       2500   
    +--+------------------------------+-------+---------+---------+
       Total:                         34      224       2500   
                                                               
    C:/ti/simplelink_cc32xx_sdk_7_10_00_13/kernel/nortos/lib/ticlang/m4/nortos_cc32xx.a
       HwiPCC32XX_nortos.c.obj        308     0         784    
       startup_cc32xx_ticlang.c.obj   88      64        780    
       ClockPSysTick_nortos.c.obj     524     0         28     
       SemaphoreP_nortos.c.obj        392     0         16     
       PowerCC32XX_nortos.c.obj       404     0         0      
       SwiP_nortos.c.obj              84      0         76     
       NoRTOS.c.obj                   4       0         0      
    +--+------------------------------+-------+---------+---------+
       Total:                         1804    64        1684   
                                                               
    C:/ti/simplelink_cc32xx_sdk_7_10_00_13/source/ti/devices/cc32xx/driverlib/ticlang/Release/driverlib.a
       prcm.obj                       2564    168       0      
       interrupt.obj                  868     308       0      
       pin.obj                        750     256       0      
       udma.obj                       806     0         0      
       i2c.obj                        658     0         0      
       uart.obj                       490     0         0      
       gpio.obj                       388     0         0      
       timer.obj                      278     0         0      
       flash.obj                      92      0         0      
       systick.obj                    76      0         0      
       cpu.obj                        62      0         0      
       utils.obj                      8       0         0      
    +--+------------------------------+-------+---------+---------+
       Total:                         7040    732       0      
                                                               
    C:/ti/simplelink_cc32xx_sdk_7_10_00_13/source/ti/drivers/lib/ticlang/m4/drivers_cc32xx.a
       PowerCC32XX.c.obj              2052    0         664    
       UART2CC32XX.c.obj              2198    11        0      
       I2CCC32XX.c.obj                1242    16        0      
       GPIOCC32XX.c.obj               960     73        26     
       TimerCC32XX.c.obj              880     12        4      
       UART2.c.obj                    762     36        0      
       I2C.c.obj                      364     0         0      
       RingBuf.c.obj                  272     0         0      
       UDMACC32XX.c.obj               242     0         28     
       Timer.c.obj                    148     12        0      
       PowerCC32XX_ticlang.asm.obj    150     0         0      
       List.c.obj                     76      0         0      
       GPIO.c.obj                     28      0         0      
    +--+------------------------------+-------+---------+---------+
       Total:                         9374    160       722    
                                                               
    C:\ti\ccs1280\ccs\tools\compiler\ti-cgt-armllvm_3.2.2.LTS\lib\armv7em-ti-none-eabi/c/libc.a
       _printfi.c.obj                 2170    34        0      
       memory.c.obj                   712     0         5      
       aeabi_ctype.S.obj              0       257       0      
       snprintf.c.obj                 140     0         0      
       copy_decompress_lzss.c.obj     112     0         0      
       atoi.c.obj                     64      0         0      
       autoinit.c.obj                 56      0         0      
       boot_cortex_m.c.obj            36      0         0      
       memccpy.c.obj                  30      0         0      
       memcpy_t2.S.obj                18      0         0      
       copy_zero_init.c.obj           16      0         0      
       wcslen.c.obj                   16      0         0      
       copy_decompress_none.c.obj     14      0         0      
       memset_t2.S.obj                14      0         0      
       aeabi_portable.c.obj           8       0         4      
       _lock.c.obj                    2       0         8      
       exit.c.obj                     4       0         0      
       pre_init.c.obj                 4       0         0      
    +--+------------------------------+-------+---------+---------+
       Total:                         3416    291       17     
                                                               
    C:\ti\ccs1280\ccs\tools\compiler\ti-cgt-armllvm_3.2.2.LTS\lib\clang/15.0.7/lib/armv7em-ti-none-eabi/libclang_rt.builtins.a
       muldf3.S.obj                   252     0         0      
       udivmoddi4.S.obj               176     0         0      
       fixdfsi.S.obj                  72      0         0      
       floatsidf.S.obj                46      0         0      
       aeabi_uldivmod.S.obj           20      0         0      
       aeabi_memset.S.obj             18      0         0      
       aeabi_memcpy.S.obj             4       0         0      
       aeabi_div0.c.obj               2       0         0      
    +--+------------------------------+-------+---------+---------+
       Total:                         590     0         0      
                                                               
       Heap:                          0       0         32768  
       Stack:                         0       0         4096   
       Linker Generated:              0       251       0      
    +--+------------------------------+-------+---------+---------+
       Grand Total:                   22830   1744      41935  


LINKER GENERATED COPY TABLES

__TI_cinit_table @ 20011a68 records: 2, size/record: 8, table size: 16
	.data: load addr=2001197c, load size=000000d7 bytes, run addr=20012620, run size=000006a5 bytes, compression=lzss
	.bss: load addr=20011a60, load size=00000008 bytes, run addr=20011c00, run size=00000a20 bytes, compression=zero_init


LINKER GENERATED HANDLER TABLE

__TI_handler_table @ 20011a54 records: 3, size/record: 4, table size: 12
	index: 0, handler: __TI_decompress_lzss
	index: 1, handler: __TI_decompress_none
	index: 2, handler: __TI_zero_init


GLOBAL SYMBOLS: SORTED ALPHABETICALLY BY Name 

address   name                             
-------   ----                             
20011377  Board_init                       
2000d36b  Board_initHook                   
20011978  C$$EXIT                          
20011469  CPUcpsid                         
2001147d  CPUcpsie                         
200118a5  CPUprimask                       
20011809  CPUwfi                           
20011581  ClockP_add                       
200125e8  ClockP_ctrl                      
20010561  ClockP_destruct                  
20011947  ClockP_doTick                    
20011659  ClockP_getCpuFreq                
20011669  ClockP_getSystemTicks            
2001092d  ClockP_getTicksUntilInterrupt    
200118af  ClockP_isActive                  
20011679  ClockP_setTicks                  
2001078d  ClockP_start                     
2000f94d  ClockP_startup                   
200104ad  ClockP_stop                      
2000fe4d  ClockP_sysTickHandler            
20012cac  ClockP_tickPeriod                
2000f781  FlashDisable                     
20010087  GPIODirModeSet                   
20011593  GPIOIntClear                     
20011279  GPIOIntDisable                   
2001132f  GPIOIntEnable                    
20010aad  GPIOIntStatus                    
2000e939  GPIOIntTypeSet                   
20010f95  GPIOPinWrite                     
200131ec  GPIO_config                      
200100cd  GPIO_disableInt                  
20010111  GPIO_enableInt                   
2000fafd  GPIO_hwiIntFxn                   
2000ee29  GPIO_init                        
20012dd3  GPIO_pinUpperBound               
200111d1  GPIO_setCallback                 
2000d945  GPIO_setConfig                   
2000fc3d  GPIO_setInterruptConfig          
2000f6c1  GPIO_write                       
200115a5  HwiP_Params_init                 
2001194b  HwiP_clearInterrupt              
2000f0c5  HwiP_construct                   
20010c19  HwiP_create                      
200115b7  HwiP_delete                      
20011491  HwiP_destruct                    
2000ecf9  HwiP_disable                     
2001194f  HwiP_disableInterrupt            
200111ed  HwiP_dispatch                    
20011953  HwiP_enable                      
20011957  HwiP_enableInterrupt             
20011689  HwiP_inISR                       
20011799  HwiP_interruptsEnabled           
2001195b  HwiP_post                        
200118f5  HwiP_restore                     
20012cb0  HwiP_swiPIntNum                  
2001095d  I2CFIFODataGetNonBlocking        
200107c1  I2CFIFODataPutNonBlocking        
200117a7  I2CFIFOStatus                    
2001138d  I2CMasterBurstLengthSet          
20010cc1  I2CMasterBusBusy                 
20011699  I2CMasterControl                 
200115c9  I2CMasterDisable                 
200115db  I2CMasterEnable                  
2000ebc7  I2CMasterInitExpClk              
200116a9  I2CMasterIntClearEx              
200113a3  I2CMasterIntDisableEx            
200114a5  I2CMasterIntEnableEx             
20010b93  I2CMasterIntStatusEx             
20010ce9  I2CMasterSlaveAddrSet            
200116b9  I2CMasterTimeoutSet              
20010e51  I2CRxFIFOConfigSet               
200113b9  I2CRxFIFOFlush                   
20011905  I2CSupport_controllerFinish      
20011935  I2CSupport_powerRelConstraint    
2001193b  I2CSupport_powerSetConstraint    
2000f7dd  I2CSupport_primeTransfer         
20010d11  I2CTxFIFOConfigSet               
200113cf  I2CTxFIFOFlush                   
20011821  I2C_Params_init                  
20010d39  I2C_cancel                       
20013240  I2C_config                       
20013139  I2C_count                        
2000e21d  I2C_open                         
200115ed  I2C_transfer                     
2000dbbd  I2C_transferTimeout              
UNDEFED   ITM_flush                        
UNDEFED   ITM_restore                      
2000e4b9  IntDisable                       
2000e581  IntEnable                        
200118b9  IntMasterDisable                 
200118c3  IntMasterEnable                  
2000f5f1  IntPendClear                     
2000e9e5  IntPendSet                       
2000f9a5  IntPrioritySet                   
2001101d  IntRegister                      
20010e75  IntUnregister                    
200114b9  IntVTableBaseSet                 
20010e99  List_put                         
20010d61  List_remove                      
20011963  NoRTOS_start                     
2000c8ad  PRCMCC3200MCUInit                
20011293  PRCMHIBRegRead                   
200112ad  PRCMHIBRegWrite                  
2000f139  PRCMHibernateWakeUpGPIOSelect    
2000f839  PRCMHibernateWakeupSourceDisable 
2000fb4d  PRCMHibernateWakeupSourceEnable  
2000fe95  PRCMIntEnable                    
2000f9fd  PRCMLPDSEnter                    
2000fffb  PRCMLPDSEnterKeepDebugIf         
2001098d  PRCMLPDSIntervalSet              
2000fc89  PRCMLPDSRestoreInfoSet           
20010c43  PRCMLPDSWakeUpGPIOSelect         
20011845  PRCMLPDSWakeupCauseGet           
200112c7  PRCMLPDSWakeupSourceDisable      
20010ebd  PRCMLPDSWakeupSourceEnable       
20010c6d  PRCMPeripheralClkDisable         
2000f8f1  PRCMPeripheralClkEnable          
2000f51d  PRCMPeripheralReset              
2000fedd  PRCMPeripheralStatusGet          
20010d89  PRCMSRAMRetentionEnable          
2001190d  PRCMSleepEnter                   
200109bd  PRCMSlowClkCtrFastGet            
2000eeb9  PRCMSysResetCauseGet             
2000ff25  PinConfigGet                     
2000ea89  PinConfigSet                     
200107f5  PinDirModeGet                    
2001046d  PinDirModeSet                    
200106e9  PinLock                          
2000f301  PinLockLevelSet                  
20010829  PinModeGet                       
20010265  PinModeSet                       
200112e1  PinToPadGet                      
2001103d  PinTypeI2C                       
200110fd  PinTypeUART                      
20010fb7  PinUnlock                        
20013050  PowerCC32XX_config               
2000ef49  PowerCC32XX_configureWakeup      
20012178  PowerCC32XX_contextSave          
2000ed01  PowerCC32XX_enterLPDS            
20010db1  PowerCC32XX_getParkState         
2000dce3  PowerCC32XX_initPolicy           
2001292c  PowerCC32XX_module               
2001085d  PowerCC32XX_parkPin              
2001105d  PowerCC32XX_reset                
20010ee1  PowerCC32XX_restoreParkState     
20010f05  PowerCC32XX_restoreParkedPin     
2000ed45  PowerCC32XX_resumeLPDS           
2000fa55  PowerCC32XX_setParkState         
2000d6ad  PowerCC32XX_sleepPolicy          
200114cd  Power_disablePolicy              
200116c9  Power_enablePolicy               
20011851  Power_getConstraintMask          
200114e1  Power_getTransitionLatency       
200114f5  Power_idleFunc                   
2000f04d  Power_init                       
20010f29  Power_registerNotify             
20010155  Power_releaseConstraint          
2000faa9  Power_releaseDependency          
20010599  Power_setConstraint              
2000f36d  Power_setDependency              
2000cd65  Power_sleep                      
2001107d  Power_unregisterNotify           
200116d9  RingBuf_construct                
20010adb  RingBuf_getConsume               
20011967  RingBuf_getCount                 
20010fd9  RingBuf_getPointer               
20010041  RingBuf_put                      
200105d1  RingBuf_putAdvance               
20010b09  RingBuf_putPointer               
2000fb9d  SemaphoreP_construct             
2001109d  SemaphoreP_constructBinary       
20011347  SemaphoreP_create                
200110bd  SemaphoreP_createBinary          
20012c98  SemaphoreP_defaultParams         
2001196b  SemaphoreP_delete                
2000ec5f  SemaphoreP_destruct              
2000ec61  SemaphoreP_pend                  
2001036d  SemaphoreP_post                  
20011209  SwiP_disable                     
20010609  SwiP_restore                     
200115ff  SysTickEnable                    
20011611  SysTickIntDisable                
20011623  SysTickIntEnable                 
200113e5  SysTickPeriodSet                 
20011647  TI_memcpy_small                  
200117ed  TI_memset_small                  
2000f895  TimerCC32XX_allocateTimerResource
20010891  TimerCC32XX_freeTimerResource    
200102a7  TimerControlStall                
200110dd  TimerDisable                     
200112fb  TimerEnable                      
200116e9  TimerIntClear                    
200113fb  TimerIntDisable                  
20011509  TimerIntEnable                   
200109ed  TimerLoadSet                     
20010a1d  TimerPrescaleSet                 
20010dd9  TimerSupport_timerDisable        
20010525  TimerSupport_timerEnable         
200116f9  Timer_Params_init                
200102e9  Timer_close                      
20013248  Timer_config                     
2001313a  Timer_count                      
2000d7fd  Timer_open                       
20010199  Timer_start                      
200103ad  Timer_stop                       
20010f4d  UART2Support_disableRx           
20011869  UART2Support_disableTx           
2000e3ed  UART2Support_dmaStartRx          
2000e7d1  UART2Support_dmaStartTx          
2000fd6d  UART2Support_dmaStopRx           
2000f721  UART2Support_dmaStopTx           
20011875  UART2Support_enableTx            
20011941  UART2Support_powerRelConstraint  
20010ffb  UART2Support_sendData            
20011709  UART2Support_txDone              
20011881  UART2_Params_init                
2000e305  UART2_close                      
20013250  UART2_config                     
2001313b  UART2_count                      
200130f4  UART2_defaultParams              
2000d36d  UART2_open                       
200108c5  UART2_rxDisable                  
200117b5  UART2_write                      
2001111b  UART2_writeTimeout               
2000d539  UART2_writeTimeoutBlocking       
2000de05  UART2_writeTimeoutNonblocking    
20011719  UARTBusy                         
20010755  UARTCharPutNonBlocking           
20011411  UARTCharsAvail                   
2000f1ad  UARTConfigSetExpClk              
20011427  UARTDMADisable                   
2001151d  UARTDMAEnable                    
20010b37  UARTDisable                      
20011139  UARTEnable                       
2001143d  UARTFIFOLevelSet                 
20011315  UARTFlowControlSet               
20011729  UARTIntClear                     
20011453  UARTIntDisable                   
20011531  UARTIntEnable                    
20010c97  UARTIntStatus                    
20011739  UARTRxErrorGet                   
20010641  UDMACC32XX_close                 
20013258  UDMACC32XX_config                
200104e9  UDMACC32XX_init                  
2000f3d9  UDMACC32XX_open                  
20011915  UtilsDelay                       
20004000  __STACK_END                      
00001000  __STACK_SIZE                     
00008000  __SYSMEM_SIZE                    
00000000  __TI_ATRegion0_region_sz         
00000000  __TI_ATRegion0_src_addr          
00000000  __TI_ATRegion0_trg_addr          
00000000  __TI_ATRegion1_region_sz         
00000000  __TI_ATRegion1_src_addr          
00000000  __TI_ATRegion1_trg_addr          
00000000  __TI_ATRegion2_region_sz         
00000000  __TI_ATRegion2_src_addr          
00000000  __TI_ATRegion2_trg_addr          
20011a68  __TI_CINIT_Base                  
20011a78  __TI_CINIT_Limit                 
20011a78  __TI_CINIT_Warm                  
20011a54  __TI_Handler_Table_Base          
20011a60  __TI_Handler_Table_Limit         
200106b1  __TI_auto_init_nobinit_nopinit   
2000f291  __TI_decompress_lzss             
200117fb  __TI_decompress_none             
ffffffff  __TI_pprof_out_hndl              
2000c041  __TI_printfi_nofloat             
ffffffff  __TI_prof_data_size              
ffffffff  __TI_prof_data_start             
2001197c  __TI_static_base__               
20011789  __TI_zero_init                   
20012cd0  __aeabi_ctype_table_             
20012cd0  __aeabi_ctype_table_C            
2000ff6d  __aeabi_d2iz                     
2000e031  __aeabi_dmul                     
20012cb4  __aeabi_errno                    
2001191d  __aeabi_errno_addr               
20010b65  __aeabi_i2d                      
2000f04b  __aeabi_ldiv0                    
20011925  __aeabi_memclr                   
20011925  __aeabi_memclr4                  
20011925  __aeabi_memclr8                  
20011971  __aeabi_memcpy                   
20011971  __aeabi_memcpy4                  
20011971  __aeabi_memcpy8                  
200118e1  __aeabi_memset                   
200118e1  __aeabi_memset4                  
200118e1  __aeabi_memset8                  
20011545  __aeabi_uldivmod                 
ffffffff  __binit__                        
2000ff6d  __fixdfsi                        
20010b65  __floatsidf                      
UNDEFED   __mpu_init                       
2000e031  __muldf3                         
20003000  __stack                          
20004000  __start___llvm_prf_bits          
20004000  __start___llvm_prf_cnts          
20004000  __stop___llvm_prf_bits           
20004000  __stop___llvm_prf_cnts           
2000e889  __udivmoddi4                     
20010f71  _c_int00_noargs                  
20012cb8  _lock                            
2000f587  _nop                             
20004040  _sys_memory                      
UNDEFED   _system_post_cinit               
20011975  _system_pre_init                 
20012cbc  _unlock                          
20011979  abort                            
2000dce5  aligned_alloc                    
200103ed  atoi                             
ffffffff  binit                            
20012c78  buttonFlag                       
2000f94b  clkFxn                           
2000e12d  free                             
20011749  gpioButtonFxn0                   
20011759  gpioButtonFxn1                   
200123a0  gpioCallbackFunctions            
20012b90  gpioPinConfigs                   
20012424  gpioUserArgs                     
20012c84  heat                             
20012618  i2c                              
200131b4  i2cCC32XXHWAttrs                 
200122a4  i2cCC32XXObjects                 
200125f8  i2cParams                        
20010e29  initI2C                          
20010679  initTimer                        
20010bed  initUART                         
200108f9  initVectors                      
20011769  main                             
2000e70d  mainThread                       
2001192d  malloc                           
2000dce5  memalign                         
20011157  memccpy                          
2001252c  output                           
20012a98  parkInfo                         
2000f221  readTemperature                  
2001125d  resetISR                         
20012c88  seconds                          
20012c80  setpoint                         
20010221  snprintf                         
20012c79  tempFlag                         
20012c7c  temperature                      
2001320c  timerCC32XXHWAttrs               
200124a8  timerCC32XXObjects               
2000fd21  timerCallback                    
2000fbed  uDMAChannelAssign                
2000ed97  uDMAChannelAttributeDisable      
2001042d  uDMAChannelControlSet            
20011175  uDMAChannelDisable               
20011193  uDMAChannelEnable                
200111b1  uDMAChannelIsEnabled             
2000fe01  uDMAChannelSizeGet               
2000df1f  uDMAChannelTransferSet           
20011559  uDMAControlBaseSet               
200117d1  uDMAEnable                       
200117df  uDMAErrorStatusClear             
20011899  uDMAErrorStatusGet               
2001156d  uDMAIntClear                     
2001261c  uart                             
20012000  uart2CC32XXObjects0              
20012c7a  uartFlag                         
2001256c  uartParams                       
20013234  udmaCC3220SHWAttrs               
20012608  udmaCC3220SObject                
20011779  wcslen                           


GLOBAL SYMBOLS: SORTED BY Symbol Address 

address   name                             
-------   ----                             
00000000  __TI_ATRegion0_region_sz         
00000000  __TI_ATRegion0_src_addr          
00000000  __TI_ATRegion0_trg_addr          
00000000  __TI_ATRegion1_region_sz         
00000000  __TI_ATRegion1_src_addr          
00000000  __TI_ATRegion1_trg_addr          
00000000  __TI_ATRegion2_region_sz         
00000000  __TI_ATRegion2_src_addr          
00000000  __TI_ATRegion2_trg_addr          
00001000  __STACK_SIZE                     
00008000  __SYSMEM_SIZE                    
20003000  __stack                          
20004000  __STACK_END                      
20004000  __start___llvm_prf_bits          
20004000  __start___llvm_prf_cnts          
20004000  __stop___llvm_prf_bits           
20004000  __stop___llvm_prf_cnts           
20004040  _sys_memory                      
2000c041  __TI_printfi_nofloat             
2000c8ad  PRCMCC3200MCUInit                
2000cd65  Power_sleep                      
2000d36b  Board_initHook                   
2000d36d  UART2_open                       
2000d539  UART2_writeTimeoutBlocking       
2000d6ad  PowerCC32XX_sleepPolicy          
2000d7fd  Timer_open                       
2000d945  GPIO_setConfig                   
2000dbbd  I2C_transferTimeout              
2000dce3  PowerCC32XX_initPolicy           
2000dce5  aligned_alloc                    
2000dce5  memalign                         
2000de05  UART2_writeTimeoutNonblocking    
2000df1f  uDMAChannelTransferSet           
2000e031  __aeabi_dmul                     
2000e031  __muldf3                         
2000e12d  free                             
2000e21d  I2C_open                         
2000e305  UART2_close                      
2000e3ed  UART2Support_dmaStartRx          
2000e4b9  IntDisable                       
2000e581  IntEnable                        
2000e70d  mainThread                       
2000e7d1  UART2Support_dmaStartTx          
2000e889  __udivmoddi4                     
2000e939  GPIOIntTypeSet                   
2000e9e5  IntPendSet                       
2000ea89  PinConfigSet                     
2000ebc7  I2CMasterInitExpClk              
2000ec5f  SemaphoreP_destruct              
2000ec61  SemaphoreP_pend                  
2000ecf9  HwiP_disable                     
2000ed01  PowerCC32XX_enterLPDS            
2000ed45  PowerCC32XX_resumeLPDS           
2000ed97  uDMAChannelAttributeDisable      
2000ee29  GPIO_init                        
2000eeb9  PRCMSysResetCauseGet             
2000ef49  PowerCC32XX_configureWakeup      
2000f04b  __aeabi_ldiv0                    
2000f04d  Power_init                       
2000f0c5  HwiP_construct                   
2000f139  PRCMHibernateWakeUpGPIOSelect    
2000f1ad  UARTConfigSetExpClk              
2000f221  readTemperature                  
2000f291  __TI_decompress_lzss             
2000f301  PinLockLevelSet                  
2000f36d  Power_setDependency              
2000f3d9  UDMACC32XX_open                  
2000f51d  PRCMPeripheralReset              
2000f587  _nop                             
2000f5f1  IntPendClear                     
2000f6c1  GPIO_write                       
2000f721  UART2Support_dmaStopTx           
2000f781  FlashDisable                     
2000f7dd  I2CSupport_primeTransfer         
2000f839  PRCMHibernateWakeupSourceDisable 
2000f895  TimerCC32XX_allocateTimerResource
2000f8f1  PRCMPeripheralClkEnable          
2000f94b  clkFxn                           
2000f94d  ClockP_startup                   
2000f9a5  IntPrioritySet                   
2000f9fd  PRCMLPDSEnter                    
2000fa55  PowerCC32XX_setParkState         
2000faa9  Power_releaseDependency          
2000fafd  GPIO_hwiIntFxn                   
2000fb4d  PRCMHibernateWakeupSourceEnable  
2000fb9d  SemaphoreP_construct             
2000fbed  uDMAChannelAssign                
2000fc3d  GPIO_setInterruptConfig          
2000fc89  PRCMLPDSRestoreInfoSet           
2000fd21  timerCallback                    
2000fd6d  UART2Support_dmaStopRx           
2000fe01  uDMAChannelSizeGet               
2000fe4d  ClockP_sysTickHandler            
2000fe95  PRCMIntEnable                    
2000fedd  PRCMPeripheralStatusGet          
2000ff25  PinConfigGet                     
2000ff6d  __aeabi_d2iz                     
2000ff6d  __fixdfsi                        
2000fffb  PRCMLPDSEnterKeepDebugIf         
20010041  RingBuf_put                      
20010087  GPIODirModeSet                   
200100cd  GPIO_disableInt                  
20010111  GPIO_enableInt                   
20010155  Power_releaseConstraint          
20010199  Timer_start                      
20010221  snprintf                         
20010265  PinModeSet                       
200102a7  TimerControlStall                
200102e9  Timer_close                      
2001036d  SemaphoreP_post                  
200103ad  Timer_stop                       
200103ed  atoi                             
2001042d  uDMAChannelControlSet            
2001046d  PinDirModeSet                    
200104ad  ClockP_stop                      
200104e9  UDMACC32XX_init                  
20010525  TimerSupport_timerEnable         
20010561  ClockP_destruct                  
20010599  Power_setConstraint              
200105d1  RingBuf_putAdvance               
20010609  SwiP_restore                     
20010641  UDMACC32XX_close                 
20010679  initTimer                        
200106b1  __TI_auto_init_nobinit_nopinit   
200106e9  PinLock                          
20010755  UARTCharPutNonBlocking           
2001078d  ClockP_start                     
200107c1  I2CFIFODataPutNonBlocking        
200107f5  PinDirModeGet                    
20010829  PinModeGet                       
2001085d  PowerCC32XX_parkPin              
20010891  TimerCC32XX_freeTimerResource    
200108c5  UART2_rxDisable                  
200108f9  initVectors                      
2001092d  ClockP_getTicksUntilInterrupt    
2001095d  I2CFIFODataGetNonBlocking        
2001098d  PRCMLPDSIntervalSet              
200109bd  PRCMSlowClkCtrFastGet            
200109ed  TimerLoadSet                     
20010a1d  TimerPrescaleSet                 
20010aad  GPIOIntStatus                    
20010adb  RingBuf_getConsume               
20010b09  RingBuf_putPointer               
20010b37  UARTDisable                      
20010b65  __aeabi_i2d                      
20010b65  __floatsidf                      
20010b93  I2CMasterIntStatusEx             
20010bed  initUART                         
20010c19  HwiP_create                      
20010c43  PRCMLPDSWakeUpGPIOSelect         
20010c6d  PRCMPeripheralClkDisable         
20010c97  UARTIntStatus                    
20010cc1  I2CMasterBusBusy                 
20010ce9  I2CMasterSlaveAddrSet            
20010d11  I2CTxFIFOConfigSet               
20010d39  I2C_cancel                       
20010d61  List_remove                      
20010d89  PRCMSRAMRetentionEnable          
20010db1  PowerCC32XX_getParkState         
20010dd9  TimerSupport_timerDisable        
20010e29  initI2C                          
20010e51  I2CRxFIFOConfigSet               
20010e75  IntUnregister                    
20010e99  List_put                         
20010ebd  PRCMLPDSWakeupSourceEnable       
20010ee1  PowerCC32XX_restoreParkState     
20010f05  PowerCC32XX_restoreParkedPin     
20010f29  Power_registerNotify             
20010f4d  UART2Support_disableRx           
20010f71  _c_int00_noargs                  
20010f95  GPIOPinWrite                     
20010fb7  PinUnlock                        
20010fd9  RingBuf_getPointer               
20010ffb  UART2Support_sendData            
2001101d  IntRegister                      
2001103d  PinTypeI2C                       
2001105d  PowerCC32XX_reset                
2001107d  Power_unregisterNotify           
2001109d  SemaphoreP_constructBinary       
200110bd  SemaphoreP_createBinary          
200110dd  TimerDisable                     
200110fd  PinTypeUART                      
2001111b  UART2_writeTimeout               
20011139  UARTEnable                       
20011157  memccpy                          
20011175  uDMAChannelDisable               
20011193  uDMAChannelEnable                
200111b1  uDMAChannelIsEnabled             
200111d1  GPIO_setCallback                 
200111ed  HwiP_dispatch                    
20011209  SwiP_disable                     
2001125d  resetISR                         
20011279  GPIOIntDisable                   
20011293  PRCMHIBRegRead                   
200112ad  PRCMHIBRegWrite                  
200112c7  PRCMLPDSWakeupSourceDisable      
200112e1  PinToPadGet                      
200112fb  TimerEnable                      
20011315  UARTFlowControlSet               
2001132f  GPIOIntEnable                    
20011347  SemaphoreP_create                
20011377  Board_init                       
2001138d  I2CMasterBurstLengthSet          
200113a3  I2CMasterIntDisableEx            
200113b9  I2CRxFIFOFlush                   
200113cf  I2CTxFIFOFlush                   
200113e5  SysTickPeriodSet                 
200113fb  TimerIntDisable                  
20011411  UARTCharsAvail                   
20011427  UARTDMADisable                   
2001143d  UARTFIFOLevelSet                 
20011453  UARTIntDisable                   
20011469  CPUcpsid                         
2001147d  CPUcpsie                         
20011491  HwiP_destruct                    
200114a5  I2CMasterIntEnableEx             
200114b9  IntVTableBaseSet                 
200114cd  Power_disablePolicy              
200114e1  Power_getTransitionLatency       
200114f5  Power_idleFunc                   
20011509  TimerIntEnable                   
2001151d  UARTDMAEnable                    
20011531  UARTIntEnable                    
20011545  __aeabi_uldivmod                 
20011559  uDMAControlBaseSet               
2001156d  uDMAIntClear                     
20011581  ClockP_add                       
20011593  GPIOIntClear                     
200115a5  HwiP_Params_init                 
200115b7  HwiP_delete                      
200115c9  I2CMasterDisable                 
200115db  I2CMasterEnable                  
200115ed  I2C_transfer                     
200115ff  SysTickEnable                    
20011611  SysTickIntDisable                
20011623  SysTickIntEnable                 
20011647  TI_memcpy_small                  
20011659  ClockP_getCpuFreq                
20011669  ClockP_getSystemTicks            
20011679  ClockP_setTicks                  
20011689  HwiP_inISR                       
20011699  I2CMasterControl                 
200116a9  I2CMasterIntClearEx              
200116b9  I2CMasterTimeoutSet              
200116c9  Power_enablePolicy               
200116d9  RingBuf_construct                
200116e9  TimerIntClear                    
200116f9  Timer_Params_init                
20011709  UART2Support_txDone              
20011719  UARTBusy                         
20011729  UARTIntClear                     
20011739  UARTRxErrorGet                   
20011749  gpioButtonFxn0                   
20011759  gpioButtonFxn1                   
20011769  main                             
20011779  wcslen                           
20011789  __TI_zero_init                   
20011799  HwiP_interruptsEnabled           
200117a7  I2CFIFOStatus                    
200117b5  UART2_write                      
200117d1  uDMAEnable                       
200117df  uDMAErrorStatusClear             
200117ed  TI_memset_small                  
200117fb  __TI_decompress_none             
20011809  CPUwfi                           
20011821  I2C_Params_init                  
20011845  PRCMLPDSWakeupCauseGet           
20011851  Power_getConstraintMask          
20011869  UART2Support_disableTx           
20011875  UART2Support_enableTx            
20011881  UART2_Params_init                
20011899  uDMAErrorStatusGet               
200118a5  CPUprimask                       
200118af  ClockP_isActive                  
200118b9  IntMasterDisable                 
200118c3  IntMasterEnable                  
200118e1  __aeabi_memset                   
200118e1  __aeabi_memset4                  
200118e1  __aeabi_memset8                  
200118f5  HwiP_restore                     
20011905  I2CSupport_controllerFinish      
2001190d  PRCMSleepEnter                   
20011915  UtilsDelay                       
2001191d  __aeabi_errno_addr               
20011925  __aeabi_memclr                   
20011925  __aeabi_memclr4                  
20011925  __aeabi_memclr8                  
2001192d  malloc                           
20011935  I2CSupport_powerRelConstraint    
2001193b  I2CSupport_powerSetConstraint    
20011941  UART2Support_powerRelConstraint  
20011947  ClockP_doTick                    
2001194b  HwiP_clearInterrupt              
2001194f  HwiP_disableInterrupt            
20011953  HwiP_enable                      
20011957  HwiP_enableInterrupt             
2001195b  HwiP_post                        
20011963  NoRTOS_start                     
20011967  RingBuf_getCount                 
2001196b  SemaphoreP_delete                
20011971  __aeabi_memcpy                   
20011971  __aeabi_memcpy4                  
20011971  __aeabi_memcpy8                  
20011975  _system_pre_init                 
20011978  C$$EXIT                          
20011979  abort                            
2001197c  __TI_static_base__               
20011a54  __TI_Handler_Table_Base          
20011a60  __TI_Handler_Table_Limit         
20011a68  __TI_CINIT_Base                  
20011a78  __TI_CINIT_Limit                 
20011a78  __TI_CINIT_Warm                  
20012000  uart2CC32XXObjects0              
20012178  PowerCC32XX_contextSave          
200122a4  i2cCC32XXObjects                 
200123a0  gpioCallbackFunctions            
20012424  gpioUserArgs                     
200124a8  timerCC32XXObjects               
2001252c  output                           
2001256c  uartParams                       
200125e8  ClockP_ctrl                      
200125f8  i2cParams                        
20012608  udmaCC3220SObject                
20012618  i2c                              
2001261c  uart                             
2001292c  PowerCC32XX_module               
20012a98  parkInfo                         
20012b90  gpioPinConfigs                   
20012c78  buttonFlag                       
20012c79  tempFlag                         
20012c7a  uartFlag                         
20012c7c  temperature                      
20012c80  setpoint                         
20012c84  heat                             
20012c88  seconds                          
20012c98  SemaphoreP_defaultParams         
20012cac  ClockP_tickPeriod                
20012cb0  HwiP_swiPIntNum                  
20012cb4  __aeabi_errno                    
20012cb8  _lock                            
20012cbc  _unlock                          
20012cd0  __aeabi_ctype_table_             
20012cd0  __aeabi_ctype_table_C            
20012dd3  GPIO_pinUpperBound               
20013050  PowerCC32XX_config               
200130f4  UART2_defaultParams              
20013139  I2C_count                        
2001313a  Timer_count                      
2001313b  UART2_count                      
200131b4  i2cCC32XXHWAttrs                 
200131ec  GPIO_config                      
2001320c  timerCC32XXHWAttrs               
20013234  udmaCC3220SHWAttrs               
20013240  I2C_config                       
20013248  Timer_config                     
20013250  UART2_config                     
20013258  UDMACC32XX_config                
ffffffff  __TI_pprof_out_hndl              
ffffffff  __TI_prof_data_size              
ffffffff  __TI_prof_data_start             
ffffffff  __binit__                        
ffffffff  binit                            
UNDEFED   ITM_flush                        
UNDEFED   ITM_restore                      
UNDEFED   __mpu_init                       
UNDEFED   _system_post_cinit               

[366 symbols]
