<?xml version="1.0" encoding="ISO-8859-1" ?>
<link_info>
   <banner>TI ARM Clang Linker PC v3.2.2.LTS</banner>
   <copyright>Copyright (c) 1996-2018 Texas Instruments Incorporated</copyright>
   <link_time>0x670ee6a9</link_time>
   <link_errors>0x0</link_errors>
   <output_file>C:\Users\scgla\cs350\gpiointerrupt_CC3220S_LAUNCHXL_nortos_ticlang\MCU+Image\gpiointerrupt_CC3220S_LAUNCHXL_nortos_ticlang.out</output_file>
   <entry_point>
      <name>resetISR</name>
      <address>0x2001125d</address>
   </entry_point>
   <input_file_list>
      <input_file id="fl-1">
         <path>C:\Users\scgla\cs350\gpiointerrupt_CC3220S_LAUNCHXL_nortos_ticlang\MCU+Image\.\</path>
         <kind>object</kind>
         <file>gpiointerrupt.o</file>
         <name>gpiointerrupt.o</name>
      </input_file>
      <input_file id="fl-2">
         <path>C:\Users\scgla\cs350\gpiointerrupt_CC3220S_LAUNCHXL_nortos_ticlang\MCU+Image\.\syscfg\</path>
         <kind>object</kind>
         <file>ti_drivers_config.o</file>
         <name>ti_drivers_config.o</name>
      </input_file>
      <input_file id="fl-3">
         <path>C:\Users\scgla\cs350\gpiointerrupt_CC3220S_LAUNCHXL_nortos_ticlang\MCU+Image\.\</path>
         <kind>object</kind>
         <file>main_nortos.o</file>
         <name>main_nortos.o</name>
      </input_file>
      <input_file id="fl-13">
         <path>C:\Users\scgla\cs350\gpiointerrupt_CC3220S_LAUNCHXL_nortos_ticlang\MCU+Image\</path>
         <kind>object</kind>
         <file>&lt;internal&gt;</file>
         <name>&lt;internal&gt;</name>
      </input_file>
      <input_file id="fl-14">
         <path>C:\ti\simplelink_cc32xx_sdk_7_10_00_13\source\ti\drivers\lib\ticlang\m4\</path>
         <kind>archive</kind>
         <file>drivers_cc32xx.a</file>
         <name>GPIO.c.obj</name>
      </input_file>
      <input_file id="fl-15">
         <path>C:\ti\simplelink_cc32xx_sdk_7_10_00_13\source\ti\drivers\lib\ticlang\m4\</path>
         <kind>archive</kind>
         <file>drivers_cc32xx.a</file>
         <name>GPIOCC32XX.c.obj</name>
      </input_file>
      <input_file id="fl-16">
         <path>C:\ti\simplelink_cc32xx_sdk_7_10_00_13\source\ti\drivers\lib\ticlang\m4\</path>
         <kind>archive</kind>
         <file>drivers_cc32xx.a</file>
         <name>I2C.c.obj</name>
      </input_file>
      <input_file id="fl-17">
         <path>C:\ti\simplelink_cc32xx_sdk_7_10_00_13\source\ti\drivers\lib\ticlang\m4\</path>
         <kind>archive</kind>
         <file>drivers_cc32xx.a</file>
         <name>I2CCC32XX.c.obj</name>
      </input_file>
      <input_file id="fl-18">
         <path>C:\ti\simplelink_cc32xx_sdk_7_10_00_13\source\ti\drivers\lib\ticlang\m4\</path>
         <kind>archive</kind>
         <file>drivers_cc32xx.a</file>
         <name>PowerCC32XX.c.obj</name>
      </input_file>
      <input_file id="fl-19">
         <path>C:\ti\simplelink_cc32xx_sdk_7_10_00_13\source\ti\drivers\lib\ticlang\m4\</path>
         <kind>archive</kind>
         <file>drivers_cc32xx.a</file>
         <name>PowerCC32XX_ticlang.asm.obj</name>
      </input_file>
      <input_file id="fl-1a">
         <path>C:\ti\simplelink_cc32xx_sdk_7_10_00_13\source\ti\drivers\lib\ticlang\m4\</path>
         <kind>archive</kind>
         <file>drivers_cc32xx.a</file>
         <name>Timer.c.obj</name>
      </input_file>
      <input_file id="fl-1b">
         <path>C:\ti\simplelink_cc32xx_sdk_7_10_00_13\source\ti\drivers\lib\ticlang\m4\</path>
         <kind>archive</kind>
         <file>drivers_cc32xx.a</file>
         <name>TimerCC32XX.c.obj</name>
      </input_file>
      <input_file id="fl-1c">
         <path>C:\ti\simplelink_cc32xx_sdk_7_10_00_13\source\ti\drivers\lib\ticlang\m4\</path>
         <kind>archive</kind>
         <file>drivers_cc32xx.a</file>
         <name>UART2.c.obj</name>
      </input_file>
      <input_file id="fl-1d">
         <path>C:\ti\simplelink_cc32xx_sdk_7_10_00_13\source\ti\drivers\lib\ticlang\m4\</path>
         <kind>archive</kind>
         <file>drivers_cc32xx.a</file>
         <name>UART2CC32XX.c.obj</name>
      </input_file>
      <input_file id="fl-1e">
         <path>C:\ti\simplelink_cc32xx_sdk_7_10_00_13\source\ti\drivers\lib\ticlang\m4\</path>
         <kind>archive</kind>
         <file>drivers_cc32xx.a</file>
         <name>List.c.obj</name>
      </input_file>
      <input_file id="fl-1f">
         <path>C:\ti\simplelink_cc32xx_sdk_7_10_00_13\source\ti\drivers\lib\ticlang\m4\</path>
         <kind>archive</kind>
         <file>drivers_cc32xx.a</file>
         <name>RingBuf.c.obj</name>
      </input_file>
      <input_file id="fl-20">
         <path>C:\ti\simplelink_cc32xx_sdk_7_10_00_13\source\ti\drivers\lib\ticlang\m4\</path>
         <kind>archive</kind>
         <file>drivers_cc32xx.a</file>
         <name>UDMACC32XX.c.obj</name>
      </input_file>
      <input_file id="fl-21">
         <path>C:\ti\simplelink_cc32xx_sdk_7_10_00_13\kernel\nortos\lib\ticlang\m4\</path>
         <kind>archive</kind>
         <file>nortos_cc32xx.a</file>
         <name>NoRTOS.c.obj</name>
      </input_file>
      <input_file id="fl-22">
         <path>C:\ti\simplelink_cc32xx_sdk_7_10_00_13\kernel\nortos\lib\ticlang\m4\</path>
         <kind>archive</kind>
         <file>nortos_cc32xx.a</file>
         <name>SemaphoreP_nortos.c.obj</name>
      </input_file>
      <input_file id="fl-23">
         <path>C:\ti\simplelink_cc32xx_sdk_7_10_00_13\kernel\nortos\lib\ticlang\m4\</path>
         <kind>archive</kind>
         <file>nortos_cc32xx.a</file>
         <name>ClockPSysTick_nortos.c.obj</name>
      </input_file>
      <input_file id="fl-24">
         <path>C:\ti\simplelink_cc32xx_sdk_7_10_00_13\kernel\nortos\lib\ticlang\m4\</path>
         <kind>archive</kind>
         <file>nortos_cc32xx.a</file>
         <name>HwiPCC32XX_nortos.c.obj</name>
      </input_file>
      <input_file id="fl-25">
         <path>C:\ti\simplelink_cc32xx_sdk_7_10_00_13\kernel\nortos\lib\ticlang\m4\</path>
         <kind>archive</kind>
         <file>nortos_cc32xx.a</file>
         <name>PowerCC32XX_nortos.c.obj</name>
      </input_file>
      <input_file id="fl-26">
         <path>C:\ti\simplelink_cc32xx_sdk_7_10_00_13\kernel\nortos\lib\ticlang\m4\</path>
         <kind>archive</kind>
         <file>nortos_cc32xx.a</file>
         <name>startup_cc32xx_ticlang.c.obj</name>
      </input_file>
      <input_file id="fl-27">
         <path>C:\ti\simplelink_cc32xx_sdk_7_10_00_13\kernel\nortos\lib\ticlang\m4\</path>
         <kind>archive</kind>
         <file>nortos_cc32xx.a</file>
         <name>SwiP_nortos.c.obj</name>
      </input_file>
      <input_file id="fl-28">
         <path>C:\ti\simplelink_cc32xx_sdk_7_10_00_13\source\ti\devices\cc32xx\driverlib\ticlang\Release\</path>
         <kind>archive</kind>
         <file>driverlib.a</file>
         <name>cpu.obj</name>
      </input_file>
      <input_file id="fl-29">
         <path>C:\ti\simplelink_cc32xx_sdk_7_10_00_13\source\ti\devices\cc32xx\driverlib\ticlang\Release\</path>
         <kind>archive</kind>
         <file>driverlib.a</file>
         <name>gpio.obj</name>
      </input_file>
      <input_file id="fl-2a">
         <path>C:\ti\simplelink_cc32xx_sdk_7_10_00_13\source\ti\devices\cc32xx\driverlib\ticlang\Release\</path>
         <kind>archive</kind>
         <file>driverlib.a</file>
         <name>hwspinlock.obj</name>
      </input_file>
      <input_file id="fl-2b">
         <path>C:\ti\simplelink_cc32xx_sdk_7_10_00_13\source\ti\devices\cc32xx\driverlib\ticlang\Release\</path>
         <kind>archive</kind>
         <file>driverlib.a</file>
         <name>i2c.obj</name>
      </input_file>
      <input_file id="fl-2c">
         <path>C:\ti\simplelink_cc32xx_sdk_7_10_00_13\source\ti\devices\cc32xx\driverlib\ticlang\Release\</path>
         <kind>archive</kind>
         <file>driverlib.a</file>
         <name>interrupt.obj</name>
      </input_file>
      <input_file id="fl-2d">
         <path>C:\ti\simplelink_cc32xx_sdk_7_10_00_13\source\ti\devices\cc32xx\driverlib\ticlang\Release\</path>
         <kind>archive</kind>
         <file>driverlib.a</file>
         <name>pin.obj</name>
      </input_file>
      <input_file id="fl-2e">
         <path>C:\ti\simplelink_cc32xx_sdk_7_10_00_13\source\ti\devices\cc32xx\driverlib\ticlang\Release\</path>
         <kind>archive</kind>
         <file>driverlib.a</file>
         <name>prcm.obj</name>
      </input_file>
      <input_file id="fl-2f">
         <path>C:\ti\simplelink_cc32xx_sdk_7_10_00_13\source\ti\devices\cc32xx\driverlib\ticlang\Release\</path>
         <kind>archive</kind>
         <file>driverlib.a</file>
         <name>spi.obj</name>
      </input_file>
      <input_file id="fl-30">
         <path>C:\ti\simplelink_cc32xx_sdk_7_10_00_13\source\ti\devices\cc32xx\driverlib\ticlang\Release\</path>
         <kind>archive</kind>
         <file>driverlib.a</file>
         <name>systick.obj</name>
      </input_file>
      <input_file id="fl-31">
         <path>C:\ti\simplelink_cc32xx_sdk_7_10_00_13\source\ti\devices\cc32xx\driverlib\ticlang\Release\</path>
         <kind>archive</kind>
         <file>driverlib.a</file>
         <name>timer.obj</name>
      </input_file>
      <input_file id="fl-32">
         <path>C:\ti\simplelink_cc32xx_sdk_7_10_00_13\source\ti\devices\cc32xx\driverlib\ticlang\Release\</path>
         <kind>archive</kind>
         <file>driverlib.a</file>
         <name>uart.obj</name>
      </input_file>
      <input_file id="fl-33">
         <path>C:\ti\simplelink_cc32xx_sdk_7_10_00_13\source\ti\devices\cc32xx\driverlib\ticlang\Release\</path>
         <kind>archive</kind>
         <file>driverlib.a</file>
         <name>udma.obj</name>
      </input_file>
      <input_file id="fl-34">
         <path>C:\ti\simplelink_cc32xx_sdk_7_10_00_13\source\ti\devices\cc32xx\driverlib\ticlang\Release\</path>
         <kind>archive</kind>
         <file>driverlib.a</file>
         <name>utils.obj</name>
      </input_file>
      <input_file id="fl-35">
         <path>C:\ti\simplelink_cc32xx_sdk_7_10_00_13\source\ti\devices\cc32xx\driverlib\ticlang\Release\</path>
         <kind>archive</kind>
         <file>driverlib.a</file>
         <name>flash.obj</name>
      </input_file>
      <input_file id="fl-44">
         <path>C:\ti\ccs1280\ccs\tools\compiler\ti-cgt-armllvm_3.2.2.LTS\lib\armv7em-ti-none-eabi\c\</path>
         <kind>archive</kind>
         <file>libc.a</file>
         <name>snprintf.c.obj</name>
      </input_file>
      <input_file id="fl-45">
         <path>C:\ti\ccs1280\ccs\tools\compiler\ti-cgt-armllvm_3.2.2.LTS\lib\armv7em-ti-none-eabi\c\</path>
         <kind>archive</kind>
         <file>libc.a</file>
         <name>memory.c.obj</name>
      </input_file>
      <input_file id="fl-46">
         <path>C:\ti\ccs1280\ccs\tools\compiler\ti-cgt-armllvm_3.2.2.LTS\lib\armv7em-ti-none-eabi\c\</path>
         <kind>archive</kind>
         <file>libc.a</file>
         <name>boot_cortex_m.c.obj</name>
      </input_file>
      <input_file id="fl-47">
         <path>C:\ti\ccs1280\ccs\tools\compiler\ti-cgt-armllvm_3.2.2.LTS\lib\armv7em-ti-none-eabi\c\</path>
         <kind>archive</kind>
         <file>libc.a</file>
         <name>mathacl_init.c.obj</name>
      </input_file>
      <input_file id="fl-48">
         <path>C:\ti\ccs1280\ccs\tools\compiler\ti-cgt-armllvm_3.2.2.LTS\lib\armv7em-ti-none-eabi\c\</path>
         <kind>archive</kind>
         <file>libc.a</file>
         <name>autoinit.c.obj</name>
      </input_file>
      <input_file id="fl-49">
         <path>C:\ti\ccs1280\ccs\tools\compiler\ti-cgt-armllvm_3.2.2.LTS\lib\armv7em-ti-none-eabi\c\</path>
         <kind>archive</kind>
         <file>libc.a</file>
         <name>pre_init.c.obj</name>
      </input_file>
      <input_file id="fl-4a">
         <path>C:\ti\ccs1280\ccs\tools\compiler\ti-cgt-armllvm_3.2.2.LTS\lib\armv7em-ti-none-eabi\c\</path>
         <kind>archive</kind>
         <file>libc.a</file>
         <name>cpy_tbl.c.obj</name>
      </input_file>
      <input_file id="fl-4b">
         <path>C:\ti\ccs1280\ccs\tools\compiler\ti-cgt-armllvm_3.2.2.LTS\lib\armv7em-ti-none-eabi\c\</path>
         <kind>archive</kind>
         <file>libc.a</file>
         <name>copy_zero_init.c.obj</name>
      </input_file>
      <input_file id="fl-4c">
         <path>C:\ti\ccs1280\ccs\tools\compiler\ti-cgt-armllvm_3.2.2.LTS\lib\armv7em-ti-none-eabi\c\</path>
         <kind>archive</kind>
         <file>libc.a</file>
         <name>copy_decompress_none.c.obj</name>
      </input_file>
      <input_file id="fl-4d">
         <path>C:\ti\ccs1280\ccs\tools\compiler\ti-cgt-armllvm_3.2.2.LTS\lib\armv7em-ti-none-eabi\c\</path>
         <kind>archive</kind>
         <file>libc.a</file>
         <name>copy_decompress_lzss.c.obj</name>
      </input_file>
      <input_file id="fl-4e">
         <path>C:\ti\ccs1280\ccs\tools\compiler\ti-cgt-armllvm_3.2.2.LTS\lib\armv7em-ti-none-eabi\c\</path>
         <kind>archive</kind>
         <file>libc.a</file>
         <name>_printfi.c.obj</name>
      </input_file>
      <input_file id="fl-4f">
         <path>C:\ti\ccs1280\ccs\tools\compiler\ti-cgt-armllvm_3.2.2.LTS\lib\armv7em-ti-none-eabi\c\</path>
         <kind>archive</kind>
         <file>libc.a</file>
         <name>s_frexp.c.obj</name>
      </input_file>
      <input_file id="fl-50">
         <path>C:\ti\ccs1280\ccs\tools\compiler\ti-cgt-armllvm_3.2.2.LTS\lib\armv7em-ti-none-eabi\c\</path>
         <kind>archive</kind>
         <file>libc.a</file>
         <name>s_scalbn.c.obj</name>
      </input_file>
      <input_file id="fl-51">
         <path>C:\ti\ccs1280\ccs\tools\compiler\ti-cgt-armllvm_3.2.2.LTS\lib\armv7em-ti-none-eabi\c\</path>
         <kind>archive</kind>
         <file>libc.a</file>
         <name>aeabi_portable.c.obj</name>
      </input_file>
      <input_file id="fl-52">
         <path>C:\ti\ccs1280\ccs\tools\compiler\ti-cgt-armllvm_3.2.2.LTS\lib\armv7em-ti-none-eabi\c\</path>
         <kind>archive</kind>
         <file>libc.a</file>
         <name>exit.c.obj</name>
      </input_file>
      <input_file id="fl-53">
         <path>C:\ti\ccs1280\ccs\tools\compiler\ti-cgt-armllvm_3.2.2.LTS\lib\armv7em-ti-none-eabi\c\</path>
         <kind>archive</kind>
         <file>libc.a</file>
         <name>_lock.c.obj</name>
      </input_file>
      <input_file id="fl-54">
         <path>C:\ti\ccs1280\ccs\tools\compiler\ti-cgt-armllvm_3.2.2.LTS\lib\armv7em-ti-none-eabi\c\</path>
         <kind>archive</kind>
         <file>libc.a</file>
         <name>_ltoa.c.obj</name>
      </input_file>
      <input_file id="fl-55">
         <path>C:\ti\ccs1280\ccs\tools\compiler\ti-cgt-armllvm_3.2.2.LTS\lib\armv7em-ti-none-eabi\c\</path>
         <kind>archive</kind>
         <file>libc.a</file>
         <name>args_main.c.obj</name>
      </input_file>
      <input_file id="fl-56">
         <path>C:\ti\ccs1280\ccs\tools\compiler\ti-cgt-armllvm_3.2.2.LTS\lib\armv7em-ti-none-eabi\c\</path>
         <kind>archive</kind>
         <file>libc.a</file>
         <name>assert.c.obj</name>
      </input_file>
      <input_file id="fl-57">
         <path>C:\ti\ccs1280\ccs\tools\compiler\ti-cgt-armllvm_3.2.2.LTS\lib\armv7em-ti-none-eabi\c\</path>
         <kind>archive</kind>
         <file>libc.a</file>
         <name>atoi.c.obj</name>
      </input_file>
      <input_file id="fl-58">
         <path>C:\ti\ccs1280\ccs\tools\compiler\ti-cgt-armllvm_3.2.2.LTS\lib\armv7em-ti-none-eabi\c\</path>
         <kind>archive</kind>
         <file>libc.a</file>
         <name>defs.c.obj</name>
      </input_file>
      <input_file id="fl-59">
         <path>C:\ti\ccs1280\ccs\tools\compiler\ti-cgt-armllvm_3.2.2.LTS\lib\armv7em-ti-none-eabi\c\</path>
         <kind>archive</kind>
         <file>libc.a</file>
         <name>memccpy.c.obj</name>
      </input_file>
      <input_file id="fl-5a">
         <path>C:\ti\ccs1280\ccs\tools\compiler\ti-cgt-armllvm_3.2.2.LTS\lib\armv7em-ti-none-eabi\c\</path>
         <kind>archive</kind>
         <file>libc.a</file>
         <name>wcslen.c.obj</name>
      </input_file>
      <input_file id="fl-5b">
         <path>C:\ti\ccs1280\ccs\tools\compiler\ti-cgt-armllvm_3.2.2.LTS\lib\armv7em-ti-none-eabi\c\</path>
         <kind>archive</kind>
         <file>libc.a</file>
         <name>sprintf.c.obj</name>
      </input_file>
      <input_file id="fl-5c">
         <path>C:\ti\ccs1280\ccs\tools\compiler\ti-cgt-armllvm_3.2.2.LTS\lib\armv7em-ti-none-eabi\c\</path>
         <kind>archive</kind>
         <file>libc.a</file>
         <name>fflush.c.obj</name>
      </input_file>
      <input_file id="fl-5d">
         <path>C:\ti\ccs1280\ccs\tools\compiler\ti-cgt-armllvm_3.2.2.LTS\lib\armv7em-ti-none-eabi\c\</path>
         <kind>archive</kind>
         <file>libc.a</file>
         <name>fputs.c.obj</name>
      </input_file>
      <input_file id="fl-5e">
         <path>C:\ti\ccs1280\ccs\tools\compiler\ti-cgt-armllvm_3.2.2.LTS\lib\armv7em-ti-none-eabi\c\</path>
         <kind>archive</kind>
         <file>libc.a</file>
         <name>_io_perm.c.obj</name>
      </input_file>
      <input_file id="fl-5f">
         <path>C:\ti\ccs1280\ccs\tools\compiler\ti-cgt-armllvm_3.2.2.LTS\lib\armv7em-ti-none-eabi\c\</path>
         <kind>archive</kind>
         <file>libc.a</file>
         <name>setvbuf.c.obj</name>
      </input_file>
      <input_file id="fl-60">
         <path>C:\ti\ccs1280\ccs\tools\compiler\ti-cgt-armllvm_3.2.2.LTS\lib\armv7em-ti-none-eabi\c\</path>
         <kind>archive</kind>
         <file>libc.a</file>
         <name>aeabi_ctype.S.obj</name>
      </input_file>
      <input_file id="fl-61">
         <path>C:\ti\ccs1280\ccs\tools\compiler\ti-cgt-armllvm_3.2.2.LTS\lib\armv7em-ti-none-eabi\c\</path>
         <kind>archive</kind>
         <file>libc.a</file>
         <name>fopen.c.obj</name>
      </input_file>
      <input_file id="fl-62">
         <path>C:\ti\ccs1280\ccs\tools\compiler\ti-cgt-armllvm_3.2.2.LTS\lib\armv7em-ti-none-eabi\c\</path>
         <kind>archive</kind>
         <file>libc.a</file>
         <name>fseek.c.obj</name>
      </input_file>
      <input_file id="fl-63">
         <path>C:\ti\ccs1280\ccs\tools\compiler\ti-cgt-armllvm_3.2.2.LTS\lib\armv7em-ti-none-eabi\c\</path>
         <kind>archive</kind>
         <file>libc.a</file>
         <name>fclose.c.obj</name>
      </input_file>
      <input_file id="fl-c9">
         <path>C:\ti\ccs1280\ccs\tools\compiler\ti-cgt-armllvm_3.2.2.LTS\lib\armv7em-ti-none-eabi\c\</path>
         <kind>archive</kind>
         <file>libsysbm.a</file>
         <name>write.c.obj</name>
      </input_file>
      <input_file id="fl-ca">
         <path>C:\ti\ccs1280\ccs\tools\compiler\ti-cgt-armllvm_3.2.2.LTS\lib\armv7em-ti-none-eabi\c\</path>
         <kind>archive</kind>
         <file>libsysbm.a</file>
         <name>host_device.c.obj</name>
      </input_file>
      <input_file id="fl-cb">
         <path>C:\ti\ccs1280\ccs\tools\compiler\ti-cgt-armllvm_3.2.2.LTS\lib\armv7em-ti-none-eabi\c\</path>
         <kind>archive</kind>
         <file>libsysbm.a</file>
         <name>remove.c.obj</name>
      </input_file>
      <input_file id="fl-cc">
         <path>C:\ti\ccs1280\ccs\tools\compiler\ti-cgt-armllvm_3.2.2.LTS\lib\armv7em-ti-none-eabi\c\</path>
         <kind>archive</kind>
         <file>libsysbm.a</file>
         <name>open.c.obj</name>
      </input_file>
      <input_file id="fl-cd">
         <path>C:\ti\ccs1280\ccs\tools\compiler\ti-cgt-armllvm_3.2.2.LTS\lib\armv7em-ti-none-eabi\c\</path>
         <kind>archive</kind>
         <file>libsysbm.a</file>
         <name>lseek.c.obj</name>
      </input_file>
      <input_file id="fl-ce">
         <path>C:\ti\ccs1280\ccs\tools\compiler\ti-cgt-armllvm_3.2.2.LTS\lib\armv7em-ti-none-eabi\c\</path>
         <kind>archive</kind>
         <file>libsysbm.a</file>
         <name>close.c.obj</name>
      </input_file>
      <input_file id="fl-cf">
         <path>C:\ti\ccs1280\ccs\tools\compiler\ti-cgt-armllvm_3.2.2.LTS\lib\armv7em-ti-none-eabi\c\</path>
         <kind>archive</kind>
         <file>libsysbm.a</file>
         <name>unlink.c.obj</name>
      </input_file>
      <input_file id="fl-d0">
         <path>C:\ti\ccs1280\ccs\tools\compiler\ti-cgt-armllvm_3.2.2.LTS\lib\armv7em-ti-none-eabi\c\</path>
         <kind>archive</kind>
         <file>libsysbm.a</file>
         <name>hostclose.c.obj</name>
      </input_file>
      <input_file id="fl-d1">
         <path>C:\ti\ccs1280\ccs\tools\compiler\ti-cgt-armllvm_3.2.2.LTS\lib\armv7em-ti-none-eabi\c\</path>
         <kind>archive</kind>
         <file>libsysbm.a</file>
         <name>hostlseek.c.obj</name>
      </input_file>
      <input_file id="fl-d2">
         <path>C:\ti\ccs1280\ccs\tools\compiler\ti-cgt-armllvm_3.2.2.LTS\lib\armv7em-ti-none-eabi\c\</path>
         <kind>archive</kind>
         <file>libsysbm.a</file>
         <name>hostopen.c.obj</name>
      </input_file>
      <input_file id="fl-d3">
         <path>C:\ti\ccs1280\ccs\tools\compiler\ti-cgt-armllvm_3.2.2.LTS\lib\armv7em-ti-none-eabi\c\</path>
         <kind>archive</kind>
         <file>libsysbm.a</file>
         <name>hostread.c.obj</name>
      </input_file>
      <input_file id="fl-d4">
         <path>C:\ti\ccs1280\ccs\tools\compiler\ti-cgt-armllvm_3.2.2.LTS\lib\armv7em-ti-none-eabi\c\</path>
         <kind>archive</kind>
         <file>libsysbm.a</file>
         <name>hostrename.c.obj</name>
      </input_file>
      <input_file id="fl-d5">
         <path>C:\ti\ccs1280\ccs\tools\compiler\ti-cgt-armllvm_3.2.2.LTS\lib\armv7em-ti-none-eabi\c\</path>
         <kind>archive</kind>
         <file>libsysbm.a</file>
         <name>hostunlink.c.obj</name>
      </input_file>
      <input_file id="fl-d6">
         <path>C:\ti\ccs1280\ccs\tools\compiler\ti-cgt-armllvm_3.2.2.LTS\lib\armv7em-ti-none-eabi\c\</path>
         <kind>archive</kind>
         <file>libsysbm.a</file>
         <name>hostwrite.c.obj</name>
      </input_file>
      <input_file id="fl-d7">
         <path>C:\ti\ccs1280\ccs\tools\compiler\ti-cgt-armllvm_3.2.2.LTS\lib\armv7em-ti-none-eabi\c\</path>
         <kind>archive</kind>
         <file>libsysbm.a</file>
         <name>trgmsg.c.obj</name>
      </input_file>
      <input_file id="fl-d8">
         <path>C:\ti\ccs1280\ccs\tools\compiler\ti-cgt-armllvm_3.2.2.LTS\lib\clang\15.0.7\lib\armv7em-ti-none-eabi\</path>
         <kind>archive</kind>
         <file>libclang_rt.builtins.a</file>
         <name>adddf3.S.obj</name>
      </input_file>
      <input_file id="fl-d9">
         <path>C:\ti\ccs1280\ccs\tools\compiler\ti-cgt-armllvm_3.2.2.LTS\lib\clang\15.0.7\lib\armv7em-ti-none-eabi\</path>
         <kind>archive</kind>
         <file>libclang_rt.builtins.a</file>
         <name>muldf3.S.obj</name>
      </input_file>
      <input_file id="fl-da">
         <path>C:\ti\ccs1280\ccs\tools\compiler\ti-cgt-armllvm_3.2.2.LTS\lib\clang\15.0.7\lib\armv7em-ti-none-eabi\</path>
         <kind>archive</kind>
         <file>libclang_rt.builtins.a</file>
         <name>divdf3.S.obj</name>
      </input_file>
      <input_file id="fl-db">
         <path>C:\ti\ccs1280\ccs\tools\compiler\ti-cgt-armllvm_3.2.2.LTS\lib\clang\15.0.7\lib\armv7em-ti-none-eabi\</path>
         <kind>archive</kind>
         <file>libclang_rt.builtins.a</file>
         <name>fixdfsi.S.obj</name>
      </input_file>
      <input_file id="fl-dc">
         <path>C:\ti\ccs1280\ccs\tools\compiler\ti-cgt-armllvm_3.2.2.LTS\lib\clang\15.0.7\lib\armv7em-ti-none-eabi\</path>
         <kind>archive</kind>
         <file>libclang_rt.builtins.a</file>
         <name>floatsidf.S.obj</name>
      </input_file>
      <input_file id="fl-dd">
         <path>C:\ti\ccs1280\ccs\tools\compiler\ti-cgt-armllvm_3.2.2.LTS\lib\clang\15.0.7\lib\armv7em-ti-none-eabi\</path>
         <kind>archive</kind>
         <file>libclang_rt.builtins.a</file>
         <name>aeabi_dcmp.S.obj</name>
      </input_file>
      <input_file id="fl-de">
         <path>C:\ti\ccs1280\ccs\tools\compiler\ti-cgt-armllvm_3.2.2.LTS\lib\clang\15.0.7\lib\armv7em-ti-none-eabi\</path>
         <kind>archive</kind>
         <file>libclang_rt.builtins.a</file>
         <name>aeabi_memcpy.S.obj</name>
      </input_file>
      <input_file id="fl-df">
         <path>C:\ti\ccs1280\ccs\tools\compiler\ti-cgt-armllvm_3.2.2.LTS\lib\clang\15.0.7\lib\armv7em-ti-none-eabi\</path>
         <kind>archive</kind>
         <file>libclang_rt.builtins.a</file>
         <name>aeabi_memset.S.obj</name>
      </input_file>
      <input_file id="fl-e0">
         <path>C:\ti\ccs1280\ccs\tools\compiler\ti-cgt-armllvm_3.2.2.LTS\lib\clang\15.0.7\lib\armv7em-ti-none-eabi\</path>
         <kind>archive</kind>
         <file>libclang_rt.builtins.a</file>
         <name>aeabi_uldivmod.S.obj</name>
      </input_file>
      <input_file id="fl-e1">
         <path>C:\ti\ccs1280\ccs\tools\compiler\ti-cgt-armllvm_3.2.2.LTS\lib\clang\15.0.7\lib\armv7em-ti-none-eabi\</path>
         <kind>archive</kind>
         <file>libclang_rt.builtins.a</file>
         <name>udivmoddi4.S.obj</name>
      </input_file>
      <input_file id="fl-e2">
         <path>C:\ti\ccs1280\ccs\tools\compiler\ti-cgt-armllvm_3.2.2.LTS\lib\clang\15.0.7\lib\armv7em-ti-none-eabi\</path>
         <kind>archive</kind>
         <file>libclang_rt.builtins.a</file>
         <name>comparedf2.c.obj</name>
      </input_file>
      <input_file id="fl-e3">
         <path>C:\ti\ccs1280\ccs\tools\compiler\ti-cgt-armllvm_3.2.2.LTS\lib\clang\15.0.7\lib\armv7em-ti-none-eabi\</path>
         <kind>archive</kind>
         <file>libclang_rt.builtins.a</file>
         <name>aeabi_div0.c.obj</name>
      </input_file>
      <input_file id="fl-e4">
         <path>C:\ti\ccs1280\ccs\tools\compiler\ti-cgt-armllvm_3.2.2.LTS\lib\armv7em-ti-none-eabi\c\</path>
         <kind>archive</kind>
         <file>libc.a</file>
         <name>getdevice.c.obj</name>
      </input_file>
      <input_file id="fl-e5">
         <path>C:\ti\ccs1280\ccs\tools\compiler\ti-cgt-armllvm_3.2.2.LTS\lib\armv7em-ti-none-eabi\c\</path>
         <kind>archive</kind>
         <file>libc.a</file>
         <name>strcmp_t2.S.obj</name>
      </input_file>
      <input_file id="fl-e6">
         <path>C:\ti\ccs1280\ccs\tools\compiler\ti-cgt-armllvm_3.2.2.LTS\lib\armv7em-ti-none-eabi\c\</path>
         <kind>archive</kind>
         <file>libc.a</file>
         <name>memcpy_t2.S.obj</name>
      </input_file>
      <input_file id="fl-e7">
         <path>C:\ti\ccs1280\ccs\tools\compiler\ti-cgt-armllvm_3.2.2.LTS\lib\armv7em-ti-none-eabi\c\</path>
         <kind>archive</kind>
         <file>libc.a</file>
         <name>memset_t2.S.obj</name>
      </input_file>
   </input_file_list>
   <object_component_list>
      <object_component id="oc-215">
         <name>.text:__TI_printfi_nofloat</name>
         <load_address>0x2000c040</load_address>
         <readonly>true</readonly>
         <executable>true</executable>
         <run_address>0x2000c040</run_address>
         <size>0x86c</size>
         <alignment>0x4</alignment>
         <input_file_ref idref="fl-4e"/>
      </object_component>
      <object_component id="oc-d2">
         <name>.text.PRCMCC3200MCUInit</name>
         <load_address>0x2000c8ac</load_address>
         <readonly>true</readonly>
         <executable>true</executable>
         <run_address>0x2000c8ac</run_address>
         <size>0x4b8</size>
         <alignment>0x2</alignment>
         <input_file_ref idref="fl-2e"/>
      </object_component>
      <object_component id="oc-236">
         <name>.text.Power_sleep</name>
         <load_address>0x2000cd64</load_address>
         <readonly>true</readonly>
         <executable>true</executable>
         <run_address>0x2000cd64</run_address>
         <size>0x3e4</size>
         <alignment>0x4</alignment>
         <input_file_ref idref="fl-18"/>
      </object_component>
      <object_component id="oc-1e5">
         <name>.text.UART2CC32XX_hwiIntFxn</name>
         <load_address>0x2000d148</load_address>
         <readonly>true</readonly>
         <executable>true</executable>
         <run_address>0x2000d148</run_address>
         <size>0x222</size>
         <alignment>0x2</alignment>
         <input_file_ref idref="fl-1d"/>
      </object_component>
      <object_component id="oc-e2">
         <name>.text.Board_initHook</name>
         <load_address>0x2000d36a</load_address>
         <readonly>true</readonly>
         <executable>true</executable>
         <run_address>0x2000d36a</run_address>
         <size>0x2</size>
         <alignment>0x2</alignment>
         <input_file_ref idref="fl-2"/>
      </object_component>
      <object_component id="oc-149">
         <name>.text.UART2_open</name>
         <load_address>0x2000d36c</load_address>
         <readonly>true</readonly>
         <executable>true</executable>
         <run_address>0x2000d36c</run_address>
         <size>0x1cc</size>
         <alignment>0x4</alignment>
         <input_file_ref idref="fl-1d"/>
      </object_component>
      <object_component id="oc-218">
         <name>.text.UART2_writeTimeoutBlocking</name>
         <load_address>0x2000d538</load_address>
         <readonly>true</readonly>
         <executable>true</executable>
         <run_address>0x2000d538</run_address>
         <size>0x174</size>
         <alignment>0x2</alignment>
         <input_file_ref idref="fl-1c"/>
      </object_component>
      <object_component id="oc-1ae">
         <name>.text.PowerCC32XX_sleepPolicy</name>
         <load_address>0x2000d6ac</load_address>
         <readonly>true</readonly>
         <executable>true</executable>
         <run_address>0x2000d6ac</run_address>
         <size>0x150</size>
         <alignment>0x4</alignment>
         <input_file_ref idref="fl-25"/>
      </object_component>
      <object_component id="oc-156">
         <name>.text.Timer_open</name>
         <load_address>0x2000d7fc</load_address>
         <readonly>true</readonly>
         <executable>true</executable>
         <run_address>0x2000d7fc</run_address>
         <size>0x148</size>
         <alignment>0x4</alignment>
         <input_file_ref idref="fl-1b"/>
      </object_component>
      <object_component id="oc-104">
         <name>.text.GPIO_setConfig</name>
         <load_address>0x2000d944</load_address>
         <readonly>true</readonly>
         <executable>true</executable>
         <run_address>0x2000d944</run_address>
         <size>0x140</size>
         <alignment>0x4</alignment>
         <input_file_ref idref="fl-15"/>
      </object_component>
      <object_component id="oc-205">
         <name>.text.I2CCC32XX_hwiFxn</name>
         <load_address>0x2000da84</load_address>
         <readonly>true</readonly>
         <executable>true</executable>
         <run_address>0x2000da84</run_address>
         <size>0x138</size>
         <alignment>0x2</alignment>
         <input_file_ref idref="fl-17"/>
      </object_component>
      <object_component id="oc-20b">
         <name>.text.I2C_transferTimeout</name>
         <load_address>0x2000dbbc</load_address>
         <readonly>true</readonly>
         <executable>true</executable>
         <run_address>0x2000dbbc</run_address>
         <size>0x126</size>
         <alignment>0x2</alignment>
         <input_file_ref idref="fl-16"/>
      </object_component>
      <object_component id="oc-1a9">
         <name>.text.PowerCC32XX_initPolicy</name>
         <load_address>0x2000dce2</load_address>
         <readonly>true</readonly>
         <executable>true</executable>
         <run_address>0x2000dce2</run_address>
         <size>0x2</size>
         <alignment>0x2</alignment>
         <input_file_ref idref="fl-25"/>
      </object_component>
      <object_component id="oc-2d5">
         <name>.text.aligned_alloc</name>
         <load_address>0x2000dce4</load_address>
         <readonly>true</readonly>
         <executable>true</executable>
         <run_address>0x2000dce4</run_address>
         <size>0x120</size>
         <alignment>0x4</alignment>
         <input_file_ref idref="fl-45"/>
      </object_component>
      <object_component id="oc-217">
         <name>.text.UART2_writeTimeoutNonblocking</name>
         <load_address>0x2000de04</load_address>
         <readonly>true</readonly>
         <executable>true</executable>
         <run_address>0x2000de04</run_address>
         <size>0x11a</size>
         <alignment>0x2</alignment>
         <input_file_ref idref="fl-1c"/>
      </object_component>
      <object_component id="oc-30c">
         <name>.text.uDMAChannelTransferSet</name>
         <load_address>0x2000df1e</load_address>
         <readonly>true</readonly>
         <executable>true</executable>
         <run_address>0x2000df1e</run_address>
         <size>0x112</size>
         <alignment>0x2</alignment>
         <input_file_ref idref="fl-33"/>
      </object_component>
      <object_component id="oc-17a">
         <name>.text.__muldf3</name>
         <load_address>0x2000e030</load_address>
         <readonly>true</readonly>
         <executable>true</executable>
         <run_address>0x2000e030</run_address>
         <size>0xfc</size>
         <alignment>0x4</alignment>
         <input_file_ref idref="fl-d9"/>
      </object_component>
      <object_component id="oc-1b5">
         <name>.text.free</name>
         <load_address>0x2000e12c</load_address>
         <readonly>true</readonly>
         <executable>true</executable>
         <run_address>0x2000e12c</run_address>
         <size>0xf0</size>
         <alignment>0x4</alignment>
         <input_file_ref idref="fl-45"/>
      </object_component>
      <object_component id="oc-163">
         <name>.text.I2C_open</name>
         <load_address>0x2000e21c</load_address>
         <readonly>true</readonly>
         <executable>true</executable>
         <run_address>0x2000e21c</run_address>
         <size>0xe8</size>
         <alignment>0x4</alignment>
         <input_file_ref idref="fl-17"/>
      </object_component>
      <object_component id="oc-1e0">
         <name>.text.UART2_close</name>
         <load_address>0x2000e304</load_address>
         <readonly>true</readonly>
         <executable>true</executable>
         <run_address>0x2000e304</run_address>
         <size>0xe8</size>
         <alignment>0x4</alignment>
         <input_file_ref idref="fl-1d"/>
      </object_component>
      <object_component id="oc-27f">
         <name>.text.UART2Support_dmaStartRx</name>
         <load_address>0x2000e3ec</load_address>
         <readonly>true</readonly>
         <executable>true</executable>
         <run_address>0x2000e3ec</run_address>
         <size>0xcc</size>
         <alignment>0x4</alignment>
         <input_file_ref idref="fl-1d"/>
      </object_component>
      <object_component id="oc-301">
         <name>.text.IntDisable</name>
         <load_address>0x2000e4b8</load_address>
         <readonly>true</readonly>
         <executable>true</executable>
         <run_address>0x2000e4b8</run_address>
         <size>0xc8</size>
         <alignment>0x2</alignment>
         <input_file_ref idref="fl-2c"/>
      </object_component>
      <object_component id="oc-268">
         <name>.text.IntEnable</name>
         <load_address>0x2000e580</load_address>
         <readonly>true</readonly>
         <executable>true</executable>
         <run_address>0x2000e580</run_address>
         <size>0xc8</size>
         <alignment>0x2</alignment>
         <input_file_ref idref="fl-2c"/>
      </object_component>
      <object_component id="oc-1dc">
         <name>.text.UART2CC32XX_initHw</name>
         <load_address>0x2000e648</load_address>
         <readonly>true</readonly>
         <executable>true</executable>
         <run_address>0x2000e648</run_address>
         <size>0xc4</size>
         <alignment>0x4</alignment>
         <input_file_ref idref="fl-1d"/>
      </object_component>
      <object_component id="oc-b0">
         <name>.text.mainThread</name>
         <load_address>0x2000e70c</load_address>
         <readonly>true</readonly>
         <executable>true</executable>
         <run_address>0x2000e70c</run_address>
         <size>0xc4</size>
         <alignment>0x4</alignment>
         <input_file_ref idref="fl-1"/>
      </object_component>
      <object_component id="oc-282">
         <name>.text.UART2Support_dmaStartTx</name>
         <load_address>0x2000e7d0</load_address>
         <readonly>true</readonly>
         <executable>true</executable>
         <run_address>0x2000e7d0</run_address>
         <size>0xb8</size>
         <alignment>0x4</alignment>
         <input_file_ref idref="fl-1d"/>
      </object_component>
      <object_component id="oc-2dc">
         <name>.text</name>
         <load_address>0x2000e888</load_address>
         <readonly>true</readonly>
         <executable>true</executable>
         <run_address>0x2000e888</run_address>
         <size>0xb0</size>
         <alignment>0x4</alignment>
         <input_file_ref idref="fl-e1"/>
      </object_component>
      <object_component id="oc-21b">
         <name>.text.GPIOIntTypeSet</name>
         <load_address>0x2000e938</load_address>
         <readonly>true</readonly>
         <executable>true</executable>
         <run_address>0x2000e938</run_address>
         <size>0xac</size>
         <alignment>0x2</alignment>
         <input_file_ref idref="fl-29"/>
      </object_component>
      <object_component id="oc-364">
         <name>.text.IntPendSet</name>
         <load_address>0x2000e9e4</load_address>
         <readonly>true</readonly>
         <executable>true</executable>
         <run_address>0x2000e9e4</run_address>
         <size>0xa4</size>
         <alignment>0x2</alignment>
         <input_file_ref idref="fl-2c"/>
      </object_component>
      <object_component id="oc-18b">
         <name>.text.PinConfigSet</name>
         <load_address>0x2000ea88</load_address>
         <readonly>true</readonly>
         <executable>true</executable>
         <run_address>0x2000ea88</run_address>
         <size>0xa2</size>
         <alignment>0x2</alignment>
         <input_file_ref idref="fl-2d"/>
      </object_component>
      <object_component id="oc-2a8">
         <name>.text.I2CCC32XX_completeTransfer</name>
         <load_address>0x2000eb2a</load_address>
         <readonly>true</readonly>
         <executable>true</executable>
         <run_address>0x2000eb2a</run_address>
         <size>0x9c</size>
         <alignment>0x2</alignment>
         <input_file_ref idref="fl-17"/>
      </object_component>
      <object_component id="oc-299">
         <name>.text.I2CMasterInitExpClk</name>
         <load_address>0x2000ebc6</load_address>
         <readonly>true</readonly>
         <executable>true</executable>
         <run_address>0x2000ebc6</run_address>
         <size>0x98</size>
         <alignment>0x2</alignment>
         <input_file_ref idref="fl-2b"/>
      </object_component>
      <object_component id="oc-271">
         <name>.text.SemaphoreP_destruct</name>
         <load_address>0x2000ec5e</load_address>
         <readonly>true</readonly>
         <executable>true</executable>
         <run_address>0x2000ec5e</run_address>
         <size>0x2</size>
         <alignment>0x2</alignment>
         <input_file_ref idref="fl-22"/>
      </object_component>
      <object_component id="oc-13a">
         <name>.text.SemaphoreP_pend</name>
         <load_address>0x2000ec60</load_address>
         <readonly>true</readonly>
         <executable>true</executable>
         <run_address>0x2000ec60</run_address>
         <size>0x98</size>
         <alignment>0x4</alignment>
         <input_file_ref idref="fl-22"/>
      </object_component>
      <object_component id="oc-137">
         <name>.text.HwiP_disable</name>
         <load_address>0x2000ecf8</load_address>
         <readonly>true</readonly>
         <executable>true</executable>
         <run_address>0x2000ecf8</run_address>
         <size>0x8</size>
         <alignment>0x2</alignment>
         <input_file_ref idref="fl-24"/>
      </object_component>
      <object_component id="oc-2e8">
         <name>.text</name>
         <load_address>0x2000ed00</load_address>
         <readonly>true</readonly>
         <executable>true</executable>
         <run_address>0x2000ed00</run_address>
         <size>0x96</size>
         <alignment>0x10</alignment>
         <input_file_ref idref="fl-19"/>
      </object_component>
      <object_component id="oc-261">
         <name>.text.uDMAChannelAttributeDisable</name>
         <load_address>0x2000ed96</load_address>
         <readonly>true</readonly>
         <executable>true</executable>
         <run_address>0x2000ed96</run_address>
         <size>0x92</size>
         <alignment>0x2</alignment>
         <input_file_ref idref="fl-33"/>
      </object_component>
      <object_component id="oc-dc">
         <name>.text.GPIO_init</name>
         <load_address>0x2000ee28</load_address>
         <readonly>true</readonly>
         <executable>true</executable>
         <run_address>0x2000ee28</run_address>
         <size>0x90</size>
         <alignment>0x4</alignment>
         <input_file_ref idref="fl-15"/>
      </object_component>
      <object_component id="oc-119">
         <name>.text.PRCMSysResetCauseGet</name>
         <load_address>0x2000eeb8</load_address>
         <readonly>true</readonly>
         <executable>true</executable>
         <run_address>0x2000eeb8</run_address>
         <size>0x8e</size>
         <alignment>0x2</alignment>
         <input_file_ref idref="fl-2e"/>
      </object_component>
      <object_component id="oc-1e3">
         <name>.text.UART2CC32XX_eventCallback</name>
         <load_address>0x2000ef46</load_address>
         <readonly>true</readonly>
         <executable>true</executable>
         <run_address>0x2000ef46</run_address>
         <size>0x2</size>
         <alignment>0x2</alignment>
         <input_file_ref idref="fl-1d"/>
      </object_component>
      <object_component id="oc-12b">
         <name>.text.PowerCC32XX_configureWakeup</name>
         <load_address>0x2000ef48</load_address>
         <readonly>true</readonly>
         <executable>true</executable>
         <run_address>0x2000ef48</run_address>
         <size>0x88</size>
         <alignment>0x4</alignment>
         <input_file_ref idref="fl-18"/>
      </object_component>
      <object_component id="oc-2a5">
         <name>.text.I2CCC32XX_primeReadBurst</name>
         <load_address>0x2000efd0</load_address>
         <readonly>true</readonly>
         <executable>true</executable>
         <run_address>0x2000efd0</run_address>
         <size>0x7a</size>
         <alignment>0x2</alignment>
         <input_file_ref idref="fl-17"/>
      </object_component>
      <object_component id="oc-353">
         <name>.text.__aeabi_ldiv0</name>
         <load_address>0x2000f04a</load_address>
         <readonly>true</readonly>
         <executable>true</executable>
         <run_address>0x2000f04a</run_address>
         <size>0x2</size>
         <alignment>0x2</alignment>
         <input_file_ref idref="fl-e3"/>
      </object_component>
      <object_component id="oc-d7">
         <name>.text.Power_init</name>
         <load_address>0x2000f04c</load_address>
         <readonly>true</readonly>
         <executable>true</executable>
         <run_address>0x2000f04c</run_address>
         <size>0x78</size>
         <alignment>0x4</alignment>
         <input_file_ref idref="fl-18"/>
      </object_component>
      <object_component id="oc-1de">
         <name>.text.HwiP_construct</name>
         <load_address>0x2000f0c4</load_address>
         <readonly>true</readonly>
         <executable>true</executable>
         <run_address>0x2000f0c4</run_address>
         <size>0x74</size>
         <alignment>0x4</alignment>
         <input_file_ref idref="fl-24"/>
      </object_component>
      <object_component id="oc-1a6">
         <name>.text.PRCMHibernateWakeUpGPIOSelect</name>
         <load_address>0x2000f138</load_address>
         <readonly>true</readonly>
         <executable>true</executable>
         <run_address>0x2000f138</run_address>
         <size>0x74</size>
         <alignment>0x2</alignment>
         <input_file_ref idref="fl-2e"/>
      </object_component>
      <object_component id="oc-256">
         <name>.text.UARTConfigSetExpClk</name>
         <load_address>0x2000f1ac</load_address>
         <readonly>true</readonly>
         <executable>true</executable>
         <run_address>0x2000f1ac</run_address>
         <size>0x74</size>
         <alignment>0x2</alignment>
         <input_file_ref idref="fl-32"/>
      </object_component>
      <object_component id="oc-f6">
         <name>.text.readTemperature</name>
         <load_address>0x2000f220</load_address>
         <readonly>true</readonly>
         <executable>true</executable>
         <run_address>0x2000f220</run_address>
         <size>0x70</size>
         <alignment>0x4</alignment>
         <input_file_ref idref="fl-1"/>
      </object_component>
      <object_component id="oc-18">
         <name>.text:decompress:lzss</name>
         <load_address>0x2000f290</load_address>
         <readonly>true</readonly>
         <executable>true</executable>
         <run_address>0x2000f290</run_address>
         <size>0x70</size>
         <alignment>0x2</alignment>
         <input_file_ref idref="fl-4d"/>
      </object_component>
      <object_component id="oc-2e6">
         <name>.text.PinLockLevelSet</name>
         <load_address>0x2000f300</load_address>
         <readonly>true</readonly>
         <executable>true</executable>
         <run_address>0x2000f300</run_address>
         <size>0x6c</size>
         <alignment>0x2</alignment>
         <input_file_ref idref="fl-2d"/>
      </object_component>
      <object_component id="oc-18c">
         <name>.text.Power_setDependency</name>
         <load_address>0x2000f36c</load_address>
         <readonly>true</readonly>
         <executable>true</executable>
         <run_address>0x2000f36c</run_address>
         <size>0x6c</size>
         <alignment>0x4</alignment>
         <input_file_ref idref="fl-18"/>
      </object_component>
      <object_component id="oc-1da">
         <name>.text.UDMACC32XX_open</name>
         <load_address>0x2000f3d8</load_address>
         <readonly>true</readonly>
         <executable>true</executable>
         <run_address>0x2000f3d8</run_address>
         <size>0x6c</size>
         <alignment>0x4</alignment>
         <input_file_ref idref="fl-20"/>
      </object_component>
      <object_component id="oc-141">
         <name>.text.powerNotifyFxn</name>
         <load_address>0x2000f444</load_address>
         <readonly>true</readonly>
         <executable>true</executable>
         <run_address>0x2000f444</run_address>
         <size>0x6c</size>
         <alignment>0x4</alignment>
         <input_file_ref idref="fl-15"/>
      </object_component>
      <object_component id="oc-350">
         <name>.text.split</name>
         <load_address>0x2000f4b0</load_address>
         <readonly>true</readonly>
         <executable>true</executable>
         <run_address>0x2000f4b0</run_address>
         <size>0x6c</size>
         <alignment>0x4</alignment>
         <input_file_ref idref="fl-45"/>
      </object_component>
      <object_component id="oc-121">
         <name>.text.PRCMPeripheralReset</name>
         <load_address>0x2000f51c</load_address>
         <readonly>true</readonly>
         <executable>true</executable>
         <run_address>0x2000f51c</run_address>
         <size>0x6a</size>
         <alignment>0x2</alignment>
         <input_file_ref idref="fl-2e"/>
      </object_component>
      <object_component id="oc-194">
         <name>.text._nop</name>
         <load_address>0x2000f586</load_address>
         <readonly>true</readonly>
         <executable>true</executable>
         <run_address>0x2000f586</run_address>
         <size>0x2</size>
         <alignment>0x2</alignment>
         <input_file_ref idref="fl-53"/>
      </object_component>
      <object_component id="oc-200">
         <name>.text.I2CCC32XX_initHw</name>
         <load_address>0x2000f588</load_address>
         <readonly>true</readonly>
         <executable>true</executable>
         <run_address>0x2000f588</run_address>
         <size>0x68</size>
         <alignment>0x4</alignment>
         <input_file_ref idref="fl-17"/>
      </object_component>
      <object_component id="oc-265">
         <name>.text.IntPendClear</name>
         <load_address>0x2000f5f0</load_address>
         <readonly>true</readonly>
         <executable>true</executable>
         <run_address>0x2000f5f0</run_address>
         <size>0x68</size>
         <alignment>0x2</alignment>
         <input_file_ref idref="fl-2c"/>
      </object_component>
      <object_component id="oc-2a6">
         <name>.text.I2CCC32XX_primeWriteBurst</name>
         <load_address>0x2000f658</load_address>
         <readonly>true</readonly>
         <executable>true</executable>
         <run_address>0x2000f658</run_address>
         <size>0x66</size>
         <alignment>0x2</alignment>
         <input_file_ref idref="fl-17"/>
      </object_component>
      <object_component id="oc-57">
         <name>.text.busFaultHandler</name>
         <load_address>0x2000f6be</load_address>
         <readonly>true</readonly>
         <executable>true</executable>
         <run_address>0x2000f6be</run_address>
         <size>0x2</size>
         <alignment>0x2</alignment>
         <input_file_ref idref="fl-26"/>
      </object_component>
      <object_component id="oc-f7">
         <name>.text.GPIO_write</name>
         <load_address>0x2000f6c0</load_address>
         <readonly>true</readonly>
         <executable>true</executable>
         <run_address>0x2000f6c0</run_address>
         <size>0x60</size>
         <alignment>0x4</alignment>
         <input_file_ref idref="fl-15"/>
      </object_component>
      <object_component id="oc-281">
         <name>.text.UART2Support_dmaStopTx</name>
         <load_address>0x2000f720</load_address>
         <readonly>true</readonly>
         <executable>true</executable>
         <run_address>0x2000f720</run_address>
         <size>0x60</size>
         <alignment>0x2</alignment>
         <input_file_ref idref="fl-1d"/>
      </object_component>
      <object_component id="oc-35f">
         <name>.text.FlashDisable</name>
         <load_address>0x2000f780</load_address>
         <readonly>true</readonly>
         <executable>true</executable>
         <run_address>0x2000f780</run_address>
         <size>0x5c</size>
         <alignment>0x2</alignment>
         <input_file_ref idref="fl-35"/>
      </object_component>
      <object_component id="oc-2ab">
         <name>.text.I2CSupport_primeTransfer</name>
         <load_address>0x2000f7dc</load_address>
         <readonly>true</readonly>
         <executable>true</executable>
         <run_address>0x2000f7dc</run_address>
         <size>0x5c</size>
         <alignment>0x2</alignment>
         <input_file_ref idref="fl-17"/>
      </object_component>
      <object_component id="oc-1a8">
         <name>.text.PRCMHibernateWakeupSourceDisable</name>
         <load_address>0x2000f838</load_address>
         <readonly>true</readonly>
         <executable>true</executable>
         <run_address>0x2000f838</run_address>
         <size>0x5c</size>
         <alignment>0x2</alignment>
         <input_file_ref idref="fl-2e"/>
      </object_component>
      <object_component id="oc-1eb">
         <name>.text.TimerCC32XX_allocateTimerResource</name>
         <load_address>0x2000f894</load_address>
         <readonly>true</readonly>
         <executable>true</executable>
         <run_address>0x2000f894</run_address>
         <size>0x5c</size>
         <alignment>0x4</alignment>
         <input_file_ref idref="fl-1b"/>
      </object_component>
      <object_component id="oc-120">
         <name>.text.PRCMPeripheralClkEnable</name>
         <load_address>0x2000f8f0</load_address>
         <readonly>true</readonly>
         <executable>true</executable>
         <run_address>0x2000f8f0</run_address>
         <size>0x5a</size>
         <alignment>0x2</alignment>
         <input_file_ref idref="fl-2e"/>
      </object_component>
      <object_component id="oc-1bc">
         <name>.text.clkFxn</name>
         <load_address>0x2000f94a</load_address>
         <readonly>true</readonly>
         <executable>true</executable>
         <run_address>0x2000f94a</run_address>
         <size>0x2</size>
         <alignment>0x2</alignment>
         <input_file_ref idref="fl-22"/>
      </object_component>
      <object_component id="oc-2da">
         <name>.text.ClockP_startup</name>
         <load_address>0x2000f94c</load_address>
         <readonly>true</readonly>
         <executable>true</executable>
         <run_address>0x2000f94c</run_address>
         <size>0x58</size>
         <alignment>0x4</alignment>
         <input_file_ref idref="fl-23"/>
      </object_component>
      <object_component id="oc-267">
         <name>.text.IntPrioritySet</name>
         <load_address>0x2000f9a4</load_address>
         <readonly>true</readonly>
         <executable>true</executable>
         <run_address>0x2000f9a4</run_address>
         <size>0x58</size>
         <alignment>0x2</alignment>
         <input_file_ref idref="fl-2c"/>
      </object_component>
      <object_component id="oc-2f2">
         <name>.text.PRCMLPDSEnter</name>
         <load_address>0x2000f9fc</load_address>
         <readonly>true</readonly>
         <executable>true</executable>
         <run_address>0x2000f9fc</run_address>
         <size>0x56</size>
         <alignment>0x2</alignment>
         <input_file_ref idref="fl-2e"/>
      </object_component>
      <object_component id="oc-56">
         <name>.text.defaultHandler</name>
         <load_address>0x2000fa52</load_address>
         <readonly>true</readonly>
         <executable>true</executable>
         <run_address>0x2000fa52</run_address>
         <size>0x2</size>
         <alignment>0x2</alignment>
         <input_file_ref idref="fl-26"/>
      </object_component>
      <object_component id="oc-1c8">
         <name>.text.PowerCC32XX_setParkState</name>
         <load_address>0x2000fa54</load_address>
         <readonly>true</readonly>
         <executable>true</executable>
         <run_address>0x2000fa54</run_address>
         <size>0x54</size>
         <alignment>0x4</alignment>
         <input_file_ref idref="fl-18"/>
      </object_component>
      <object_component id="oc-274">
         <name>.text.Power_releaseDependency</name>
         <load_address>0x2000faa8</load_address>
         <readonly>true</readonly>
         <executable>true</executable>
         <run_address>0x2000faa8</run_address>
         <size>0x54</size>
         <alignment>0x4</alignment>
         <input_file_ref idref="fl-18"/>
      </object_component>
      <object_component id="oc-193">
         <name>.text.GPIO_hwiIntFxn</name>
         <load_address>0x2000fafc</load_address>
         <readonly>true</readonly>
         <executable>true</executable>
         <run_address>0x2000fafc</run_address>
         <size>0x50</size>
         <alignment>0x4</alignment>
         <input_file_ref idref="fl-15"/>
      </object_component>
      <object_component id="oc-1a7">
         <name>.text.PRCMHibernateWakeupSourceEnable</name>
         <load_address>0x2000fb4c</load_address>
         <readonly>true</readonly>
         <executable>true</executable>
         <run_address>0x2000fb4c</run_address>
         <size>0x50</size>
         <alignment>0x2</alignment>
         <input_file_ref idref="fl-2e"/>
      </object_component>
      <object_component id="oc-23f">
         <name>.text.SemaphoreP_construct</name>
         <load_address>0x2000fb9c</load_address>
         <readonly>true</readonly>
         <executable>true</executable>
         <run_address>0x2000fb9c</run_address>
         <size>0x50</size>
         <alignment>0x4</alignment>
         <input_file_ref idref="fl-22"/>
      </object_component>
      <object_component id="oc-260">
         <name>.text.uDMAChannelAssign</name>
         <load_address>0x2000fbec</load_address>
         <readonly>true</readonly>
         <executable>true</executable>
         <run_address>0x2000fbec</run_address>
         <size>0x4e</size>
         <alignment>0x2</alignment>
         <input_file_ref idref="fl-33"/>
      </object_component>
      <object_component id="oc-55">
         <name>.text.faultISR</name>
         <load_address>0x2000fc3a</load_address>
         <readonly>true</readonly>
         <executable>true</executable>
         <run_address>0x2000fc3a</run_address>
         <size>0x2</size>
         <alignment>0x2</alignment>
         <input_file_ref idref="fl-26"/>
      </object_component>
      <object_component id="oc-190">
         <name>.text.GPIO_setInterruptConfig</name>
         <load_address>0x2000fc3c</load_address>
         <readonly>true</readonly>
         <executable>true</executable>
         <run_address>0x2000fc3c</run_address>
         <size>0x4c</size>
         <alignment>0x4</alignment>
         <input_file_ref idref="fl-15"/>
      </object_component>
      <object_component id="oc-35d">
         <name>.text.PRCMLPDSRestoreInfoSet</name>
         <load_address>0x2000fc88</load_address>
         <readonly>true</readonly>
         <executable>true</executable>
         <run_address>0x2000fc88</run_address>
         <size>0x4c</size>
         <alignment>0x2</alignment>
         <input_file_ref idref="fl-2e"/>
      </object_component>
      <object_component id="oc-1ef">
         <name>.text.initHw</name>
         <load_address>0x2000fcd4</load_address>
         <readonly>true</readonly>
         <executable>true</executable>
         <run_address>0x2000fcd4</run_address>
         <size>0x4c</size>
         <alignment>0x2</alignment>
         <input_file_ref idref="fl-1b"/>
      </object_component>
      <object_component id="oc-15d">
         <name>.text.timerCallback</name>
         <load_address>0x2000fd20</load_address>
         <readonly>true</readonly>
         <executable>true</executable>
         <run_address>0x2000fd20</run_address>
         <size>0x4c</size>
         <alignment>0x4</alignment>
         <input_file_ref idref="fl-1"/>
      </object_component>
      <object_component id="oc-27d">
         <name>.text.UART2Support_dmaStopRx</name>
         <load_address>0x2000fd6c</load_address>
         <readonly>true</readonly>
         <executable>true</executable>
         <run_address>0x2000fd6c</run_address>
         <size>0x4a</size>
         <alignment>0x2</alignment>
         <input_file_ref idref="fl-1d"/>
      </object_component>
      <object_component id="oc-1ee">
         <name>.text.getPrescaler</name>
         <load_address>0x2000fdb6</load_address>
         <readonly>true</readonly>
         <executable>true</executable>
         <run_address>0x2000fdb6</run_address>
         <size>0x4a</size>
         <alignment>0x2</alignment>
         <input_file_ref idref="fl-1b"/>
      </object_component>
      <object_component id="oc-308">
         <name>.text.uDMAChannelSizeGet</name>
         <load_address>0x2000fe00</load_address>
         <readonly>true</readonly>
         <executable>true</executable>
         <run_address>0x2000fe00</run_address>
         <size>0x4a</size>
         <alignment>0x2</alignment>
         <input_file_ref idref="fl-33"/>
      </object_component>
      <object_component id="oc-54">
         <name>.text.nmiISR</name>
         <load_address>0x2000fe4a</load_address>
         <readonly>true</readonly>
         <executable>true</executable>
         <run_address>0x2000fe4a</run_address>
         <size>0x2</size>
         <alignment>0x2</alignment>
         <input_file_ref idref="fl-26"/>
      </object_component>
      <object_component id="oc-58">
         <name>.text.ClockP_sysTickHandler</name>
         <load_address>0x2000fe4c</load_address>
         <readonly>true</readonly>
         <executable>true</executable>
         <run_address>0x2000fe4c</run_address>
         <size>0x48</size>
         <alignment>0x4</alignment>
         <input_file_ref idref="fl-23"/>
      </object_component>
      <object_component id="oc-2ec">
         <name>.text.PRCMIntEnable</name>
         <load_address>0x2000fe94</load_address>
         <readonly>true</readonly>
         <executable>true</executable>
         <run_address>0x2000fe94</run_address>
         <size>0x48</size>
         <alignment>0x2</alignment>
         <input_file_ref idref="fl-2e"/>
      </object_component>
      <object_component id="oc-219">
         <name>.text.PRCMPeripheralStatusGet</name>
         <load_address>0x2000fedc</load_address>
         <readonly>true</readonly>
         <executable>true</executable>
         <run_address>0x2000fedc</run_address>
         <size>0x48</size>
         <alignment>0x2</alignment>
         <input_file_ref idref="fl-2e"/>
      </object_component>
      <object_component id="oc-35a">
         <name>.text.PinConfigGet</name>
         <load_address>0x2000ff24</load_address>
         <readonly>true</readonly>
         <executable>true</executable>
         <run_address>0x2000ff24</run_address>
         <size>0x48</size>
         <alignment>0x2</alignment>
         <input_file_ref idref="fl-2d"/>
      </object_component>
      <object_component id="oc-17e">
         <name>.text.__fixdfsi</name>
         <load_address>0x2000ff6c</load_address>
         <readonly>true</readonly>
         <executable>true</executable>
         <run_address>0x2000ff6c</run_address>
         <size>0x48</size>
         <alignment>0x4</alignment>
         <input_file_ref idref="fl-db"/>
      </object_component>
      <object_component id="oc-2a4">
         <name>.text.I2CCC32XX_fillTransmitFifo</name>
         <load_address>0x2000ffb4</load_address>
         <readonly>true</readonly>
         <executable>true</executable>
         <run_address>0x2000ffb4</run_address>
         <size>0x46</size>
         <alignment>0x2</alignment>
         <input_file_ref idref="fl-17"/>
      </object_component>
      <object_component id="oc-2f1">
         <name>.text.PRCMLPDSEnterKeepDebugIf</name>
         <load_address>0x2000fffa</load_address>
         <readonly>true</readonly>
         <executable>true</executable>
         <run_address>0x2000fffa</run_address>
         <size>0x46</size>
         <alignment>0x2</alignment>
         <input_file_ref idref="fl-2e"/>
      </object_component>
      <object_component id="oc-306">
         <name>.text.RingBuf_put</name>
         <load_address>0x20010040</load_address>
         <readonly>true</readonly>
         <executable>true</executable>
         <run_address>0x20010040</run_address>
         <size>0x46</size>
         <alignment>0x2</alignment>
         <input_file_ref idref="fl-1f"/>
      </object_component>
      <object_component id="oc-18f">
         <name>.text.GPIODirModeSet</name>
         <load_address>0x20010086</load_address>
         <readonly>true</readonly>
         <executable>true</executable>
         <run_address>0x20010086</run_address>
         <size>0x44</size>
         <alignment>0x2</alignment>
         <input_file_ref idref="fl-29"/>
      </object_component>
      <object_component id="oc-21c">
         <name>.text.GPIO_disableInt</name>
         <load_address>0x200100cc</load_address>
         <readonly>true</readonly>
         <executable>true</executable>
         <run_address>0x200100cc</run_address>
         <size>0x44</size>
         <alignment>0x4</alignment>
         <input_file_ref idref="fl-15"/>
      </object_component>
      <object_component id="oc-f5">
         <name>.text.GPIO_enableInt</name>
         <load_address>0x20010110</load_address>
         <readonly>true</readonly>
         <executable>true</executable>
         <run_address>0x20010110</run_address>
         <size>0x44</size>
         <alignment>0x4</alignment>
         <input_file_ref idref="fl-15"/>
      </object_component>
      <object_component id="oc-280">
         <name>.text.Power_releaseConstraint</name>
         <load_address>0x20010154</load_address>
         <readonly>true</readonly>
         <executable>true</executable>
         <run_address>0x20010154</run_address>
         <size>0x44</size>
         <alignment>0x4</alignment>
         <input_file_ref idref="fl-18"/>
      </object_component>
      <object_component id="oc-15c">
         <name>.text.Timer_start</name>
         <load_address>0x20010198</load_address>
         <readonly>true</readonly>
         <executable>true</executable>
         <run_address>0x20010198</run_address>
         <size>0x44</size>
         <alignment>0x2</alignment>
         <input_file_ref idref="fl-1a"/>
      </object_component>
      <object_component id="oc-7d">
         <name>.text.addToList</name>
         <load_address>0x200101dc</load_address>
         <readonly>true</readonly>
         <executable>true</executable>
         <run_address>0x200101dc</run_address>
         <size>0x44</size>
         <alignment>0x4</alignment>
         <input_file_ref idref="fl-23"/>
      </object_component>
      <object_component id="oc-f8">
         <name>.text.snprintf</name>
         <load_address>0x20010220</load_address>
         <readonly>true</readonly>
         <executable>true</executable>
         <run_address>0x20010220</run_address>
         <size>0x44</size>
         <alignment>0x4</alignment>
         <input_file_ref idref="fl-44"/>
      </object_component>
      <object_component id="oc-128">
         <name>.text.PinModeSet</name>
         <load_address>0x20010264</load_address>
         <readonly>true</readonly>
         <executable>true</executable>
         <run_address>0x20010264</run_address>
         <size>0x42</size>
         <alignment>0x2</alignment>
         <input_file_ref idref="fl-2d"/>
      </object_component>
      <object_component id="oc-28f">
         <name>.text.TimerControlStall</name>
         <load_address>0x200102a6</load_address>
         <readonly>true</readonly>
         <executable>true</executable>
         <run_address>0x200102a6</run_address>
         <size>0x42</size>
         <alignment>0x2</alignment>
         <input_file_ref idref="fl-31"/>
      </object_component>
      <object_component id="oc-1ed">
         <name>.text.Timer_close</name>
         <load_address>0x200102e8</load_address>
         <readonly>true</readonly>
         <executable>true</executable>
         <run_address>0x200102e8</run_address>
         <size>0x42</size>
         <alignment>0x2</alignment>
         <input_file_ref idref="fl-1b"/>
      </object_component>
      <object_component id="oc-22b">
         <name>.text.getCountsRTC</name>
         <load_address>0x2001032a</load_address>
         <readonly>true</readonly>
         <executable>true</executable>
         <run_address>0x2001032a</run_address>
         <size>0x42</size>
         <alignment>0x2</alignment>
         <input_file_ref idref="fl-25"/>
      </object_component>
      <object_component id="oc-13c">
         <name>.text.SemaphoreP_post</name>
         <load_address>0x2001036c</load_address>
         <readonly>true</readonly>
         <executable>true</executable>
         <run_address>0x2001036c</run_address>
         <size>0x40</size>
         <alignment>0x4</alignment>
         <input_file_ref idref="fl-22"/>
      </object_component>
      <object_component id="oc-285">
         <name>.text.Timer_stop</name>
         <load_address>0x200103ac</load_address>
         <readonly>true</readonly>
         <executable>true</executable>
         <run_address>0x200103ac</run_address>
         <size>0x40</size>
         <alignment>0x2</alignment>
         <input_file_ref idref="fl-1a"/>
      </object_component>
      <object_component id="oc-2b8">
         <name>.text.atoi</name>
         <load_address>0x200103ec</load_address>
         <readonly>true</readonly>
         <executable>true</executable>
         <run_address>0x200103ec</run_address>
         <size>0x40</size>
         <alignment>0x4</alignment>
         <input_file_ref idref="fl-57"/>
      </object_component>
      <object_component id="oc-30b">
         <name>.text.uDMAChannelControlSet</name>
         <load_address>0x2001042c</load_address>
         <readonly>true</readonly>
         <executable>true</executable>
         <run_address>0x2001042c</run_address>
         <size>0x40</size>
         <alignment>0x2</alignment>
         <input_file_ref idref="fl-33"/>
      </object_component>
      <object_component id="oc-35c">
         <name>.text.PinDirModeSet</name>
         <load_address>0x2001046c</load_address>
         <readonly>true</readonly>
         <executable>true</executable>
         <run_address>0x2001046c</run_address>
         <size>0x3e</size>
         <alignment>0x2</alignment>
         <input_file_ref idref="fl-2d"/>
      </object_component>
      <object_component id="oc-243">
         <name>.text.ClockP_stop</name>
         <load_address>0x200104ac</load_address>
         <readonly>true</readonly>
         <executable>true</executable>
         <run_address>0x200104ac</run_address>
         <size>0x3c</size>
         <alignment>0x4</alignment>
         <input_file_ref idref="fl-23"/>
      </object_component>
      <object_component id="oc-1d5">
         <name>.text.UDMACC32XX_init</name>
         <load_address>0x200104e8</load_address>
         <readonly>true</readonly>
         <executable>true</executable>
         <run_address>0x200104e8</run_address>
         <size>0x3c</size>
         <alignment>0x4</alignment>
         <input_file_ref idref="fl-20"/>
      </object_component>
      <object_component id="oc-1f7">
         <name>.text.TimerSupport_timerEnable</name>
         <load_address>0x20010524</load_address>
         <readonly>true</readonly>
         <executable>true</executable>
         <run_address>0x20010524</run_address>
         <size>0x3a</size>
         <alignment>0x2</alignment>
         <input_file_ref idref="fl-1b"/>
      </object_component>
      <object_component id="oc-1bb">
         <name>.text.ClockP_destruct</name>
         <load_address>0x20010560</load_address>
         <readonly>true</readonly>
         <executable>true</executable>
         <run_address>0x20010560</run_address>
         <size>0x38</size>
         <alignment>0x4</alignment>
         <input_file_ref idref="fl-23"/>
      </object_component>
      <object_component id="oc-294">
         <name>.text.Power_setConstraint</name>
         <load_address>0x20010598</load_address>
         <readonly>true</readonly>
         <executable>true</executable>
         <run_address>0x20010598</run_address>
         <size>0x38</size>
         <alignment>0x4</alignment>
         <input_file_ref idref="fl-18"/>
      </object_component>
      <object_component id="oc-2d0">
         <name>.text.RingBuf_putAdvance</name>
         <load_address>0x200105d0</load_address>
         <readonly>true</readonly>
         <executable>true</executable>
         <run_address>0x200105d0</run_address>
         <size>0x38</size>
         <alignment>0x2</alignment>
         <input_file_ref idref="fl-1f"/>
      </object_component>
      <object_component id="oc-23c">
         <name>.text.SwiP_restore</name>
         <load_address>0x20010608</load_address>
         <readonly>true</readonly>
         <executable>true</executable>
         <run_address>0x20010608</run_address>
         <size>0x38</size>
         <alignment>0x4</alignment>
         <input_file_ref idref="fl-27"/>
      </object_component>
      <object_component id="oc-272">
         <name>.text.UDMACC32XX_close</name>
         <load_address>0x20010640</load_address>
         <readonly>true</readonly>
         <executable>true</executable>
         <run_address>0x20010640</run_address>
         <size>0x38</size>
         <alignment>0x4</alignment>
         <input_file_ref idref="fl-20"/>
      </object_component>
      <object_component id="oc-ee">
         <name>.text.initTimer</name>
         <load_address>0x20010678</load_address>
         <readonly>true</readonly>
         <executable>true</executable>
         <run_address>0x20010678</run_address>
         <size>0x38</size>
         <alignment>0x4</alignment>
         <input_file_ref idref="fl-1"/>
      </object_component>
      <object_component id="oc-bf">
         <name>.text:__TI_auto_init_nobinit_nopinit</name>
         <load_address>0x200106b0</load_address>
         <readonly>true</readonly>
         <executable>true</executable>
         <run_address>0x200106b0</run_address>
         <size>0x38</size>
         <alignment>0x4</alignment>
         <input_file_ref idref="fl-48"/>
      </object_component>
      <object_component id="oc-2e7">
         <name>.text.PinLock</name>
         <load_address>0x200106e8</load_address>
         <readonly>true</readonly>
         <executable>true</executable>
         <run_address>0x200106e8</run_address>
         <size>0x36</size>
         <alignment>0x2</alignment>
         <input_file_ref idref="fl-2d"/>
      </object_component>
      <object_component id="oc-1f4">
         <name>.text.TimerCC32XX_hwiIntFunction</name>
         <load_address>0x2001071e</load_address>
         <readonly>true</readonly>
         <executable>true</executable>
         <run_address>0x2001071e</run_address>
         <size>0x36</size>
         <alignment>0x2</alignment>
         <input_file_ref idref="fl-1b"/>
      </object_component>
      <object_component id="oc-34e">
         <name>.text.UARTCharPutNonBlocking</name>
         <load_address>0x20010754</load_address>
         <readonly>true</readonly>
         <executable>true</executable>
         <run_address>0x20010754</run_address>
         <size>0x36</size>
         <alignment>0x2</alignment>
         <input_file_ref idref="fl-32"/>
      </object_component>
      <object_component id="oc-1b8">
         <name>.text.ClockP_start</name>
         <load_address>0x2001078c</load_address>
         <readonly>true</readonly>
         <executable>true</executable>
         <run_address>0x2001078c</run_address>
         <size>0x34</size>
         <alignment>0x4</alignment>
         <input_file_ref idref="fl-23"/>
      </object_component>
      <object_component id="oc-315">
         <name>.text.I2CFIFODataPutNonBlocking</name>
         <load_address>0x200107c0</load_address>
         <readonly>true</readonly>
         <executable>true</executable>
         <run_address>0x200107c0</run_address>
         <size>0x34</size>
         <alignment>0x2</alignment>
         <input_file_ref idref="fl-2b"/>
      </object_component>
      <object_component id="oc-35b">
         <name>.text.PinDirModeGet</name>
         <load_address>0x200107f4</load_address>
         <readonly>true</readonly>
         <executable>true</executable>
         <run_address>0x200107f4</run_address>
         <size>0x34</size>
         <alignment>0x2</alignment>
         <input_file_ref idref="fl-2d"/>
      </object_component>
      <object_component id="oc-123">
         <name>.text.PinModeGet</name>
         <load_address>0x20010828</load_address>
         <readonly>true</readonly>
         <executable>true</executable>
         <run_address>0x20010828</run_address>
         <size>0x34</size>
         <alignment>0x2</alignment>
         <input_file_ref idref="fl-2d"/>
      </object_component>
      <object_component id="oc-2e5">
         <name>.text.PowerCC32XX_parkPin</name>
         <load_address>0x2001085c</load_address>
         <readonly>true</readonly>
         <executable>true</executable>
         <run_address>0x2001085c</run_address>
         <size>0x34</size>
         <alignment>0x2</alignment>
         <input_file_ref idref="fl-18"/>
      </object_component>
      <object_component id="oc-287">
         <name>.text.TimerCC32XX_freeTimerResource</name>
         <load_address>0x20010890</load_address>
         <readonly>true</readonly>
         <executable>true</executable>
         <run_address>0x20010890</run_address>
         <size>0x34</size>
         <alignment>0x4</alignment>
         <input_file_ref idref="fl-1b"/>
      </object_component>
      <object_component id="oc-26e">
         <name>.text.UART2_rxDisable</name>
         <load_address>0x200108c4</load_address>
         <readonly>true</readonly>
         <executable>true</executable>
         <run_address>0x200108c4</run_address>
         <size>0x34</size>
         <alignment>0x2</alignment>
         <input_file_ref idref="fl-1c"/>
      </object_component>
      <object_component id="oc-4f">
         <name>.text.initVectors</name>
         <load_address>0x200108f8</load_address>
         <readonly>true</readonly>
         <executable>true</executable>
         <run_address>0x200108f8</run_address>
         <size>0x34</size>
         <alignment>0x4</alignment>
         <input_file_ref idref="fl-26"/>
      </object_component>
      <object_component id="oc-228">
         <name>.text.ClockP_getTicksUntilInterrupt</name>
         <load_address>0x2001092c</load_address>
         <readonly>true</readonly>
         <executable>true</executable>
         <run_address>0x2001092c</run_address>
         <size>0x30</size>
         <alignment>0x4</alignment>
         <input_file_ref idref="fl-23"/>
      </object_component>
      <object_component id="oc-2a3">
         <name>.text.I2CFIFODataGetNonBlocking</name>
         <load_address>0x2001095c</load_address>
         <readonly>true</readonly>
         <executable>true</executable>
         <run_address>0x2001095c</run_address>
         <size>0x30</size>
         <alignment>0x2</alignment>
         <input_file_ref idref="fl-2b"/>
      </object_component>
      <object_component id="oc-235">
         <name>.text.PRCMLPDSIntervalSet</name>
[...]
         <object_component_ref idref="oc-276"/>
      </symbol>
      <symbol id="sm-515">
         <name>PinTypeI2C</name>
         <value>0x2001103d</value>
         <object_component_ref idref="oc-1ff"/>
      </symbol>
      <symbol id="sm-516">
         <name>PinTypeUART</name>
         <value>0x200110fd</value>
         <object_component_ref idref="oc-249"/>
      </symbol>
      <symbol id="sm-517">
         <name>PinUnlock</name>
         <value>0x20010fb7</value>
         <object_component_ref idref="oc-2ed"/>
      </symbol>
      <symbol id="sm-5c9">
         <name>PRCMCC3200MCUInit</name>
         <value>0x2000c8ad</value>
         <object_component_ref idref="oc-d2"/>
      </symbol>
      <symbol id="sm-5ca">
         <name>PRCMHIBRegRead</name>
         <value>0x20011293</value>
         <object_component_ref idref="oc-11f"/>
      </symbol>
      <symbol id="sm-5cb">
         <name>PRCMHIBRegWrite</name>
         <value>0x200112ad</value>
         <object_component_ref idref="oc-11e"/>
      </symbol>
      <symbol id="sm-5cc">
         <name>PRCMHibernateWakeUpGPIOSelect</name>
         <value>0x2000f139</value>
         <object_component_ref idref="oc-1a6"/>
      </symbol>
      <symbol id="sm-5cd">
         <name>PRCMHibernateWakeupSourceDisable</name>
         <value>0x2000f839</value>
         <object_component_ref idref="oc-1a8"/>
      </symbol>
      <symbol id="sm-5ce">
         <name>PRCMHibernateWakeupSourceEnable</name>
         <value>0x2000fb4d</value>
         <object_component_ref idref="oc-1a7"/>
      </symbol>
      <symbol id="sm-5cf">
         <name>PRCMIntEnable</name>
         <value>0x2000fe95</value>
         <object_component_ref idref="oc-2ec"/>
      </symbol>
      <symbol id="sm-5d0">
         <name>PRCMLPDSEnter</name>
         <value>0x2000f9fd</value>
         <object_component_ref idref="oc-2f2"/>
      </symbol>
      <symbol id="sm-5d1">
         <name>PRCMLPDSEnterKeepDebugIf</name>
         <value>0x2000fffb</value>
         <object_component_ref idref="oc-2f1"/>
      </symbol>
      <symbol id="sm-5d2">
         <name>PRCMLPDSIntervalSet</name>
         <value>0x2001098d</value>
         <object_component_ref idref="oc-235"/>
      </symbol>
      <symbol id="sm-5d3">
         <name>PRCMLPDSRestoreInfoSet</name>
         <value>0x2000fc89</value>
         <object_component_ref idref="oc-35d"/>
      </symbol>
      <symbol id="sm-5d4">
         <name>PRCMLPDSWakeUpGPIOSelect</name>
         <value>0x20010c43</value>
         <object_component_ref idref="oc-1a5"/>
      </symbol>
      <symbol id="sm-5d5">
         <name>PRCMLPDSWakeupCauseGet</name>
         <value>0x20011845</value>
         <object_component_ref idref="oc-2ef"/>
      </symbol>
      <symbol id="sm-5d6">
         <name>PRCMLPDSWakeupSourceDisable</name>
         <value>0x200112c7</value>
         <object_component_ref idref="oc-1a4"/>
      </symbol>
      <symbol id="sm-5d7">
         <name>PRCMLPDSWakeupSourceEnable</name>
         <value>0x20010ebd</value>
         <object_component_ref idref="oc-1a3"/>
      </symbol>
      <symbol id="sm-5d8">
         <name>PRCMPeripheralClkDisable</name>
         <value>0x20010c6d</value>
         <object_component_ref idref="oc-122"/>
      </symbol>
      <symbol id="sm-5d9">
         <name>PRCMPeripheralClkEnable</name>
         <value>0x2000f8f1</value>
         <object_component_ref idref="oc-120"/>
      </symbol>
      <symbol id="sm-5da">
         <name>PRCMPeripheralReset</name>
         <value>0x2000f51d</value>
         <object_component_ref idref="oc-121"/>
      </symbol>
      <symbol id="sm-5db">
         <name>PRCMPeripheralStatusGet</name>
         <value>0x2000fedd</value>
         <object_component_ref idref="oc-219"/>
      </symbol>
      <symbol id="sm-5dc">
         <name>PRCMSRAMRetentionEnable</name>
         <value>0x20010d89</value>
         <object_component_ref idref="oc-2e4"/>
      </symbol>
      <symbol id="sm-5dd">
         <name>PRCMSleepEnter</name>
         <value>0x2001190d</value>
         <object_component_ref idref="oc-23b"/>
      </symbol>
      <symbol id="sm-5de">
         <name>PRCMSlowClkCtrFastGet</name>
         <value>0x200109bd</value>
         <object_component_ref idref="oc-2db"/>
      </symbol>
      <symbol id="sm-5df">
         <name>PRCMSysResetCauseGet</name>
         <value>0x2000eeb9</value>
         <object_component_ref idref="oc-119"/>
      </symbol>
      <symbol id="sm-5fd">
         <name>SysTickEnable</name>
         <value>0x200115ff</value>
         <object_component_ref idref="oc-239"/>
      </symbol>
      <symbol id="sm-5fe">
         <name>SysTickIntDisable</name>
         <value>0x20011611</value>
         <object_component_ref idref="oc-230"/>
      </symbol>
      <symbol id="sm-5ff">
         <name>SysTickIntEnable</name>
         <value>0x20011623</value>
         <object_component_ref idref="oc-23a"/>
      </symbol>
      <symbol id="sm-600">
         <name>SysTickPeriodSet</name>
         <value>0x200113e5</value>
         <object_component_ref idref="oc-238"/>
      </symbol>
      <symbol id="sm-63f">
         <name>TimerControlStall</name>
         <value>0x200102a7</value>
         <object_component_ref idref="oc-28f"/>
      </symbol>
      <symbol id="sm-640">
         <name>TimerDisable</name>
         <value>0x200110dd</value>
         <object_component_ref idref="oc-288"/>
      </symbol>
      <symbol id="sm-641">
         <name>TimerEnable</name>
         <value>0x200112fb</value>
         <object_component_ref idref="oc-295"/>
      </symbol>
      <symbol id="sm-642">
         <name>TimerIntClear</name>
         <value>0x200116e9</value>
         <object_component_ref idref="oc-292"/>
      </symbol>
      <symbol id="sm-643">
         <name>TimerIntDisable</name>
         <value>0x200113fb</value>
         <object_component_ref idref="oc-369"/>
      </symbol>
      <symbol id="sm-644">
         <name>TimerIntEnable</name>
         <value>0x20011509</value>
         <object_component_ref idref="oc-293"/>
      </symbol>
      <symbol id="sm-645">
         <name>TimerLoadSet</name>
         <value>0x200109ed</value>
         <object_component_ref idref="oc-28e"/>
      </symbol>
      <symbol id="sm-646">
         <name>TimerPrescaleSet</name>
         <value>0x20010a1d</value>
         <object_component_ref idref="oc-28d"/>
      </symbol>
      <symbol id="sm-6b0">
         <name>UARTBusy</name>
         <value>0x20011719</value>
         <object_component_ref idref="oc-34f"/>
      </symbol>
      <symbol id="sm-6b1">
         <name>UARTCharPutNonBlocking</name>
         <value>0x20010755</value>
         <object_component_ref idref="oc-34e"/>
      </symbol>
      <symbol id="sm-6b2">
         <name>UARTCharsAvail</name>
         <value>0x20011411</value>
         <object_component_ref idref="oc-27e"/>
      </symbol>
      <symbol id="sm-6b3">
         <name>UARTConfigSetExpClk</name>
         <value>0x2000f1ad</value>
         <object_component_ref idref="oc-256"/>
      </symbol>
      <symbol id="sm-6b4">
         <name>UARTDMADisable</name>
         <value>0x20011427</value>
         <object_component_ref idref="oc-26d"/>
      </symbol>
      <symbol id="sm-6b5">
         <name>UARTDMAEnable</name>
         <value>0x2001151d</value>
         <object_component_ref idref="oc-30e"/>
      </symbol>
      <symbol id="sm-6b6">
         <name>UARTDisable</name>
         <value>0x20010b37</value>
         <object_component_ref idref="oc-26f"/>
      </symbol>
      <symbol id="sm-6b7">
         <name>UARTEnable</name>
         <value>0x20011139</value>
         <object_component_ref idref="oc-25c"/>
      </symbol>
      <symbol id="sm-6b8">
         <name>UARTFIFOLevelSet</name>
         <value>0x2001143d</value>
         <object_component_ref idref="oc-25e"/>
      </symbol>
      <symbol id="sm-6b9">
         <name>UARTFlowControlSet</name>
         <value>0x20011315</value>
         <object_component_ref idref="oc-25f"/>
      </symbol>
      <symbol id="sm-6ba">
         <name>UARTIntClear</name>
         <value>0x20011729</value>
         <object_component_ref idref="oc-25b"/>
      </symbol>
      <symbol id="sm-6bb">
         <name>UARTIntDisable</name>
         <value>0x20011453</value>
         <object_component_ref idref="oc-26c"/>
      </symbol>
      <symbol id="sm-6bc">
         <name>UARTIntEnable</name>
         <value>0x20011531</value>
         <object_component_ref idref="oc-25d"/>
      </symbol>
      <symbol id="sm-6bd">
         <name>UARTIntStatus</name>
         <value>0x20010c97</value>
         <object_component_ref idref="oc-279"/>
      </symbol>
      <symbol id="sm-6be">
         <name>UARTRxErrorGet</name>
         <value>0x20011739</value>
         <object_component_ref idref="oc-27b"/>
      </symbol>
      <symbol id="sm-717">
         <name>uDMAChannelAssign</name>
         <value>0x2000fbed</value>
         <object_component_ref idref="oc-260"/>
      </symbol>
      <symbol id="sm-718">
         <name>uDMAChannelAttributeDisable</name>
         <value>0x2000ed97</value>
         <object_component_ref idref="oc-261"/>
      </symbol>
      <symbol id="sm-719">
         <name>uDMAChannelControlSet</name>
         <value>0x2001042d</value>
         <object_component_ref idref="oc-30b"/>
      </symbol>
      <symbol id="sm-71a">
         <name>uDMAChannelDisable</name>
         <value>0x20011175</value>
         <object_component_ref idref="oc-307"/>
      </symbol>
      <symbol id="sm-71b">
         <name>uDMAChannelEnable</name>
         <value>0x20011193</value>
         <object_component_ref idref="oc-30d"/>
      </symbol>
      <symbol id="sm-71c">
         <name>uDMAChannelIsEnabled</name>
         <value>0x200111b1</value>
         <object_component_ref idref="oc-27c"/>
      </symbol>
      <symbol id="sm-71d">
         <name>uDMAChannelSizeGet</name>
         <value>0x2000fe01</value>
         <object_component_ref idref="oc-308"/>
      </symbol>
      <symbol id="sm-71e">
         <name>uDMAChannelTransferSet</name>
         <value>0x2000df1f</value>
         <object_component_ref idref="oc-30c"/>
      </symbol>
      <symbol id="sm-71f">
         <name>uDMAControlBaseSet</name>
         <value>0x20011559</value>
         <object_component_ref idref="oc-253"/>
      </symbol>
      <symbol id="sm-720">
         <name>uDMAEnable</name>
         <value>0x200117d1</value>
         <object_component_ref idref="oc-24e"/>
      </symbol>
      <symbol id="sm-721">
         <name>uDMAErrorStatusClear</name>
         <value>0x200117df</value>
         <object_component_ref idref="oc-37e"/>
      </symbol>
      <symbol id="sm-722">
         <name>uDMAErrorStatusGet</name>
         <value>0x20011899</value>
         <object_component_ref idref="oc-37d"/>
      </symbol>
      <symbol id="sm-723">
         <name>uDMAIntClear</name>
         <value>0x2001156d</value>
         <object_component_ref idref="oc-309"/>
      </symbol>
      <symbol id="sm-72e">
         <name>UtilsDelay</name>
         <value>0x20011915</value>
         <object_component_ref idref="oc-11a"/>
      </symbol>
      <symbol id="sm-75b">
         <name>FlashDisable</name>
         <value>0x2000f781</value>
         <object_component_ref idref="oc-35f"/>
      </symbol>
      <symbol id="sm-76c">
         <name>snprintf</name>
         <value>0x20010221</value>
         <object_component_ref idref="oc-f8"/>
      </symbol>
      <symbol id="sm-78c">
         <name>malloc</name>
         <value>0x2001192d</value>
         <object_component_ref idref="oc-21a"/>
      </symbol>
      <symbol id="sm-78d">
         <name>aligned_alloc</name>
         <value>0x2000dce5</value>
         <object_component_ref idref="oc-2d5"/>
      </symbol>
      <symbol id="sm-78e">
         <name>free</name>
         <value>0x2000e12d</value>
         <object_component_ref idref="oc-1b5"/>
      </symbol>
      <symbol id="sm-78f">
         <name>_sys_memory</name>
         <value>0x20004040</value>
         <object_component_ref idref="oc-31"/>
      </symbol>
      <symbol id="sm-790">
         <name>memalign</name>
         <value>0x2000dce5</value>
         <object_component_ref idref="oc-2d5"/>
      </symbol>
      <symbol id="sm-79b">
         <name>_c_int00_noargs</name>
         <value>0x20010f71</value>
         <object_component_ref idref="oc-76"/>
      </symbol>
      <symbol id="sm-79c">
         <name>__stack</name>
         <value>0x20003000</value>
         <object_component_ref idref="oc-16"/>
      </symbol>
      <symbol id="sm-7a8">
         <name>__TI_auto_init_nobinit_nopinit</name>
         <value>0x200106b1</value>
         <object_component_ref idref="oc-bf"/>
      </symbol>
      <symbol id="sm-7b0">
         <name>_system_pre_init</name>
         <value>0x20011975</value>
         <object_component_ref idref="oc-8b"/>
      </symbol>
      <symbol id="sm-7bb">
         <name>__TI_zero_init</name>
         <value>0x20011789</value>
         <object_component_ref idref="oc-49"/>
      </symbol>
      <symbol id="sm-7c4">
         <name>__TI_decompress_none</name>
         <value>0x200117fb</value>
         <object_component_ref idref="oc-1c"/>
      </symbol>
      <symbol id="sm-7ce">
         <name>__TI_decompress_lzss</name>
         <value>0x2000f291</value>
         <object_component_ref idref="oc-18"/>
      </symbol>
      <symbol id="sm-7ee">
         <name>__TI_printfi_nofloat</name>
         <value>0x2000c041</value>
         <object_component_ref idref="oc-215"/>
      </symbol>
      <symbol id="sm-7fb">
         <name>__aeabi_errno_addr</name>
         <value>0x2001191d</value>
         <object_component_ref idref="oc-2c0"/>
      </symbol>
      <symbol id="sm-7fc">
         <name>__aeabi_errno</name>
         <value>0x20012cb4</value>
         <object_component_ref idref="oc-326"/>
      </symbol>
      <symbol id="sm-806">
         <name>abort</name>
         <value>0x20011979</value>
         <object_component_ref idref="oc-b8"/>
      </symbol>
      <symbol id="sm-807">
         <name>C$$EXIT</name>
         <value>0x20011978</value>
         <object_component_ref idref="oc-b8"/>
      </symbol>
      <symbol id="sm-810">
         <name>_nop</name>
         <value>0x2000f587</value>
         <object_component_ref idref="oc-194"/>
      </symbol>
      <symbol id="sm-811">
         <name>_lock</name>
         <value>0x20012cb8</value>
         <object_component_ref idref="oc-10f"/>
      </symbol>
      <symbol id="sm-812">
         <name>_unlock</name>
         <value>0x20012cbc</value>
         <object_component_ref idref="oc-112"/>
      </symbol>
      <symbol id="sm-81f">
         <name>atoi</name>
         <value>0x200103ed</value>
         <object_component_ref idref="oc-2b8"/>
      </symbol>
      <symbol id="sm-829">
         <name>memccpy</name>
         <value>0x20011157</value>
         <object_component_ref idref="oc-2b1"/>
      </symbol>
      <symbol id="sm-832">
         <name>wcslen</name>
         <value>0x20011779</value>
         <object_component_ref idref="oc-2bc"/>
      </symbol>
      <symbol id="sm-838">
         <name>__aeabi_ctype_table_</name>
         <value>0x20012cd0</value>
         <object_component_ref idref="oc-31f"/>
      </symbol>
      <symbol id="sm-839">
         <name>__aeabi_ctype_table_C</name>
         <value>0x20012cd0</value>
         <object_component_ref idref="oc-31f"/>
      </symbol>
      <symbol id="sm-851">
         <name>__aeabi_dmul</name>
         <value>0x2000e031</value>
         <object_component_ref idref="oc-17a"/>
      </symbol>
      <symbol id="sm-852">
         <name>__muldf3</name>
         <value>0x2000e031</value>
         <object_component_ref idref="oc-17a"/>
      </symbol>
      <symbol id="sm-858">
         <name>__aeabi_d2iz</name>
         <value>0x2000ff6d</value>
         <object_component_ref idref="oc-17e"/>
      </symbol>
      <symbol id="sm-859">
         <name>__fixdfsi</name>
         <value>0x2000ff6d</value>
         <object_component_ref idref="oc-17e"/>
      </symbol>
      <symbol id="sm-85f">
         <name>__aeabi_i2d</name>
         <value>0x20010b65</value>
         <object_component_ref idref="oc-176"/>
      </symbol>
      <symbol id="sm-860">
         <name>__floatsidf</name>
         <value>0x20010b65</value>
         <object_component_ref idref="oc-176"/>
      </symbol>
      <symbol id="sm-866">
         <name>__aeabi_memcpy</name>
         <value>0x20011971</value>
         <object_component_ref idref="oc-3c"/>
      </symbol>
      <symbol id="sm-867">
         <name>__aeabi_memcpy4</name>
         <value>0x20011971</value>
         <object_component_ref idref="oc-3c"/>
      </symbol>
      <symbol id="sm-868">
         <name>__aeabi_memcpy8</name>
         <value>0x20011971</value>
         <object_component_ref idref="oc-3c"/>
      </symbol>
      <symbol id="sm-871">
         <name>__aeabi_memset</name>
         <value>0x200118e1</value>
         <object_component_ref idref="oc-2b0"/>
      </symbol>
      <symbol id="sm-872">
         <name>__aeabi_memset4</name>
         <value>0x200118e1</value>
         <object_component_ref idref="oc-2b0"/>
      </symbol>
      <symbol id="sm-873">
         <name>__aeabi_memset8</name>
         <value>0x200118e1</value>
         <object_component_ref idref="oc-2b0"/>
      </symbol>
      <symbol id="sm-874">
         <name>__aeabi_memclr</name>
         <value>0x20011925</value>
         <object_component_ref idref="oc-67"/>
      </symbol>
      <symbol id="sm-875">
         <name>__aeabi_memclr4</name>
         <value>0x20011925</value>
         <object_component_ref idref="oc-67"/>
      </symbol>
      <symbol id="sm-876">
         <name>__aeabi_memclr8</name>
         <value>0x20011925</value>
         <object_component_ref idref="oc-67"/>
      </symbol>
      <symbol id="sm-87c">
         <name>__aeabi_uldivmod</name>
         <value>0x20011545</value>
         <object_component_ref idref="oc-22c"/>
      </symbol>
      <symbol id="sm-882">
         <name>__udivmoddi4</name>
         <value>0x2000e889</value>
         <object_component_ref idref="oc-2dc"/>
      </symbol>
      <symbol id="sm-88d">
         <name>__aeabi_ldiv0</name>
         <value>0x2000f04b</value>
         <object_component_ref idref="oc-353"/>
      </symbol>
      <symbol id="sm-896">
         <name>TI_memcpy_small</name>
         <value>0x20011647</value>
         <object_component_ref idref="oc-81"/>
      </symbol>
      <symbol id="sm-89e">
         <name>TI_memset_small</name>
         <value>0x200117ed</value>
         <object_component_ref idref="oc-9e"/>
      </symbol>
      <symbol id="sm-89f">
         <name>__TI_static_base__</name>
         <value>0x2001197c</value>
      </symbol>
      <symbol id="sm-8a2">
         <name>ITM_flush</name>
         <value>0x0</value>
      </symbol>
      <symbol id="sm-8a3">
         <name>ITM_restore</name>
         <value>0x0</value>
      </symbol>
      <symbol id="sm-8a4">
         <name>__mpu_init</name>
         <value>0x0</value>
      </symbol>
      <symbol id="sm-8a5">
         <name>_system_post_cinit</name>
         <value>0x0</value>
      </symbol>
   </symbol_table>
   <title>Link successful</title>
</link_info>
