******************************************************************************
            TI ARM Clang Linker PC v3.2.2                      
******************************************************************************
>> Linked Sat Oct  5 22:56:44 2024

OUTPUT FILE NAME:   <gpiointerrupt_CC3220S_LAUNCHXL_nortos_ticlang.out>
ENTRY POINT SYMBOL: "resetISR"  address: 2000ed6d


MEMORY CONFIGURATION

         name            origin    length      used     unused   attr    fill
----------------------  --------  ---------  --------  --------  ----  --------
  SRAM2                 20000000   00004000  0000130c  00002cf4  RW X
  SRAM                  20004000   0003c000  0000bfad  00030053  RW X
  LOG_DATA              90000000   00040000  00000000  00040000  R   
  LOG_PTR               94000008   00040000  00000000  00040000  R   


SEGMENT ALLOCATION MAP

run origin  load origin   length   init length attrs members
----------  ----------- ---------- ----------- ----- -------
20003000    20003000    00001000   00000000    rw-
  20003000    20003000    00001000   00000000    rw- .stack
20004000    20004000    00000040   00000040    r--
  20004000    20004000    00000040   00000040    r-- .resetVecs
20004040    20004040    00008000   00000000    rw-
  20004040    20004040    00008000   00000000    rw- .sysmem
2000c040    2000c040    000030e0   000030e0    r-x
  2000c040    2000c040    000030e0   000030e0    r-x .text
2000f120    2000f120    00000699   00000000    rw-
  2000f120    2000f120    00000699   00000000    rw- .data
2000f7bc    2000f7bc    0000041c   0000041c    r--
  2000f7bc    2000f7bc    0000041c   0000041c    r-- .rodata
2000fbd8    2000fbd8    000002d4   00000000    rw-
  2000fbd8    2000fbd8    000002d4   00000000    rw- .bss
2000feac    2000feac    00000104   00000104    r--
  2000feac    2000feac    00000104   00000104    r-- .cinit


SECTION ALLOCATION MAP

 output                                  attributes/
section   page    origin      length       input sections
--------  ----  ----------  ----------   ----------------
.text      0    2000c040    000030e0     
                  2000c040    000004b8     driverlib.a : prcm.obj (.text.PRCMCC3200MCUInit)
                  2000c4f8    000003e4     drivers_cc32xx.a : PowerCC32XX.c.obj (.text.Power_sleep)
                  2000c8dc    00000150     nortos_cc32xx.a : PowerCC32XX_nortos.c.obj (.text.PowerCC32XX_sleepPolicy)
                  2000ca2c    00000148     drivers_cc32xx.a : TimerCC32XX.c.obj (.text.Timer_open)
                  2000cb74    00000140                      : GPIOCC32XX.c.obj (.text.GPIO_setConfig)
                  2000ccb4    00000120     libc.a : memory.c.obj (.text.aligned_alloc)
                  2000cdd4    000000f0            : memory.c.obj (.text.free)
                  2000cec4    000000c8     driverlib.a : interrupt.obj (.text.IntDisable)
                  2000cf8c    000000c8                 : interrupt.obj (.text.IntEnable)
                  2000d054    000000b0     libclang_rt.builtins.a : udivmoddi4.S.obj (.text)
                  2000d104    000000ac     driverlib.a : gpio.obj (.text.GPIOIntTypeSet)
                  2000d1b0    000000a4                 : interrupt.obj (.text.IntPendSet)
                  2000d254    000000a2                 : pin.obj (.text.PinConfigSet)
                  2000d2f6    00000002     ti_drivers_config.o (.text.Board_initHook)
                  2000d2f8    00000098     nortos_cc32xx.a : SemaphoreP_nortos.c.obj (.text.SemaphoreP_pend)
                  2000d390    00000096     drivers_cc32xx.a : PowerCC32XX_ticlang.asm.obj (.text)
                  2000d426    00000002     nortos_cc32xx.a : PowerCC32XX_nortos.c.obj (.text.PowerCC32XX_initPolicy)
                  2000d428    00000090     drivers_cc32xx.a : GPIOCC32XX.c.obj (.text.GPIO_init)
                  2000d4b8    0000008e     driverlib.a : prcm.obj (.text.PRCMSysResetCauseGet)
                  2000d546    00000002     nortos_cc32xx.a : SemaphoreP_nortos.c.obj (.text.SemaphoreP_destruct)
                  2000d548    00000088     drivers_cc32xx.a : PowerCC32XX.c.obj (.text.PowerCC32XX_configureWakeup)
                  2000d5d0    00000078                      : PowerCC32XX.c.obj (.text.Power_init)
                  2000d648    00000074     nortos_cc32xx.a : HwiPCC32XX_nortos.c.obj (.text.HwiP_construct)
                  2000d6bc    00000074     driverlib.a : prcm.obj (.text.PRCMHibernateWakeUpGPIOSelect)
                  2000d730    00000070     libc.a : copy_decompress_lzss.c.obj (.text:decompress:lzss)
                  2000d7a0    0000006c     driverlib.a : pin.obj (.text.PinLockLevelSet)
                  2000d80c    0000006c     drivers_cc32xx.a : PowerCC32XX.c.obj (.text.Power_setDependency)
                  2000d878    0000006c                      : GPIOCC32XX.c.obj (.text.powerNotifyFxn)
                  2000d8e4    0000006c     libc.a : memory.c.obj (.text.split)
                  2000d950    0000006a     driverlib.a : prcm.obj (.text.PRCMPeripheralReset)
                  2000d9ba    00000068                 : interrupt.obj (.text.IntPendClear)
                  2000da22    00000002     drivers_cc32xx.a : Timer.c.obj (.text.Timer_init)
                  2000da24    00000068     gpiointerrupt.o (.text.mainThread)
                  2000da8c    00000060     drivers_cc32xx.a : GPIOCC32XX.c.obj (.text.GPIO_write)
                  2000daec    0000005c     driverlib.a : flash.obj (.text.FlashDisable)
                  2000db48    0000005c                 : prcm.obj (.text.PRCMHibernateWakeupSourceDisable)
                  2000dba4    0000005c     drivers_cc32xx.a : TimerCC32XX.c.obj (.text.TimerCC32XX_allocateTimerResource)
                  2000dc00    0000005a     driverlib.a : prcm.obj (.text.PRCMPeripheralClkEnable)
                  2000dc5a    00000002     libclang_rt.builtins.a : aeabi_div0.c.obj (.text.__aeabi_ldiv0)
                  2000dc5c    00000058     nortos_cc32xx.a : ClockPSysTick_nortos.c.obj (.text.ClockP_startup)
                  2000dcb4    00000058     driverlib.a : interrupt.obj (.text.IntPrioritySet)
                  2000dd0c    00000056                 : prcm.obj (.text.PRCMLPDSEnter)
                  2000dd62    00000002     libc.a : _lock.c.obj (.text._nop)
                  2000dd64    00000054     drivers_cc32xx.a : PowerCC32XX.c.obj (.text.PowerCC32XX_setParkState)
                  2000ddb8    00000054                      : PowerCC32XX.c.obj (.text.Power_releaseDependency)
                  2000de0c    00000050                      : GPIOCC32XX.c.obj (.text.GPIO_hwiIntFxn)
                  2000de5c    00000050     driverlib.a : prcm.obj (.text.PRCMHibernateWakeupSourceEnable)
                  2000deac    00000050     nortos_cc32xx.a : SemaphoreP_nortos.c.obj (.text.SemaphoreP_construct)
                  2000defc    00000050     gpiointerrupt.o (.text.timerCallback)
                  2000df4c    0000004c     drivers_cc32xx.a : GPIOCC32XX.c.obj (.text.GPIO_setInterruptConfig)
                  2000df98    0000004c     driverlib.a : prcm.obj (.text.PRCMLPDSRestoreInfoSet)
                  2000dfe4    0000004c     drivers_cc32xx.a : TimerCC32XX.c.obj (.text.initHw)
                  2000e030    0000004a                      : TimerCC32XX.c.obj (.text.getPrescaler)
                  2000e07a    00000002     nortos_cc32xx.a : startup_cc32xx_ticlang.c.obj (.text.busFaultHandler)
                  2000e07c    00000048                     : ClockPSysTick_nortos.c.obj (.text.ClockP_sysTickHandler)
                  2000e0c4    00000048     driverlib.a : prcm.obj (.text.PRCMIntEnable)
                  2000e10c    00000048                 : prcm.obj (.text.PRCMPeripheralStatusGet)
                  2000e154    00000048                 : pin.obj (.text.PinConfigGet)
                  2000e19c    00000046                 : prcm.obj (.text.PRCMLPDSEnterKeepDebugIf)
                  2000e1e2    00000044                 : gpio.obj (.text.GPIODirModeSet)
                  2000e226    00000002     nortos_cc32xx.a : SemaphoreP_nortos.c.obj (.text.clkFxn)
                  2000e228    00000044     drivers_cc32xx.a : GPIOCC32XX.c.obj (.text.GPIO_disableInt)
                  2000e26c    00000044                      : GPIOCC32XX.c.obj (.text.GPIO_enableInt)
                  2000e2b0    00000044                      : PowerCC32XX.c.obj (.text.Power_releaseConstraint)
                  2000e2f4    00000044                      : Timer.c.obj (.text.Timer_start)
                  2000e338    00000044     nortos_cc32xx.a : ClockPSysTick_nortos.c.obj (.text.addToList)
                  2000e37c    00000042     driverlib.a : pin.obj (.text.PinModeSet)
                  2000e3be    00000042                 : timer.obj (.text.TimerControlStall)
                  2000e400    00000042     drivers_cc32xx.a : TimerCC32XX.c.obj (.text.Timer_close)
                  2000e442    00000042     nortos_cc32xx.a : PowerCC32XX_nortos.c.obj (.text.getCountsRTC)
                  2000e484    00000040                     : SemaphoreP_nortos.c.obj (.text.SemaphoreP_post)
                  2000e4c4    00000040     drivers_cc32xx.a : Timer.c.obj (.text.Timer_stop)
                  2000e504    0000003e     driverlib.a : pin.obj (.text.PinDirModeSet)
                  2000e542    00000002     nortos_cc32xx.a : startup_cc32xx_ticlang.c.obj (.text.defaultHandler)
                  2000e544    0000003c                     : ClockPSysTick_nortos.c.obj (.text.ClockP_stop)
                  2000e580    0000003c     gpiointerrupt.o (.text.gpioButtonFxn0)
                  2000e5bc    0000003c     gpiointerrupt.o (.text.initTimer)
                  2000e5f8    0000003a     drivers_cc32xx.a : TimerCC32XX.c.obj (.text.TimerSupport_timerEnable)
                  2000e632    00000002     nortos_cc32xx.a : startup_cc32xx_ticlang.c.obj (.text.faultISR)
                  2000e634    00000038                     : ClockPSysTick_nortos.c.obj (.text.ClockP_destruct)
                  2000e66c    00000038     drivers_cc32xx.a : PowerCC32XX.c.obj (.text.Power_setConstraint)
                  2000e6a4    00000038     nortos_cc32xx.a : SwiP_nortos.c.obj (.text.SwiP_restore)
                  2000e6dc    00000038     libc.a : autoinit.c.obj (.text:__TI_auto_init_nobinit_nopinit)
                  2000e714    00000036     driverlib.a : pin.obj (.text.PinLock)
                  2000e74a    00000036     drivers_cc32xx.a : TimerCC32XX.c.obj (.text.TimerCC32XX_hwiIntFunction)
                  2000e780    00000034     nortos_cc32xx.a : ClockPSysTick_nortos.c.obj (.text.ClockP_start)
                  2000e7b4    00000034     driverlib.a : pin.obj (.text.PinDirModeGet)
                  2000e7e8    00000034                 : pin.obj (.text.PinModeGet)
                  2000e81c    00000034     drivers_cc32xx.a : PowerCC32XX.c.obj (.text.PowerCC32XX_parkPin)
                  2000e850    00000034                      : TimerCC32XX.c.obj (.text.TimerCC32XX_freeTimerResource)
                  2000e884    00000034     nortos_cc32xx.a : startup_cc32xx_ticlang.c.obj (.text.initVectors)
                  2000e8b8    00000030                     : ClockPSysTick_nortos.c.obj (.text.ClockP_getTicksUntilInterrupt)
                  2000e8e8    00000030     driverlib.a : prcm.obj (.text.PRCMLPDSIntervalSet)
                  2000e918    00000030                 : prcm.obj (.text.PRCMSlowClkCtrFastGet)
                  2000e948    00000030                 : timer.obj (.text.TimerLoadSet)
                  2000e978    00000030                 : timer.obj (.text.TimerPrescaleSet)
                  2000e9a8    00000030     drivers_cc32xx.a : PowerCC32XX.c.obj (.text.notify)
                  2000e9d8    0000002e     driverlib.a : gpio.obj (.text.GPIOIntStatus)
                  2000ea06    0000002a     nortos_cc32xx.a : HwiPCC32XX_nortos.c.obj (.text.HwiP_create)
                  2000ea30    0000002a     driverlib.a : prcm.obj (.text.PRCMLPDSWakeUpGPIOSelect)
                  2000ea5a    0000002a                 : prcm.obj (.text.PRCMPeripheralClkDisable)
                  2000ea84    00000028     drivers_cc32xx.a : List.c.obj (.text.List_remove)
                  2000eaac    00000028     driverlib.a : prcm.obj (.text.PRCMSRAMRetentionEnable)
                  2000ead4    00000028     drivers_cc32xx.a : TimerCC32XX.c.obj (.text.TimerSupport_timerDisable)
                  2000eafc    00000028     libc.a : memory.c.obj (.text.free_list_insert)
                  2000eb24    00000024     driverlib.a : interrupt.obj (.text.IntUnregister)
                  2000eb48    00000024     drivers_cc32xx.a : List.c.obj (.text.List_put)
                  2000eb6c    00000024     driverlib.a : prcm.obj (.text.PRCMLPDSWakeupSourceEnable)
                  2000eb90    00000024     drivers_cc32xx.a : PowerCC32XX.c.obj (.text.PowerCC32XX_restoreParkedPin)
                  2000ebb4    00000024                      : PowerCC32XX.c.obj (.text.Power_registerNotify)
                  2000ebd8    00000024     libc.a : boot_cortex_m.c.obj (.text:_c_int00_noargs)
                  2000ebfc    00000022     driverlib.a : gpio.obj (.text.GPIOPinWrite)
                  2000ec1e    00000022                 : pin.obj (.text.PinUnlock)
                  2000ec40    00000020                 : interrupt.obj (.text.IntRegister)
                  2000ec60    00000020     drivers_cc32xx.a : PowerCC32XX.c.obj (.text.Power_unregisterNotify)
                  2000ec80    00000020     nortos_cc32xx.a : SemaphoreP_nortos.c.obj (.text.SemaphoreP_constructBinary)
                  2000eca0    00000020                     : SemaphoreP_nortos.c.obj (.text.SemaphoreP_createBinary)
                  2000ecc0    00000020     driverlib.a : timer.obj (.text.TimerDisable)
                  2000ece0    0000001c     drivers_cc32xx.a : GPIO.c.obj (.text.GPIO_setCallback)
                  2000ecfc    0000001c     nortos_cc32xx.a : HwiPCC32XX_nortos.c.obj (.text.HwiP_dispatch)
                  2000ed18    0000001c                     : SwiP_nortos.c.obj (.text.SwiP_disable)
                  2000ed34    0000001c     libc.a : memory.c.obj (.text.free_list_remove)
                  2000ed50    0000001c     drivers_cc32xx.a : TimerCC32XX.c.obj (.text.getPowerMgrId)
                  2000ed6c    0000001c     nortos_cc32xx.a : startup_cc32xx_ticlang.c.obj (.text.resetISR)
                  2000ed88    0000001a     driverlib.a : gpio.obj (.text.GPIOIntDisable)
                  2000eda2    0000001a                 : prcm.obj (.text.PRCMHIBRegRead)
                  2000edbc    0000001a                 : prcm.obj (.text.PRCMHIBRegWrite)
                  2000edd6    0000001a                 : prcm.obj (.text.PRCMLPDSWakeupSourceDisable)
                  2000edf0    0000001a                 : pin.obj (.text.PinToPadGet)
                  2000ee0a    0000001a                 : timer.obj (.text.TimerEnable)
                  2000ee24    00000018                 : gpio.obj (.text.GPIOIntEnable)
                  2000ee3c    00000018     nortos_cc32xx.a : SemaphoreP_nortos.c.obj (.text.SemaphoreP_create)
                  2000ee54    00000016     ti_drivers_config.o (.text.Board_init)
                  2000ee6a    00000016     driverlib.a : systick.obj (.text.SysTickPeriodSet)
                  2000ee80    00000016                 : timer.obj (.text.TimerIntDisable)
                  2000ee96    00000014                 : cpu.obj (.text.CPUcpsid)
                  2000eeaa    00000014                 : cpu.obj (.text.CPUcpsie)
                  2000eebe    00000014     nortos_cc32xx.a : HwiPCC32XX_nortos.c.obj (.text.HwiP_destruct)
                  2000eed2    00000014     driverlib.a : interrupt.obj (.text.IntVTableBaseSet)
                  2000eee6    00000002     nortos_cc32xx.a : startup_cc32xx_ticlang.c.obj (.text.nmiISR)
                  2000eee8    00000014     drivers_cc32xx.a : PowerCC32XX.c.obj (.text.Power_disablePolicy)
                  2000eefc    00000014                      : PowerCC32XX.c.obj (.text.Power_getTransitionLatency)
                  2000ef10    00000014                      : PowerCC32XX.c.obj (.text.Power_idleFunc)
                  2000ef24    00000014     driverlib.a : timer.obj (.text.TimerIntEnable)
                  2000ef38    00000014     libclang_rt.builtins.a : aeabi_uldivmod.S.obj (.text.__aeabi_uldivmod)
                  2000ef4c    00000012     nortos_cc32xx.a : ClockPSysTick_nortos.c.obj (.text.ClockP_add)
                  2000ef5e    00000012     driverlib.a : gpio.obj (.text.GPIOIntClear)
                  2000ef70    00000012     nortos_cc32xx.a : HwiPCC32XX_nortos.c.obj (.text.HwiP_Params_init)
                  2000ef82    00000012                     : HwiPCC32XX_nortos.c.obj (.text.HwiP_delete)
                  2000ef94    00000012     driverlib.a : systick.obj (.text.SysTickEnable)
                  2000efa6    00000012                 : systick.obj (.text.SysTickIntDisable)
                  2000efb8    00000012                 : systick.obj (.text.SysTickIntEnable)
                  2000efca    00000012     libc.a : memcpy_t2.S.obj (.text:TI_memcpy_small)
                  2000efdc    00000012            : copy_zero_init.c.obj (.text:decompress:ZI:__TI_zero_init_nomemset)
                  2000efee    00000002     --HOLE-- [fill = 0]
                  2000eff0    00000010     nortos_cc32xx.a : ClockPSysTick_nortos.c.obj (.text.ClockP_getCpuFreq)
                  2000f000    00000010                     : ClockPSysTick_nortos.c.obj (.text.ClockP_getSystemTicks)
                  2000f010    00000010                     : ClockPSysTick_nortos.c.obj (.text.ClockP_setTicks)
                  2000f020    00000010                     : HwiPCC32XX_nortos.c.obj (.text.HwiP_inISR)
                  2000f030    00000010     drivers_cc32xx.a : PowerCC32XX.c.obj (.text.Power_enablePolicy)
                  2000f040    00000010     driverlib.a : timer.obj (.text.TimerIntClear)
                  2000f050    00000010     drivers_cc32xx.a : Timer.c.obj (.text.Timer_Params_init)
                  2000f060    00000010     main_nortos.o (.text.main)
                  2000f070    0000000e     libc.a : copy_decompress_none.c.obj (.text:decompress:none)
                  2000f07e    0000000c     driverlib.a : cpu.obj (.text.CPUwfi)
                  2000f08a    0000000c                 : prcm.obj (.text.PRCMLPDSWakeupCauseGet)
                  2000f096    00000002     --HOLE-- [fill = 0]
                  2000f098    0000000c     drivers_cc32xx.a : PowerCC32XX.c.obj (.text.Power_getConstraintMask)
                  2000f0a4    0000000c                      : TimerCC32XX.c.obj (.text.postNotifyFxn)
                  2000f0b0    0000000a     nortos_cc32xx.a : ClockPSysTick_nortos.c.obj (.text.ClockP_isActive)
                  2000f0ba    0000000a     driverlib.a : interrupt.obj (.text.IntMasterDisable)
                  2000f0c4    0000000a                 : interrupt.obj (.text.IntMasterEnable)
                  2000f0ce    00000008     nortos_cc32xx.a : HwiPCC32XX_nortos.c.obj (.text.HwiP_disable)
                  2000f0d6    00000008                     : HwiPCC32XX_nortos.c.obj (.text.HwiP_restore)
                  2000f0de    00000008     driverlib.a : prcm.obj (.text.PRCMSleepEnter)
                  2000f0e6    00000008                 : utils.obj (.text.UtilsDelay)
                  2000f0ee    00000008     libc.a : memory.c.obj (.text.malloc)
                  2000f0f6    00000004     nortos_cc32xx.a : ClockPSysTick_nortos.c.obj (.text.ClockP_doTick)
                  2000f0fa    00000004                     : HwiPCC32XX_nortos.c.obj (.text.HwiP_clearInterrupt)
                  2000f0fe    00000004                     : HwiPCC32XX_nortos.c.obj (.text.HwiP_enable)
                  2000f102    00000004                     : HwiPCC32XX_nortos.c.obj (.text.HwiP_post)
                  2000f106    00000004     driverlib.a : interrupt.obj (.text.IntDefaultHandler)
                  2000f10a    00000004     nortos_cc32xx.a : NoRTOS.c.obj (.text.NoRTOS_start)
                  2000f10e    00000004                     : SemaphoreP_nortos.c.obj (.text.SemaphoreP_delete)
                  2000f112    00000002     --HOLE-- [fill = 0]
                  2000f114    00000004     libclang_rt.builtins.a : aeabi_memcpy.S.obj (.text.__aeabi_memcpy)
                  2000f118    00000004     libc.a : pre_init.c.obj (.text._system_pre_init)
                  2000f11c    00000004            : exit.c.obj (.text:abort)

.ramVecs   0    20000000    0000030c     NOLOAD SECTION
                  20000000    0000030c     nortos_cc32xx.a : startup_cc32xx_ticlang.c.obj (.ramVecs)

.stack     0    20003000    00001000     UNINITIALIZED
                  20003000    00000004     libc.a : boot_cortex_m.c.obj (.stack)
                  20003004    00000ffc     --HOLE--

.resetVecs 
*          0    20004000    00000040     
                  20004000    00000040     nortos_cc32xx.a : startup_cc32xx_ticlang.c.obj (.resetVecs)

.sysmem    0    20004040    00008000     UNINITIALIZED
                  20004040    00000010     libc.a : memory.c.obj (.sysmem)
                  20004050    00007ff0     --HOLE--

.rodata    0    2000f7bc    0000041c     
                  2000f7bc    00000100     driverlib.a : pin.obj (.rodata.g_ulPinToPadMap)
                  2000f8bc    000000d4                 : interrupt.obj (.rodata.g_pulRegs)
                  2000f990    000000a8                 : prcm.obj (.rodata.PRCM_PeriphRegsList)
                  2000fa38    00000044     ti_drivers_config.o (.rodata.PowerCC32XX_config)
                  2000fa7c    00000044     gpiointerrupt.o (.rodata.sosPattern)
                  2000fac0    0000002c     gpiointerrupt.o (.rodata.okPattern)
                  2000faec    00000028     drivers_cc32xx.a : GPIOCC32XX.c.obj (.rodata.portConfigs)
                  2000fb14    00000021                      : GPIOCC32XX.c.obj (.rodata.pinTable)
                  2000fb35    00000001     ti_drivers_config.o (.rodata.GPIO_pinUpperBound)
                  2000fb36    00000001     ti_drivers_config.o (.rodata.Timer_count)
                  2000fb37    00000001     --HOLE-- [fill = 0]
                  2000fb38    00000018     driverlib.a : interrupt.obj (.rodata.g_pulDisRegs)
                  2000fb50    00000018                 : interrupt.obj (.rodata.g_pulEnRegs)
                  2000fb68    00000018                 : interrupt.obj (.rodata.g_pulPendRegs)
                  2000fb80    00000018                 : interrupt.obj (.rodata.g_pulUnpendRegs)
                  2000fb98    00000010     ti_drivers_config.o (.rodata.GPIO_config)
                  2000fba8    00000010     ti_drivers_config.o (.rodata.timerCC32XXHWAttrs)
                  2000fbb8    0000000c     drivers_cc32xx.a : Timer.c.obj (.rodata.defaultParams)
                  2000fbc4    0000000c                      : TimerCC32XX.c.obj (.rodata.defaultParams)
                  2000fbd0    00000008     ti_drivers_config.o (.rodata.Timer_config)

.cinit     0    2000feac    00000104     
                  2000feac    000000dd     (.cinit..data.load) [load image, compression = lzss]
                  2000ff89    00000003     --HOLE-- [fill = 0]
                  2000ff8c    0000000c     (__TI_handler_table)
                  2000ff98    00000008     (.cinit..bss.load) [load image, compression = zero_init]
                  2000ffa0    00000010     (__TI_cinit_table)

.init_array 
*          0    20004000    00000000     UNINITIALIZED

.data      0    2000f120    00000699     UNINITIALIZED
                  2000f120    0000030c     nortos_cc32xx.a : HwiPCC32XX_nortos.c.obj (.data.HwiP_dispatchTable)
                  2000f42c    0000016c     drivers_cc32xx.a : PowerCC32XX.c.obj (.data.PowerCC32XX_module)
                  2000f598    000000f8     ti_drivers_config.o (.data.parkInfo)
                  2000f690    00000084     ti_drivers_config.o (.data.gpioPinConfigs)
                  2000f714    0000004c     nortos_cc32xx.a : SwiP_nortos.c.obj (.data..L_MergedGlobals)
                  2000f760    00000018     drivers_cc32xx.a : GPIOCC32XX.c.obj (.data..L_MergedGlobals)
                  2000f778    00000018     gpiointerrupt.o (.data..L_MergedGlobals)
                  2000f790    00000010     nortos_cc32xx.a : SemaphoreP_nortos.c.obj (.data..L_MergedGlobals)
                  2000f7a0    00000008                     : ClockPSysTick_nortos.c.obj (.data..L_MergedGlobals)
                  2000f7a8    00000004                     : HwiPCC32XX_nortos.c.obj (.data.HwiP_swiPIntNum)
                  2000f7ac    00000004     libc.a : _lock.c.obj (.data._lock)
                  2000f7b0    00000004            : _lock.c.obj (.data._unlock)
                  2000f7b4    00000001     drivers_cc32xx.a : GPIOCC32XX.c.obj (.data.initCalled)
                  2000f7b5    00000001                      : GPIOCC32XX.c.obj (.data.portHwiCreatedBitMask)
                  2000f7b6    00000002     --HOLE--
                  2000f7b8    00000001     libc.a : memory.c.obj (.data.memory_is_initialized)

.bss       0    2000fbd8    000002d4     UNINITIALIZED
                  2000fbd8    0000012c     (.common:PowerCC32XX_contextSave)
                  2000fd04    00000084     (.common:gpioCallbackFunctions)
                  2000fd88    00000084     (.common:gpioUserArgs)
                  2000fe0c    00000084     (.common:timerCC32XXObjects)
                  2000fe90    00000010     (.common:ClockP_ctrl)
                  2000fea0    00000004     nortos_cc32xx.a : ClockPSysTick_nortos.c.obj (.bss.sysTickPeriod)
                  2000fea4    00000004     libc.a : memory.c.obj (.bss.sys_free)
                  2000fea8    00000004     drivers_cc32xx.a : TimerCC32XX.c.obj (.bss.timerState.0)

.log_data 
*          0    90000000    00000000     COPY SECTION

.log_ptr   0    94000008    00000000     COPY SECTION

__llvm_prf_cnts 
*          0    20004000    00000000     UNINITIALIZED

__llvm_prf_bits 
*          0    20004000    00000000     UNINITIALIZED

MODULE SUMMARY

       Module                         code    ro data   rw data
       ------                         ----    -------   -------
    .\
       gpiointerrupt.o                304     112       24     
       main_nortos.o                  16      0         0      
    +--+------------------------------+-------+---------+---------+
       Total:                         320     112       24     
                                                               
    .\syscfg\
       ti_drivers_config.o            24      110       776    
    +--+------------------------------+-------+---------+---------+
       Total:                         24      110       776    
                                                               
    C:/ti/simplelink_cc32xx_sdk_7_10_00_13/kernel/nortos/lib/ticlang/m4/nortos_cc32xx.a
       HwiPCC32XX_nortos.c.obj        286     0         784    
       startup_cc32xx_ticlang.c.obj   88      64        780    
       ClockPSysTick_nortos.c.obj     524     0         28     
       SemaphoreP_nortos.c.obj        392     0         16     
       PowerCC32XX_nortos.c.obj       404     0         0      
       SwiP_nortos.c.obj              84      0         76     
       NoRTOS.c.obj                   4       0         0      
    +--+------------------------------+-------+---------+---------+
       Total:                         1782    64        1684   
                                                               
    C:/ti/simplelink_cc32xx_sdk_7_10_00_13/source/ti/devices/cc32xx/driverlib/ticlang/Release/driverlib.a
       prcm.obj                       2564    168       0      
       interrupt.obj                  868     308       0      
       pin.obj                        688     256       0      
       gpio.obj                       388     0         0      
       timer.obj                      278     0         0      
       flash.obj                      92      0         0      
       systick.obj                    76      0         0      
       cpu.obj                        52      0         0      
       utils.obj                      8       0         0      
    +--+------------------------------+-------+---------+---------+
       Total:                         5014    732       0      
                                                               
    C:/ti/simplelink_cc32xx_sdk_7_10_00_13/source/ti/drivers/lib/ticlang/m4/drivers_cc32xx.a
       PowerCC32XX.c.obj              1944    0         664    
       GPIOCC32XX.c.obj               960     73        26     
       TimerCC32XX.c.obj              880     12        4      
       Timer.c.obj                    150     12        0      
       PowerCC32XX_ticlang.asm.obj    150     0         0      
       List.c.obj                     76      0         0      
       GPIO.c.obj                     28      0         0      
    +--+------------------------------+-------+---------+---------+
       Total:                         4188    97        694    
                                                               
    C:\ti\ccs1280\ccs\tools\compiler\ti-cgt-armllvm_3.2.2.LTS\lib\armv7em-ti-none-eabi/c/libc.a
       memory.c.obj                   712     0         5      
       copy_decompress_lzss.c.obj     112     0         0      
       autoinit.c.obj                 56      0         0      
       boot_cortex_m.c.obj            36      0         0      
       copy_zero_init.c.obj           18      0         0      
       memcpy_t2.S.obj                18      0         0      
       copy_decompress_none.c.obj     14      0         0      
       _lock.c.obj                    2       0         8      
       exit.c.obj                     4       0         0      
       pre_init.c.obj                 4       0         0      
    +--+------------------------------+-------+---------+---------+
       Total:                         976     0         13     
                                                               
    C:\ti\ccs1280\ccs\tools\compiler\ti-cgt-armllvm_3.2.2.LTS\lib\clang/15.0.7/lib/armv7em-ti-none-eabi/libclang_rt.builtins.a
       udivmoddi4.S.obj               176     0         0      
       aeabi_uldivmod.S.obj           20      0         0      
       aeabi_memcpy.S.obj             4       0         0      
       aeabi_div0.c.obj               2       0         0      
    +--+------------------------------+-------+---------+---------+
       Total:                         202     0         0      
                                                               
       Heap:                          0       0         32768  
       Stack:                         0       0         4096   
       Linker Generated:              0       257       0      
    +--+------------------------------+-------+---------+---------+
       Grand Total:                   12506   1372      40055  


LINKER GENERATED COPY TABLES

__TI_cinit_table @ 2000ffa0 records: 2, size/record: 8, table size: 16
	.data: load addr=2000feac, load size=000000dd bytes, run addr=2000f120, run size=00000699 bytes, compression=lzss
	.bss: load addr=2000ff98, load size=00000008 bytes, run addr=2000fbd8, run size=000002d4 bytes, compression=zero_init


LINKER GENERATED HANDLER TABLE

__TI_handler_table @ 2000ff8c records: 3, size/record: 4, table size: 12
	index: 0, handler: __TI_decompress_lzss
	index: 1, handler: __TI_decompress_none
	index: 2, handler: __TI_zero_init


GLOBAL SYMBOLS: SORTED ALPHABETICALLY BY Name 

address   name                             
-------   ----                             
2000ee55  Board_init                       
2000d2f7  Board_initHook                   
2000f11c  C$$EXIT                          
2000ee97  CPUcpsid                         
2000eeab  CPUcpsie                         
2000f07f  CPUwfi                           
2000ef4d  ClockP_add                       
2000fe90  ClockP_ctrl                      
2000e635  ClockP_destruct                  
2000f0f7  ClockP_doTick                    
2000eff1  ClockP_getCpuFreq                
2000f001  ClockP_getSystemTicks            
2000e8b9  ClockP_getTicksUntilInterrupt    
2000f0b1  ClockP_isActive                  
2000f011  ClockP_setTicks                  
2000e781  ClockP_start                     
2000dc5d  ClockP_startup                   
2000e545  ClockP_stop                      
2000e07d  ClockP_sysTickHandler            
2000f7a4  ClockP_tickPeriod                
2000daed  FlashDisable                     
2000e1e3  GPIODirModeSet                   
2000ef5f  GPIOIntClear                     
2000ed89  GPIOIntDisable                   
2000ee25  GPIOIntEnable                    
2000e9d9  GPIOIntStatus                    
2000d105  GPIOIntTypeSet                   
2000ebfd  GPIOPinWrite                     
2000fb98  GPIO_config                      
2000e229  GPIO_disableInt                  
2000e26d  GPIO_enableInt                   
2000de0d  GPIO_hwiIntFxn                   
2000d429  GPIO_init                        
2000fb35  GPIO_pinUpperBound               
2000ece1  GPIO_setCallback                 
2000cb75  GPIO_setConfig                   
2000df4d  GPIO_setInterruptConfig          
2000da8d  GPIO_write                       
2000ef71  HwiP_Params_init                 
2000f0fb  HwiP_clearInterrupt              
2000d649  HwiP_construct                   
2000ea07  HwiP_create                      
2000ef83  HwiP_delete                      
2000eebf  HwiP_destruct                    
2000f0cf  HwiP_disable                     
2000ecfd  HwiP_dispatch                    
2000f0ff  HwiP_enable                      
2000f021  HwiP_inISR                       
2000f103  HwiP_post                        
2000f0d7  HwiP_restore                     
2000f7a8  HwiP_swiPIntNum                  
UNDEFED   ITM_flush                        
UNDEFED   ITM_restore                      
2000cec5  IntDisable                       
2000cf8d  IntEnable                        
2000f0bb  IntMasterDisable                 
2000f0c5  IntMasterEnable                  
2000d9bb  IntPendClear                     
2000d1b1  IntPendSet                       
2000dcb5  IntPrioritySet                   
2000ec41  IntRegister                      
2000eb25  IntUnregister                    
2000eed3  IntVTableBaseSet                 
2000eb49  List_put                         
2000ea85  List_remove                      
2000f10b  NoRTOS_start                     
2000c041  PRCMCC3200MCUInit                
2000eda3  PRCMHIBRegRead                   
2000edbd  PRCMHIBRegWrite                  
2000d6bd  PRCMHibernateWakeUpGPIOSelect    
2000db49  PRCMHibernateWakeupSourceDisable 
2000de5d  PRCMHibernateWakeupSourceEnable  
2000e0c5  PRCMIntEnable                    
2000dd0d  PRCMLPDSEnter                    
2000e19d  PRCMLPDSEnterKeepDebugIf         
2000e8e9  PRCMLPDSIntervalSet              
2000df99  PRCMLPDSRestoreInfoSet           
2000ea31  PRCMLPDSWakeUpGPIOSelect         
2000f08b  PRCMLPDSWakeupCauseGet           
2000edd7  PRCMLPDSWakeupSourceDisable      
2000eb6d  PRCMLPDSWakeupSourceEnable       
2000ea5b  PRCMPeripheralClkDisable         
2000dc01  PRCMPeripheralClkEnable          
2000d951  PRCMPeripheralReset              
2000e10d  PRCMPeripheralStatusGet          
2000eaad  PRCMSRAMRetentionEnable          
2000f0df  PRCMSleepEnter                   
2000e919  PRCMSlowClkCtrFastGet            
2000d4b9  PRCMSysResetCauseGet             
2000e155  PinConfigGet                     
2000d255  PinConfigSet                     
2000e7b5  PinDirModeGet                    
2000e505  PinDirModeSet                    
2000e715  PinLock                          
2000d7a1  PinLockLevelSet                  
2000e7e9  PinModeGet                       
2000e37d  PinModeSet                       
2000edf1  PinToPadGet                      
2000ec1f  PinUnlock                        
2000fa38  PowerCC32XX_config               
2000d549  PowerCC32XX_configureWakeup      
2000fbd8  PowerCC32XX_contextSave          
2000d391  PowerCC32XX_enterLPDS            
2000d427  PowerCC32XX_initPolicy           
2000f42c  PowerCC32XX_module               
2000e81d  PowerCC32XX_parkPin              
2000eb91  PowerCC32XX_restoreParkedPin     
2000d3d5  PowerCC32XX_resumeLPDS           
2000dd65  PowerCC32XX_setParkState         
2000c8dd  PowerCC32XX_sleepPolicy          
2000eee9  Power_disablePolicy              
2000f031  Power_enablePolicy               
2000f099  Power_getConstraintMask          
2000eefd  Power_getTransitionLatency       
2000ef11  Power_idleFunc                   
2000d5d1  Power_init                       
2000ebb5  Power_registerNotify             
2000e2b1  Power_releaseConstraint          
2000ddb9  Power_releaseDependency          
2000e66d  Power_setConstraint              
2000d80d  Power_setDependency              
2000c4f9  Power_sleep                      
2000ec61  Power_unregisterNotify           
2000dead  SemaphoreP_construct             
2000ec81  SemaphoreP_constructBinary       
2000ee3d  SemaphoreP_create                
2000eca1  SemaphoreP_createBinary          
2000f798  SemaphoreP_defaultParams         
2000f10f  SemaphoreP_delete                
2000d547  SemaphoreP_destruct              
2000d2f9  SemaphoreP_pend                  
2000e485  SemaphoreP_post                  
2000ed19  SwiP_disable                     
2000e6a5  SwiP_restore                     
2000ef95  SysTickEnable                    
2000efa7  SysTickIntDisable                
2000efb9  SysTickIntEnable                 
2000ee6b  SysTickPeriodSet                 
2000efcb  TI_memcpy_small                  
2000dba5  TimerCC32XX_allocateTimerResource
2000e851  TimerCC32XX_freeTimerResource    
2000e3bf  TimerControlStall                
2000ecc1  TimerDisable                     
2000ee0b  TimerEnable                      
2000f041  TimerIntClear                    
2000ee81  TimerIntDisable                  
2000ef25  TimerIntEnable                   
2000e949  TimerLoadSet                     
2000e979  TimerPrescaleSet                 
2000ead5  TimerSupport_timerDisable        
2000e5f9  TimerSupport_timerEnable         
2000f051  Timer_Params_init                
2000e401  Timer_close                      
2000fbd0  Timer_config                     
2000fb36  Timer_count                      
2000da23  Timer_init                       
2000ca2d  Timer_open                       
2000e2f5  Timer_start                      
2000e4c5  Timer_stop                       
2000f0e7  UtilsDelay                       
20004000  __STACK_END                      
00001000  __STACK_SIZE                     
00008000  __SYSMEM_SIZE                    
00000000  __TI_ATRegion0_region_sz         
00000000  __TI_ATRegion0_src_addr          
00000000  __TI_ATRegion0_trg_addr          
00000000  __TI_ATRegion1_region_sz         
00000000  __TI_ATRegion1_src_addr          
00000000  __TI_ATRegion1_trg_addr          
00000000  __TI_ATRegion2_region_sz         
00000000  __TI_ATRegion2_src_addr          
00000000  __TI_ATRegion2_trg_addr          
2000ffa0  __TI_CINIT_Base                  
2000ffb0  __TI_CINIT_Limit                 
2000ffb0  __TI_CINIT_Warm                  
2000ff8c  __TI_Handler_Table_Base          
2000ff98  __TI_Handler_Table_Limit         
2000e6dd  __TI_auto_init_nobinit_nopinit   
2000d731  __TI_decompress_lzss             
2000f071  __TI_decompress_none             
ffffffff  __TI_pprof_out_hndl              
ffffffff  __TI_prof_data_size              
ffffffff  __TI_prof_data_start             
2000feac  __TI_static_base__               
2000efdd  __TI_zero_init_nomemset          
2000dc5b  __aeabi_ldiv0                    
2000f115  __aeabi_memcpy                   
2000f115  __aeabi_memcpy4                  
2000f115  __aeabi_memcpy8                  
2000ef39  __aeabi_uldivmod                 
ffffffff  __binit__                        
UNDEFED   __mpu_init                       
20003000  __stack                          
20004000  __start___llvm_prf_bits          
20004000  __start___llvm_prf_cnts          
20004000  __stop___llvm_prf_bits           
20004000  __stop___llvm_prf_cnts           
2000d055  __udivmoddi4                     
2000ebd9  _c_int00_noargs                  
2000f7ac  _lock                            
2000dd63  _nop                             
20004040  _sys_memory                      
UNDEFED   _system_post_cinit               
2000f119  _system_pre_init                 
2000f7b0  _unlock                          
2000f11d  abort                            
2000ccb5  aligned_alloc                    
ffffffff  binit                            
2000f780  blinkState                       
2000e227  clkFxn                           
2000f788  currentPattern                   
2000f78c  currentPatternLength             
2000f784  currentSymbolIndex               
2000cdd5  free                             
2000e581  gpioButtonFxn0                   
2000fd04  gpioCallbackFunctions            
2000f690  gpioPinConfigs                   
2000fd88  gpioUserArgs                     
2000e5bd  initTimer                        
2000e885  initVectors                      
2000f061  main                             
2000da25  mainThread                       
2000f0ef  malloc                           
2000ccb5  memalign                         
2000f77c  messageComplete                  
2000f778  messageType                      
2000fac0  okPattern                        
2000f598  parkInfo                         
2000ed6d  resetISR                         
2000fa7c  sosPattern                       
2000fba8  timerCC32XXHWAttrs               
2000fe0c  timerCC32XXObjects               
2000defd  timerCallback                    


GLOBAL SYMBOLS: SORTED BY Symbol Address 

address   name                             
-------   ----                             
00000000  __TI_ATRegion0_region_sz         
00000000  __TI_ATRegion0_src_addr          
00000000  __TI_ATRegion0_trg_addr          
00000000  __TI_ATRegion1_region_sz         
00000000  __TI_ATRegion1_src_addr          
00000000  __TI_ATRegion1_trg_addr          
00000000  __TI_ATRegion2_region_sz         
00000000  __TI_ATRegion2_src_addr          
00000000  __TI_ATRegion2_trg_addr          
00001000  __STACK_SIZE                     
00008000  __SYSMEM_SIZE                    
20003000  __stack                          
20004000  __STACK_END                      
20004000  __start___llvm_prf_bits          
20004000  __start___llvm_prf_cnts          
20004000  __stop___llvm_prf_bits           
20004000  __stop___llvm_prf_cnts           
20004040  _sys_memory                      
2000c041  PRCMCC3200MCUInit                
2000c4f9  Power_sleep                      
2000c8dd  PowerCC32XX_sleepPolicy          
2000ca2d  Timer_open                       
2000cb75  GPIO_setConfig                   
2000ccb5  aligned_alloc                    
2000ccb5  memalign                         
2000cdd5  free                             
2000cec5  IntDisable                       
2000cf8d  IntEnable                        
2000d055  __udivmoddi4                     
2000d105  GPIOIntTypeSet                   
2000d1b1  IntPendSet                       
2000d255  PinConfigSet                     
2000d2f7  Board_initHook                   
2000d2f9  SemaphoreP_pend                  
2000d391  PowerCC32XX_enterLPDS            
2000d3d5  PowerCC32XX_resumeLPDS           
2000d427  PowerCC32XX_initPolicy           
2000d429  GPIO_init                        
2000d4b9  PRCMSysResetCauseGet             
2000d547  SemaphoreP_destruct              
2000d549  PowerCC32XX_configureWakeup      
2000d5d1  Power_init                       
2000d649  HwiP_construct                   
2000d6bd  PRCMHibernateWakeUpGPIOSelect    
2000d731  __TI_decompress_lzss             
2000d7a1  PinLockLevelSet                  
2000d80d  Power_setDependency              
2000d951  PRCMPeripheralReset              
2000d9bb  IntPendClear                     
2000da23  Timer_init                       
2000da25  mainThread                       
2000da8d  GPIO_write                       
2000daed  FlashDisable                     
2000db49  PRCMHibernateWakeupSourceDisable 
2000dba5  TimerCC32XX_allocateTimerResource
2000dc01  PRCMPeripheralClkEnable          
2000dc5b  __aeabi_ldiv0                    
2000dc5d  ClockP_startup                   
2000dcb5  IntPrioritySet                   
2000dd0d  PRCMLPDSEnter                    
2000dd63  _nop                             
2000dd65  PowerCC32XX_setParkState         
2000ddb9  Power_releaseDependency          
2000de0d  GPIO_hwiIntFxn                   
2000de5d  PRCMHibernateWakeupSourceEnable  
2000dead  SemaphoreP_construct             
2000defd  timerCallback                    
2000df4d  GPIO_setInterruptConfig          
2000df99  PRCMLPDSRestoreInfoSet           
2000e07d  ClockP_sysTickHandler            
2000e0c5  PRCMIntEnable                    
2000e10d  PRCMPeripheralStatusGet          
2000e155  PinConfigGet                     
2000e19d  PRCMLPDSEnterKeepDebugIf         
2000e1e3  GPIODirModeSet                   
2000e227  clkFxn                           
2000e229  GPIO_disableInt                  
2000e26d  GPIO_enableInt                   
2000e2b1  Power_releaseConstraint          
2000e2f5  Timer_start                      
2000e37d  PinModeSet                       
2000e3bf  TimerControlStall                
2000e401  Timer_close                      
2000e485  SemaphoreP_post                  
2000e4c5  Timer_stop                       
2000e505  PinDirModeSet                    
2000e545  ClockP_stop                      
2000e581  gpioButtonFxn0                   
2000e5bd  initTimer                        
2000e5f9  TimerSupport_timerEnable         
2000e635  ClockP_destruct                  
2000e66d  Power_setConstraint              
2000e6a5  SwiP_restore                     
2000e6dd  __TI_auto_init_nobinit_nopinit   
2000e715  PinLock                          
2000e781  ClockP_start                     
2000e7b5  PinDirModeGet                    
2000e7e9  PinModeGet                       
2000e81d  PowerCC32XX_parkPin              
2000e851  TimerCC32XX_freeTimerResource    
2000e885  initVectors                      
2000e8b9  ClockP_getTicksUntilInterrupt    
2000e8e9  PRCMLPDSIntervalSet              
2000e919  PRCMSlowClkCtrFastGet            
2000e949  TimerLoadSet                     
2000e979  TimerPrescaleSet                 
2000e9d9  GPIOIntStatus                    
2000ea07  HwiP_create                      
2000ea31  PRCMLPDSWakeUpGPIOSelect         
2000ea5b  PRCMPeripheralClkDisable         
2000ea85  List_remove                      
2000eaad  PRCMSRAMRetentionEnable          
2000ead5  TimerSupport_timerDisable        
2000eb25  IntUnregister                    
2000eb49  List_put                         
2000eb6d  PRCMLPDSWakeupSourceEnable       
2000eb91  PowerCC32XX_restoreParkedPin     
2000ebb5  Power_registerNotify             
2000ebd9  _c_int00_noargs                  
2000ebfd  GPIOPinWrite                     
2000ec1f  PinUnlock                        
2000ec41  IntRegister                      
2000ec61  Power_unregisterNotify           
2000ec81  SemaphoreP_constructBinary       
2000eca1  SemaphoreP_createBinary          
2000ecc1  TimerDisable                     
2000ece1  GPIO_setCallback                 
2000ecfd  HwiP_dispatch                    
2000ed19  SwiP_disable                     
2000ed6d  resetISR                         
2000ed89  GPIOIntDisable                   
2000eda3  PRCMHIBRegRead                   
2000edbd  PRCMHIBRegWrite                  
2000edd7  PRCMLPDSWakeupSourceDisable      
2000edf1  PinToPadGet                      
2000ee0b  TimerEnable                      
2000ee25  GPIOIntEnable                    
2000ee3d  SemaphoreP_create                
2000ee55  Board_init                       
2000ee6b  SysTickPeriodSet                 
2000ee81  TimerIntDisable                  
2000ee97  CPUcpsid                         
2000eeab  CPUcpsie                         
2000eebf  HwiP_destruct                    
2000eed3  IntVTableBaseSet                 
2000eee9  Power_disablePolicy              
2000eefd  Power_getTransitionLatency       
2000ef11  Power_idleFunc                   
2000ef25  TimerIntEnable                   
2000ef39  __aeabi_uldivmod                 
2000ef4d  ClockP_add                       
2000ef5f  GPIOIntClear                     
2000ef71  HwiP_Params_init                 
2000ef83  HwiP_delete                      
2000ef95  SysTickEnable                    
2000efa7  SysTickIntDisable                
2000efb9  SysTickIntEnable                 
2000efcb  TI_memcpy_small                  
2000efdd  __TI_zero_init_nomemset          
2000eff1  ClockP_getCpuFreq                
2000f001  ClockP_getSystemTicks            
2000f011  ClockP_setTicks                  
2000f021  HwiP_inISR                       
2000f031  Power_enablePolicy               
2000f041  TimerIntClear                    
2000f051  Timer_Params_init                
2000f061  main                             
2000f071  __TI_decompress_none             
2000f07f  CPUwfi                           
2000f08b  PRCMLPDSWakeupCauseGet           
2000f099  Power_getConstraintMask          
2000f0b1  ClockP_isActive                  
2000f0bb  IntMasterDisable                 
2000f0c5  IntMasterEnable                  
2000f0cf  HwiP_disable                     
2000f0d7  HwiP_restore                     
2000f0df  PRCMSleepEnter                   
2000f0e7  UtilsDelay                       
2000f0ef  malloc                           
2000f0f7  ClockP_doTick                    
2000f0fb  HwiP_clearInterrupt              
2000f0ff  HwiP_enable                      
2000f103  HwiP_post                        
2000f10b  NoRTOS_start                     
2000f10f  SemaphoreP_delete                
2000f115  __aeabi_memcpy                   
2000f115  __aeabi_memcpy4                  
2000f115  __aeabi_memcpy8                  
2000f119  _system_pre_init                 
2000f11c  C$$EXIT                          
2000f11d  abort                            
2000f42c  PowerCC32XX_module               
2000f598  parkInfo                         
2000f690  gpioPinConfigs                   
2000f778  messageType                      
2000f77c  messageComplete                  
2000f780  blinkState                       
2000f784  currentSymbolIndex               
2000f788  currentPattern                   
2000f78c  currentPatternLength             
2000f798  SemaphoreP_defaultParams         
2000f7a4  ClockP_tickPeriod                
2000f7a8  HwiP_swiPIntNum                  
2000f7ac  _lock                            
2000f7b0  _unlock                          
2000fa38  PowerCC32XX_config               
2000fa7c  sosPattern                       
2000fac0  okPattern                        
2000fb35  GPIO_pinUpperBound               
2000fb36  Timer_count                      
2000fb98  GPIO_config                      
2000fba8  timerCC32XXHWAttrs               
2000fbd0  Timer_config                     
2000fbd8  PowerCC32XX_contextSave          
2000fd04  gpioCallbackFunctions            
2000fd88  gpioUserArgs                     
2000fe0c  timerCC32XXObjects               
2000fe90  ClockP_ctrl                      
2000feac  __TI_static_base__               
2000ff8c  __TI_Handler_Table_Base          
2000ff98  __TI_Handler_Table_Limit         
2000ffa0  __TI_CINIT_Base                  
2000ffb0  __TI_CINIT_Limit                 
2000ffb0  __TI_CINIT_Warm                  
ffffffff  __TI_pprof_out_hndl              
ffffffff  __TI_prof_data_size              
ffffffff  __TI_prof_data_start             
ffffffff  __binit__                        
ffffffff  binit                            
UNDEFED   ITM_flush                        
UNDEFED   ITM_restore                      
UNDEFED   __mpu_init                       
UNDEFED   _system_post_cinit               

[233 symbols]
