<?xml version="1.0" encoding="ISO-8859-1" ?>
<link_info>
   <banner>TI ARM Clang Linker PC v3.2.2.LTS</banner>
   <copyright>Copyright (c) 1996-2018 Texas Instruments Incorporated</copyright>
   <link_time>0x67020a7c</link_time>
   <link_errors>0x0</link_errors>
   <output_file>C:\Users\scgla\cs350\gpiointerrupt_CC3220S_LAUNCHXL_nortos_ticlang\MCU+Image\gpiointerrupt_CC3220S_LAUNCHXL_nortos_ticlang.out</output_file>
   <entry_point>
      <name>resetISR</name>
      <address>0x2000ed6d</address>
   </entry_point>
   <input_file_list>
      <input_file id="fl-1">
         <path>C:\Users\scgla\cs350\gpiointerrupt_CC3220S_LAUNCHXL_nortos_ticlang\MCU+Image\.\</path>
         <kind>object</kind>
         <file>gpiointerrupt.o</file>
         <name>gpiointerrupt.o</name>
      </input_file>
      <input_file id="fl-2">
         <path>C:\Users\scgla\cs350\gpiointerrupt_CC3220S_LAUNCHXL_nortos_ticlang\MCU+Image\.\syscfg\</path>
         <kind>object</kind>
         <file>ti_drivers_config.o</file>
         <name>ti_drivers_config.o</name>
      </input_file>
      <input_file id="fl-3">
         <path>C:\Users\scgla\cs350\gpiointerrupt_CC3220S_LAUNCHXL_nortos_ticlang\MCU+Image\.\</path>
         <kind>object</kind>
         <file>main_nortos.o</file>
         <name>main_nortos.o</name>
      </input_file>
      <input_file id="fl-13">
         <path>C:\Users\scgla\cs350\gpiointerrupt_CC3220S_LAUNCHXL_nortos_ticlang\MCU+Image\</path>
         <kind>object</kind>
         <file>&lt;internal&gt;</file>
         <name>&lt;internal&gt;</name>
      </input_file>
      <input_file id="fl-14">
         <path>C:\ti\simplelink_cc32xx_sdk_7_10_00_13\source\ti\drivers\lib\ticlang\m4\</path>
         <kind>archive</kind>
         <file>drivers_cc32xx.a</file>
         <name>GPIO.c.obj</name>
      </input_file>
      <input_file id="fl-15">
         <path>C:\ti\simplelink_cc32xx_sdk_7_10_00_13\source\ti\drivers\lib\ticlang\m4\</path>
         <kind>archive</kind>
         <file>drivers_cc32xx.a</file>
         <name>GPIOCC32XX.c.obj</name>
      </input_file>
      <input_file id="fl-16">
         <path>C:\ti\simplelink_cc32xx_sdk_7_10_00_13\source\ti\drivers\lib\ticlang\m4\</path>
         <kind>archive</kind>
         <file>drivers_cc32xx.a</file>
         <name>PowerCC32XX.c.obj</name>
      </input_file>
      <input_file id="fl-17">
         <path>C:\ti\simplelink_cc32xx_sdk_7_10_00_13\source\ti\drivers\lib\ticlang\m4\</path>
         <kind>archive</kind>
         <file>drivers_cc32xx.a</file>
         <name>PowerCC32XX_ticlang.asm.obj</name>
      </input_file>
      <input_file id="fl-18">
         <path>C:\ti\simplelink_cc32xx_sdk_7_10_00_13\source\ti\drivers\lib\ticlang\m4\</path>
         <kind>archive</kind>
         <file>drivers_cc32xx.a</file>
         <name>Timer.c.obj</name>
      </input_file>
      <input_file id="fl-19">
         <path>C:\ti\simplelink_cc32xx_sdk_7_10_00_13\source\ti\drivers\lib\ticlang\m4\</path>
         <kind>archive</kind>
         <file>drivers_cc32xx.a</file>
         <name>TimerCC32XX.c.obj</name>
      </input_file>
      <input_file id="fl-1a">
         <path>C:\ti\simplelink_cc32xx_sdk_7_10_00_13\source\ti\drivers\lib\ticlang\m4\</path>
         <kind>archive</kind>
         <file>drivers_cc32xx.a</file>
         <name>List.c.obj</name>
      </input_file>
      <input_file id="fl-1b">
         <path>C:\ti\simplelink_cc32xx_sdk_7_10_00_13\kernel\nortos\lib\ticlang\m4\</path>
         <kind>archive</kind>
         <file>nortos_cc32xx.a</file>
         <name>NoRTOS.c.obj</name>
      </input_file>
      <input_file id="fl-1c">
         <path>C:\ti\simplelink_cc32xx_sdk_7_10_00_13\kernel\nortos\lib\ticlang\m4\</path>
         <kind>archive</kind>
         <file>nortos_cc32xx.a</file>
         <name>SemaphoreP_nortos.c.obj</name>
      </input_file>
      <input_file id="fl-1d">
         <path>C:\ti\simplelink_cc32xx_sdk_7_10_00_13\kernel\nortos\lib\ticlang\m4\</path>
         <kind>archive</kind>
         <file>nortos_cc32xx.a</file>
         <name>ClockPSysTick_nortos.c.obj</name>
      </input_file>
      <input_file id="fl-1e">
         <path>C:\ti\simplelink_cc32xx_sdk_7_10_00_13\kernel\nortos\lib\ticlang\m4\</path>
         <kind>archive</kind>
         <file>nortos_cc32xx.a</file>
         <name>HwiPCC32XX_nortos.c.obj</name>
      </input_file>
      <input_file id="fl-1f">
         <path>C:\ti\simplelink_cc32xx_sdk_7_10_00_13\kernel\nortos\lib\ticlang\m4\</path>
         <kind>archive</kind>
         <file>nortos_cc32xx.a</file>
         <name>PowerCC32XX_nortos.c.obj</name>
      </input_file>
      <input_file id="fl-20">
         <path>C:\ti\simplelink_cc32xx_sdk_7_10_00_13\kernel\nortos\lib\ticlang\m4\</path>
         <kind>archive</kind>
         <file>nortos_cc32xx.a</file>
         <name>startup_cc32xx_ticlang.c.obj</name>
      </input_file>
      <input_file id="fl-21">
         <path>C:\ti\simplelink_cc32xx_sdk_7_10_00_13\kernel\nortos\lib\ticlang\m4\</path>
         <kind>archive</kind>
         <file>nortos_cc32xx.a</file>
         <name>SwiP_nortos.c.obj</name>
      </input_file>
      <input_file id="fl-22">
         <path>C:\ti\simplelink_cc32xx_sdk_7_10_00_13\source\ti\devices\cc32xx\driverlib\ticlang\Release\</path>
         <kind>archive</kind>
         <file>driverlib.a</file>
         <name>cpu.obj</name>
      </input_file>
      <input_file id="fl-23">
         <path>C:\ti\simplelink_cc32xx_sdk_7_10_00_13\source\ti\devices\cc32xx\driverlib\ticlang\Release\</path>
         <kind>archive</kind>
         <file>driverlib.a</file>
         <name>gpio.obj</name>
      </input_file>
      <input_file id="fl-24">
         <path>C:\ti\simplelink_cc32xx_sdk_7_10_00_13\source\ti\devices\cc32xx\driverlib\ticlang\Release\</path>
         <kind>archive</kind>
         <file>driverlib.a</file>
         <name>hwspinlock.obj</name>
      </input_file>
      <input_file id="fl-25">
         <path>C:\ti\simplelink_cc32xx_sdk_7_10_00_13\source\ti\devices\cc32xx\driverlib\ticlang\Release\</path>
         <kind>archive</kind>
         <file>driverlib.a</file>
         <name>interrupt.obj</name>
      </input_file>
      <input_file id="fl-26">
         <path>C:\ti\simplelink_cc32xx_sdk_7_10_00_13\source\ti\devices\cc32xx\driverlib\ticlang\Release\</path>
         <kind>archive</kind>
         <file>driverlib.a</file>
         <name>pin.obj</name>
      </input_file>
      <input_file id="fl-27">
         <path>C:\ti\simplelink_cc32xx_sdk_7_10_00_13\source\ti\devices\cc32xx\driverlib\ticlang\Release\</path>
         <kind>archive</kind>
         <file>driverlib.a</file>
         <name>prcm.obj</name>
      </input_file>
      <input_file id="fl-28">
         <path>C:\ti\simplelink_cc32xx_sdk_7_10_00_13\source\ti\devices\cc32xx\driverlib\ticlang\Release\</path>
         <kind>archive</kind>
         <file>driverlib.a</file>
         <name>spi.obj</name>
      </input_file>
      <input_file id="fl-29">
         <path>C:\ti\simplelink_cc32xx_sdk_7_10_00_13\source\ti\devices\cc32xx\driverlib\ticlang\Release\</path>
         <kind>archive</kind>
         <file>driverlib.a</file>
         <name>systick.obj</name>
      </input_file>
      <input_file id="fl-2a">
         <path>C:\ti\simplelink_cc32xx_sdk_7_10_00_13\source\ti\devices\cc32xx\driverlib\ticlang\Release\</path>
         <kind>archive</kind>
         <file>driverlib.a</file>
         <name>timer.obj</name>
      </input_file>
      <input_file id="fl-2b">
         <path>C:\ti\simplelink_cc32xx_sdk_7_10_00_13\source\ti\devices\cc32xx\driverlib\ticlang\Release\</path>
         <kind>archive</kind>
         <file>driverlib.a</file>
         <name>utils.obj</name>
      </input_file>
      <input_file id="fl-2c">
         <path>C:\ti\simplelink_cc32xx_sdk_7_10_00_13\source\ti\devices\cc32xx\driverlib\ticlang\Release\</path>
         <kind>archive</kind>
         <file>driverlib.a</file>
         <name>flash.obj</name>
      </input_file>
      <input_file id="fl-3b">
         <path>C:\ti\ccs1280\ccs\tools\compiler\ti-cgt-armllvm_3.2.2.LTS\lib\armv7em-ti-none-eabi\c\</path>
         <kind>archive</kind>
         <file>libc.a</file>
         <name>memory.c.obj</name>
      </input_file>
      <input_file id="fl-3c">
         <path>C:\ti\ccs1280\ccs\tools\compiler\ti-cgt-armllvm_3.2.2.LTS\lib\armv7em-ti-none-eabi\c\</path>
         <kind>archive</kind>
         <file>libc.a</file>
         <name>boot_cortex_m.c.obj</name>
      </input_file>
      <input_file id="fl-3d">
         <path>C:\ti\ccs1280\ccs\tools\compiler\ti-cgt-armllvm_3.2.2.LTS\lib\armv7em-ti-none-eabi\c\</path>
         <kind>archive</kind>
         <file>libc.a</file>
         <name>mathacl_init.c.obj</name>
      </input_file>
      <input_file id="fl-3e">
         <path>C:\ti\ccs1280\ccs\tools\compiler\ti-cgt-armllvm_3.2.2.LTS\lib\armv7em-ti-none-eabi\c\</path>
         <kind>archive</kind>
         <file>libc.a</file>
         <name>autoinit.c.obj</name>
      </input_file>
      <input_file id="fl-3f">
         <path>C:\ti\ccs1280\ccs\tools\compiler\ti-cgt-armllvm_3.2.2.LTS\lib\armv7em-ti-none-eabi\c\</path>
         <kind>archive</kind>
         <file>libc.a</file>
         <name>pre_init.c.obj</name>
      </input_file>
      <input_file id="fl-40">
         <path>C:\ti\ccs1280\ccs\tools\compiler\ti-cgt-armllvm_3.2.2.LTS\lib\armv7em-ti-none-eabi\c\</path>
         <kind>archive</kind>
         <file>libc.a</file>
         <name>cpy_tbl.c.obj</name>
      </input_file>
      <input_file id="fl-41">
         <path>C:\ti\ccs1280\ccs\tools\compiler\ti-cgt-armllvm_3.2.2.LTS\lib\armv7em-ti-none-eabi\c\</path>
         <kind>archive</kind>
         <file>libc.a</file>
         <name>copy_zero_init.c.obj</name>
      </input_file>
      <input_file id="fl-42">
         <path>C:\ti\ccs1280\ccs\tools\compiler\ti-cgt-armllvm_3.2.2.LTS\lib\armv7em-ti-none-eabi\c\</path>
         <kind>archive</kind>
         <file>libc.a</file>
         <name>copy_decompress_none.c.obj</name>
      </input_file>
      <input_file id="fl-43">
         <path>C:\ti\ccs1280\ccs\tools\compiler\ti-cgt-armllvm_3.2.2.LTS\lib\armv7em-ti-none-eabi\c\</path>
         <kind>archive</kind>
         <file>libc.a</file>
         <name>copy_decompress_lzss.c.obj</name>
      </input_file>
      <input_file id="fl-44">
         <path>C:\ti\ccs1280\ccs\tools\compiler\ti-cgt-armllvm_3.2.2.LTS\lib\armv7em-ti-none-eabi\c\</path>
         <kind>archive</kind>
         <file>libc.a</file>
         <name>exit.c.obj</name>
      </input_file>
      <input_file id="fl-45">
         <path>C:\ti\ccs1280\ccs\tools\compiler\ti-cgt-armllvm_3.2.2.LTS\lib\armv7em-ti-none-eabi\c\</path>
         <kind>archive</kind>
         <file>libc.a</file>
         <name>_lock.c.obj</name>
      </input_file>
      <input_file id="fl-46">
         <path>C:\ti\ccs1280\ccs\tools\compiler\ti-cgt-armllvm_3.2.2.LTS\lib\armv7em-ti-none-eabi\c\</path>
         <kind>archive</kind>
         <file>libc.a</file>
         <name>args_main.c.obj</name>
      </input_file>
      <input_file id="fl-ac">
         <path>C:\ti\ccs1280\ccs\tools\compiler\ti-cgt-armllvm_3.2.2.LTS\lib\clang\15.0.7\lib\armv7em-ti-none-eabi\</path>
         <kind>archive</kind>
         <file>libclang_rt.builtins.a</file>
         <name>aeabi_memcpy.S.obj</name>
      </input_file>
      <input_file id="fl-ad">
         <path>C:\ti\ccs1280\ccs\tools\compiler\ti-cgt-armllvm_3.2.2.LTS\lib\clang\15.0.7\lib\armv7em-ti-none-eabi\</path>
         <kind>archive</kind>
         <file>libclang_rt.builtins.a</file>
         <name>aeabi_memset.S.obj</name>
      </input_file>
      <input_file id="fl-ae">
         <path>C:\ti\ccs1280\ccs\tools\compiler\ti-cgt-armllvm_3.2.2.LTS\lib\clang\15.0.7\lib\armv7em-ti-none-eabi\</path>
         <kind>archive</kind>
         <file>libclang_rt.builtins.a</file>
         <name>aeabi_uldivmod.S.obj</name>
      </input_file>
      <input_file id="fl-af">
         <path>C:\ti\ccs1280\ccs\tools\compiler\ti-cgt-armllvm_3.2.2.LTS\lib\clang\15.0.7\lib\armv7em-ti-none-eabi\</path>
         <kind>archive</kind>
         <file>libclang_rt.builtins.a</file>
         <name>udivmoddi4.S.obj</name>
      </input_file>
      <input_file id="fl-b0">
         <path>C:\ti\ccs1280\ccs\tools\compiler\ti-cgt-armllvm_3.2.2.LTS\lib\clang\15.0.7\lib\armv7em-ti-none-eabi\</path>
         <kind>archive</kind>
         <file>libclang_rt.builtins.a</file>
         <name>aeabi_div0.c.obj</name>
      </input_file>
      <input_file id="fl-b1">
         <path>C:\ti\ccs1280\ccs\tools\compiler\ti-cgt-armllvm_3.2.2.LTS\lib\armv7em-ti-none-eabi\c\</path>
         <kind>archive</kind>
         <file>libc.a</file>
         <name>memcpy_t2.S.obj</name>
      </input_file>
      <input_file id="fl-b2">
         <path>C:\ti\ccs1280\ccs\tools\compiler\ti-cgt-armllvm_3.2.2.LTS\lib\armv7em-ti-none-eabi\c\</path>
         <kind>archive</kind>
         <file>libc.a</file>
         <name>memset_t2.S.obj</name>
      </input_file>
   </input_file_list>
   <object_component_list>
      <object_component id="oc-d2">
         <name>.text.PRCMCC3200MCUInit</name>
         <load_address>0x2000c040</load_address>
         <readonly>true</readonly>
         <executable>true</executable>
         <run_address>0x2000c040</run_address>
         <size>0x4b8</size>
         <alignment>0x2</alignment>
         <input_file_ref idref="fl-27"/>
      </object_component>
      <object_component id="oc-1c0">
         <name>.text.Power_sleep</name>
         <load_address>0x2000c4f8</load_address>
         <readonly>true</readonly>
         <executable>true</executable>
         <run_address>0x2000c4f8</run_address>
         <size>0x3e4</size>
         <alignment>0x4</alignment>
         <input_file_ref idref="fl-16"/>
      </object_component>
      <object_component id="oc-173">
         <name>.text.PowerCC32XX_sleepPolicy</name>
         <load_address>0x2000c8dc</load_address>
         <readonly>true</readonly>
         <executable>true</executable>
         <run_address>0x2000c8dc</run_address>
         <size>0x150</size>
         <alignment>0x4</alignment>
         <input_file_ref idref="fl-1f"/>
      </object_component>
      <object_component id="oc-145">
         <name>.text.Timer_open</name>
         <load_address>0x2000ca2c</load_address>
         <readonly>true</readonly>
         <executable>true</executable>
         <run_address>0x2000ca2c</run_address>
         <size>0x148</size>
         <alignment>0x4</alignment>
         <input_file_ref idref="fl-19"/>
      </object_component>
      <object_component id="oc-f5">
         <name>.text.GPIO_setConfig</name>
         <load_address>0x2000cb74</load_address>
         <readonly>true</readonly>
         <executable>true</executable>
         <run_address>0x2000cb74</run_address>
         <size>0x140</size>
         <alignment>0x4</alignment>
         <input_file_ref idref="fl-15"/>
      </object_component>
      <object_component id="oc-1e6">
         <name>.text.aligned_alloc</name>
         <load_address>0x2000ccb4</load_address>
         <readonly>true</readonly>
         <executable>true</executable>
         <run_address>0x2000ccb4</run_address>
         <size>0x120</size>
         <alignment>0x4</alignment>
         <input_file_ref idref="fl-3b"/>
      </object_component>
      <object_component id="oc-17a">
         <name>.text.free</name>
         <load_address>0x2000cdd4</load_address>
         <readonly>true</readonly>
         <executable>true</executable>
         <run_address>0x2000cdd4</run_address>
         <size>0xf0</size>
         <alignment>0x4</alignment>
         <input_file_ref idref="fl-3b"/>
      </object_component>
      <object_component id="oc-22f">
         <name>.text.IntDisable</name>
         <load_address>0x2000cec4</load_address>
         <readonly>true</readonly>
         <executable>true</executable>
         <run_address>0x2000cec4</run_address>
         <size>0xc8</size>
         <alignment>0x2</alignment>
         <input_file_ref idref="fl-25"/>
      </object_component>
      <object_component id="oc-1e9">
         <name>.text.IntEnable</name>
         <load_address>0x2000cf8c</load_address>
         <readonly>true</readonly>
         <executable>true</executable>
         <run_address>0x2000cf8c</run_address>
         <size>0xc8</size>
         <alignment>0x2</alignment>
         <input_file_ref idref="fl-25"/>
      </object_component>
      <object_component id="oc-1f3">
         <name>.text</name>
         <load_address>0x2000d054</load_address>
         <readonly>true</readonly>
         <executable>true</executable>
         <run_address>0x2000d054</run_address>
         <size>0xb0</size>
         <alignment>0x4</alignment>
         <input_file_ref idref="fl-af"/>
      </object_component>
      <object_component id="oc-1a5">
         <name>.text.GPIOIntTypeSet</name>
         <load_address>0x2000d104</load_address>
         <readonly>true</readonly>
         <executable>true</executable>
         <run_address>0x2000d104</run_address>
         <size>0xac</size>
         <alignment>0x2</alignment>
         <input_file_ref idref="fl-23"/>
      </object_component>
      <object_component id="oc-22b">
         <name>.text.IntPendSet</name>
         <load_address>0x2000d1b0</load_address>
         <readonly>true</readonly>
         <executable>true</executable>
         <run_address>0x2000d1b0</run_address>
         <size>0xa4</size>
         <alignment>0x2</alignment>
         <input_file_ref idref="fl-25"/>
      </object_component>
      <object_component id="oc-14d">
         <name>.text.PinConfigSet</name>
         <load_address>0x2000d254</load_address>
         <readonly>true</readonly>
         <executable>true</executable>
         <run_address>0x2000d254</run_address>
         <size>0xa2</size>
         <alignment>0x2</alignment>
         <input_file_ref idref="fl-26"/>
      </object_component>
      <object_component id="oc-e2">
         <name>.text.Board_initHook</name>
         <load_address>0x2000d2f6</load_address>
         <readonly>true</readonly>
         <executable>true</executable>
         <run_address>0x2000d2f6</run_address>
         <size>0x2</size>
         <alignment>0x2</alignment>
         <input_file_ref idref="fl-2"/>
      </object_component>
      <object_component id="oc-126">
         <name>.text.SemaphoreP_pend</name>
         <load_address>0x2000d2f8</load_address>
         <readonly>true</readonly>
         <executable>true</executable>
         <run_address>0x2000d2f8</run_address>
         <size>0x98</size>
         <alignment>0x4</alignment>
         <input_file_ref idref="fl-1c"/>
      </object_component>
      <object_component id="oc-200">
         <name>.text</name>
         <load_address>0x2000d390</load_address>
         <readonly>true</readonly>
         <executable>true</executable>
         <run_address>0x2000d390</run_address>
         <size>0x96</size>
         <alignment>0x10</alignment>
         <input_file_ref idref="fl-17"/>
      </object_component>
      <object_component id="oc-16e">
         <name>.text.PowerCC32XX_initPolicy</name>
         <load_address>0x2000d426</load_address>
         <readonly>true</readonly>
         <executable>true</executable>
         <run_address>0x2000d426</run_address>
         <size>0x2</size>
         <alignment>0x2</alignment>
         <input_file_ref idref="fl-1f"/>
      </object_component>
      <object_component id="oc-dc">
         <name>.text.GPIO_init</name>
         <load_address>0x2000d428</load_address>
         <readonly>true</readonly>
         <executable>true</executable>
         <run_address>0x2000d428</run_address>
         <size>0x90</size>
         <alignment>0x4</alignment>
         <input_file_ref idref="fl-15"/>
      </object_component>
      <object_component id="oc-105">
         <name>.text.PRCMSysResetCauseGet</name>
         <load_address>0x2000d4b8</load_address>
         <readonly>true</readonly>
         <executable>true</executable>
         <run_address>0x2000d4b8</run_address>
         <size>0x8e</size>
         <alignment>0x2</alignment>
         <input_file_ref idref="fl-27"/>
      </object_component>
      <object_component id="oc-1d6">
         <name>.text.SemaphoreP_destruct</name>
         <load_address>0x2000d546</load_address>
         <readonly>true</readonly>
         <executable>true</executable>
         <run_address>0x2000d546</run_address>
         <size>0x2</size>
         <alignment>0x2</alignment>
         <input_file_ref idref="fl-1c"/>
      </object_component>
      <object_component id="oc-117">
         <name>.text.PowerCC32XX_configureWakeup</name>
         <load_address>0x2000d548</load_address>
         <readonly>true</readonly>
         <executable>true</executable>
         <run_address>0x2000d548</run_address>
         <size>0x88</size>
         <alignment>0x4</alignment>
         <input_file_ref idref="fl-16"/>
      </object_component>
      <object_component id="oc-d7">
         <name>.text.Power_init</name>
         <load_address>0x2000d5d0</load_address>
         <readonly>true</readonly>
         <executable>true</executable>
         <run_address>0x2000d5d0</run_address>
         <size>0x78</size>
         <alignment>0x4</alignment>
         <input_file_ref idref="fl-16"/>
      </object_component>
      <object_component id="oc-1a4">
         <name>.text.HwiP_construct</name>
         <load_address>0x2000d648</load_address>
         <readonly>true</readonly>
         <executable>true</executable>
         <run_address>0x2000d648</run_address>
         <size>0x74</size>
         <alignment>0x4</alignment>
         <input_file_ref idref="fl-1e"/>
      </object_component>
      <object_component id="oc-16b">
         <name>.text.PRCMHibernateWakeUpGPIOSelect</name>
         <load_address>0x2000d6bc</load_address>
         <readonly>true</readonly>
         <executable>true</executable>
         <run_address>0x2000d6bc</run_address>
         <size>0x74</size>
         <alignment>0x2</alignment>
         <input_file_ref idref="fl-27"/>
      </object_component>
      <object_component id="oc-18">
         <name>.text:decompress:lzss</name>
         <load_address>0x2000d730</load_address>
         <readonly>true</readonly>
         <executable>true</executable>
         <run_address>0x2000d730</run_address>
         <size>0x70</size>
         <alignment>0x2</alignment>
         <input_file_ref idref="fl-43"/>
      </object_component>
      <object_component id="oc-1fd">
         <name>.text.PinLockLevelSet</name>
         <load_address>0x2000d7a0</load_address>
         <readonly>true</readonly>
         <executable>true</executable>
         <run_address>0x2000d7a0</run_address>
         <size>0x6c</size>
         <alignment>0x2</alignment>
         <input_file_ref idref="fl-26"/>
      </object_component>
      <object_component id="oc-14e">
         <name>.text.Power_setDependency</name>
         <load_address>0x2000d80c</load_address>
         <readonly>true</readonly>
         <executable>true</executable>
         <run_address>0x2000d80c</run_address>
         <size>0x6c</size>
         <alignment>0x4</alignment>
         <input_file_ref idref="fl-16"/>
      </object_component>
      <object_component id="oc-12d">
         <name>.text.powerNotifyFxn</name>
         <load_address>0x2000d878</load_address>
         <readonly>true</readonly>
         <executable>true</executable>
         <run_address>0x2000d878</run_address>
         <size>0x6c</size>
         <alignment>0x4</alignment>
         <input_file_ref idref="fl-15"/>
      </object_component>
      <object_component id="oc-215">
         <name>.text.split</name>
         <load_address>0x2000d8e4</load_address>
         <readonly>true</readonly>
         <executable>true</executable>
         <run_address>0x2000d8e4</run_address>
         <size>0x6c</size>
         <alignment>0x4</alignment>
         <input_file_ref idref="fl-3b"/>
      </object_component>
      <object_component id="oc-10d">
         <name>.text.PRCMPeripheralReset</name>
         <load_address>0x2000d950</load_address>
         <readonly>true</readonly>
         <executable>true</executable>
         <run_address>0x2000d950</run_address>
         <size>0x6a</size>
         <alignment>0x2</alignment>
         <input_file_ref idref="fl-27"/>
      </object_component>
      <object_component id="oc-210">
         <name>.text.IntPendClear</name>
         <load_address>0x2000d9ba</load_address>
         <readonly>true</readonly>
         <executable>true</executable>
         <run_address>0x2000d9ba</run_address>
         <size>0x68</size>
         <alignment>0x2</alignment>
         <input_file_ref idref="fl-25"/>
      </object_component>
      <object_component id="oc-13e">
         <name>.text.Timer_init</name>
         <load_address>0x2000da22</load_address>
         <readonly>true</readonly>
         <executable>true</executable>
         <run_address>0x2000da22</run_address>
         <size>0x2</size>
         <alignment>0x2</alignment>
         <input_file_ref idref="fl-18"/>
      </object_component>
      <object_component id="oc-b0">
         <name>.text.mainThread</name>
         <load_address>0x2000da24</load_address>
         <readonly>true</readonly>
         <executable>true</executable>
         <run_address>0x2000da24</run_address>
         <size>0x68</size>
         <alignment>0x4</alignment>
         <input_file_ref idref="fl-1"/>
      </object_component>
      <object_component id="oc-ed">
         <name>.text.GPIO_write</name>
         <load_address>0x2000da8c</load_address>
         <readonly>true</readonly>
         <executable>true</executable>
         <run_address>0x2000da8c</run_address>
         <size>0x60</size>
         <alignment>0x4</alignment>
         <input_file_ref idref="fl-15"/>
      </object_component>
      <object_component id="oc-226">
         <name>.text.FlashDisable</name>
         <load_address>0x2000daec</load_address>
         <readonly>true</readonly>
         <executable>true</executable>
         <run_address>0x2000daec</run_address>
         <size>0x5c</size>
         <alignment>0x2</alignment>
         <input_file_ref idref="fl-2c"/>
      </object_component>
      <object_component id="oc-16d">
         <name>.text.PRCMHibernateWakeupSourceDisable</name>
         <load_address>0x2000db48</load_address>
         <readonly>true</readonly>
         <executable>true</executable>
         <run_address>0x2000db48</run_address>
         <size>0x5c</size>
         <alignment>0x2</alignment>
         <input_file_ref idref="fl-27"/>
      </object_component>
      <object_component id="oc-194">
         <name>.text.TimerCC32XX_allocateTimerResource</name>
         <load_address>0x2000dba4</load_address>
         <readonly>true</readonly>
         <executable>true</executable>
         <run_address>0x2000dba4</run_address>
         <size>0x5c</size>
         <alignment>0x4</alignment>
         <input_file_ref idref="fl-19"/>
      </object_component>
      <object_component id="oc-10c">
         <name>.text.PRCMPeripheralClkEnable</name>
         <load_address>0x2000dc00</load_address>
         <readonly>true</readonly>
         <executable>true</executable>
         <run_address>0x2000dc00</run_address>
         <size>0x5a</size>
         <alignment>0x2</alignment>
         <input_file_ref idref="fl-27"/>
      </object_component>
      <object_component id="oc-21a">
         <name>.text.__aeabi_ldiv0</name>
         <load_address>0x2000dc5a</load_address>
         <readonly>true</readonly>
         <executable>true</executable>
         <run_address>0x2000dc5a</run_address>
         <size>0x2</size>
         <alignment>0x2</alignment>
         <input_file_ref idref="fl-b0"/>
      </object_component>
      <object_component id="oc-1f1">
         <name>.text.ClockP_startup</name>
         <load_address>0x2000dc5c</load_address>
         <readonly>true</readonly>
         <executable>true</executable>
         <run_address>0x2000dc5c</run_address>
         <size>0x58</size>
         <alignment>0x4</alignment>
         <input_file_ref idref="fl-1d"/>
      </object_component>
      <object_component id="oc-1e8">
         <name>.text.IntPrioritySet</name>
         <load_address>0x2000dcb4</load_address>
         <readonly>true</readonly>
         <executable>true</executable>
         <run_address>0x2000dcb4</run_address>
         <size>0x58</size>
         <alignment>0x2</alignment>
         <input_file_ref idref="fl-25"/>
      </object_component>
      <object_component id="oc-20a">
         <name>.text.PRCMLPDSEnter</name>
         <load_address>0x2000dd0c</load_address>
         <readonly>true</readonly>
         <executable>true</executable>
         <run_address>0x2000dd0c</run_address>
         <size>0x56</size>
         <alignment>0x2</alignment>
         <input_file_ref idref="fl-27"/>
      </object_component>
      <object_component id="oc-159">
         <name>.text._nop</name>
         <load_address>0x2000dd62</load_address>
         <readonly>true</readonly>
         <executable>true</executable>
         <run_address>0x2000dd62</run_address>
         <size>0x2</size>
         <alignment>0x2</alignment>
         <input_file_ref idref="fl-45"/>
      </object_component>
      <object_component id="oc-18d">
         <name>.text.PowerCC32XX_setParkState</name>
         <load_address>0x2000dd64</load_address>
         <readonly>true</readonly>
         <executable>true</executable>
         <run_address>0x2000dd64</run_address>
         <size>0x54</size>
         <alignment>0x4</alignment>
         <input_file_ref idref="fl-16"/>
      </object_component>
      <object_component id="oc-212">
         <name>.text.Power_releaseDependency</name>
         <load_address>0x2000ddb8</load_address>
         <readonly>true</readonly>
         <executable>true</executable>
         <run_address>0x2000ddb8</run_address>
         <size>0x54</size>
         <alignment>0x4</alignment>
         <input_file_ref idref="fl-16"/>
      </object_component>
      <object_component id="oc-155">
         <name>.text.GPIO_hwiIntFxn</name>
         <load_address>0x2000de0c</load_address>
         <readonly>true</readonly>
         <executable>true</executable>
         <run_address>0x2000de0c</run_address>
         <size>0x50</size>
         <alignment>0x4</alignment>
         <input_file_ref idref="fl-15"/>
      </object_component>
      <object_component id="oc-16c">
         <name>.text.PRCMHibernateWakeupSourceEnable</name>
         <load_address>0x2000de5c</load_address>
         <readonly>true</readonly>
         <executable>true</executable>
         <run_address>0x2000de5c</run_address>
         <size>0x50</size>
         <alignment>0x2</alignment>
         <input_file_ref idref="fl-27"/>
      </object_component>
      <object_component id="oc-1c9">
         <name>.text.SemaphoreP_construct</name>
         <load_address>0x2000deac</load_address>
         <readonly>true</readonly>
         <executable>true</executable>
         <run_address>0x2000deac</run_address>
         <size>0x50</size>
         <alignment>0x4</alignment>
         <input_file_ref idref="fl-1c"/>
      </object_component>
      <object_component id="oc-14c">
         <name>.text.timerCallback</name>
         <load_address>0x2000defc</load_address>
         <readonly>true</readonly>
         <executable>true</executable>
         <run_address>0x2000defc</run_address>
         <size>0x50</size>
         <alignment>0x4</alignment>
         <input_file_ref idref="fl-1"/>
      </object_component>
      <object_component id="oc-152">
         <name>.text.GPIO_setInterruptConfig</name>
         <load_address>0x2000df4c</load_address>
         <readonly>true</readonly>
         <executable>true</executable>
         <run_address>0x2000df4c</run_address>
         <size>0x4c</size>
         <alignment>0x4</alignment>
         <input_file_ref idref="fl-15"/>
      </object_component>
      <object_component id="oc-224">
         <name>.text.PRCMLPDSRestoreInfoSet</name>
         <load_address>0x2000df98</load_address>
         <readonly>true</readonly>
         <executable>true</executable>
         <run_address>0x2000df98</run_address>
         <size>0x4c</size>
         <alignment>0x2</alignment>
         <input_file_ref idref="fl-27"/>
      </object_component>
      <object_component id="oc-199">
         <name>.text.initHw</name>
         <load_address>0x2000dfe4</load_address>
         <readonly>true</readonly>
         <executable>true</executable>
         <run_address>0x2000dfe4</run_address>
         <size>0x4c</size>
         <alignment>0x2</alignment>
         <input_file_ref idref="fl-19"/>
      </object_component>
      <object_component id="oc-198">
         <name>.text.getPrescaler</name>
         <load_address>0x2000e030</load_address>
         <readonly>true</readonly>
         <executable>true</executable>
         <run_address>0x2000e030</run_address>
         <size>0x4a</size>
         <alignment>0x2</alignment>
         <input_file_ref idref="fl-19"/>
      </object_component>
      <object_component id="oc-57">
         <name>.text.busFaultHandler</name>
         <load_address>0x2000e07a</load_address>
         <readonly>true</readonly>
         <executable>true</executable>
         <run_address>0x2000e07a</run_address>
         <size>0x2</size>
         <alignment>0x2</alignment>
         <input_file_ref idref="fl-20"/>
      </object_component>
      <object_component id="oc-58">
         <name>.text.ClockP_sysTickHandler</name>
         <load_address>0x2000e07c</load_address>
         <readonly>true</readonly>
         <executable>true</executable>
         <run_address>0x2000e07c</run_address>
         <size>0x48</size>
         <alignment>0x4</alignment>
         <input_file_ref idref="fl-1d"/>
      </object_component>
      <object_component id="oc-204">
         <name>.text.PRCMIntEnable</name>
         <load_address>0x2000e0c4</load_address>
         <readonly>true</readonly>
         <executable>true</executable>
         <run_address>0x2000e0c4</run_address>
         <size>0x48</size>
         <alignment>0x2</alignment>
         <input_file_ref idref="fl-27"/>
      </object_component>
      <object_component id="oc-1a2">
         <name>.text.PRCMPeripheralStatusGet</name>
         <load_address>0x2000e10c</load_address>
         <readonly>true</readonly>
         <executable>true</executable>
         <run_address>0x2000e10c</run_address>
         <size>0x48</size>
         <alignment>0x2</alignment>
         <input_file_ref idref="fl-27"/>
      </object_component>
      <object_component id="oc-221">
         <name>.text.PinConfigGet</name>
         <load_address>0x2000e154</load_address>
         <readonly>true</readonly>
         <executable>true</executable>
         <run_address>0x2000e154</run_address>
         <size>0x48</size>
         <alignment>0x2</alignment>
         <input_file_ref idref="fl-26"/>
      </object_component>
      <object_component id="oc-209">
         <name>.text.PRCMLPDSEnterKeepDebugIf</name>
         <load_address>0x2000e19c</load_address>
         <readonly>true</readonly>
         <executable>true</executable>
         <run_address>0x2000e19c</run_address>
         <size>0x46</size>
         <alignment>0x2</alignment>
         <input_file_ref idref="fl-27"/>
      </object_component>
      <object_component id="oc-151">
         <name>.text.GPIODirModeSet</name>
         <load_address>0x2000e1e2</load_address>
         <readonly>true</readonly>
         <executable>true</executable>
         <run_address>0x2000e1e2</run_address>
         <size>0x44</size>
         <alignment>0x2</alignment>
         <input_file_ref idref="fl-23"/>
      </object_component>
      <object_component id="oc-181">
         <name>.text.clkFxn</name>
         <load_address>0x2000e226</load_address>
         <readonly>true</readonly>
         <executable>true</executable>
         <run_address>0x2000e226</run_address>
         <size>0x2</size>
         <alignment>0x2</alignment>
         <input_file_ref idref="fl-1c"/>
      </object_component>
      <object_component id="oc-1a6">
         <name>.text.GPIO_disableInt</name>
         <load_address>0x2000e228</load_address>
         <readonly>true</readonly>
         <executable>true</executable>
         <run_address>0x2000e228</run_address>
         <size>0x44</size>
         <alignment>0x4</alignment>
         <input_file_ref idref="fl-15"/>
      </object_component>
      <object_component id="oc-f3">
         <name>.text.GPIO_enableInt</name>
         <load_address>0x2000e26c</load_address>
         <readonly>true</readonly>
         <executable>true</executable>
         <run_address>0x2000e26c</run_address>
         <size>0x44</size>
         <alignment>0x4</alignment>
         <input_file_ref idref="fl-15"/>
      </object_component>
      <object_component id="oc-22d">
         <name>.text.Power_releaseConstraint</name>
         <load_address>0x2000e2b0</load_address>
         <readonly>true</readonly>
         <executable>true</executable>
         <run_address>0x2000e2b0</run_address>
         <size>0x44</size>
         <alignment>0x4</alignment>
         <input_file_ref idref="fl-16"/>
      </object_component>
      <object_component id="oc-14b">
         <name>.text.Timer_start</name>
         <load_address>0x2000e2f4</load_address>
         <readonly>true</readonly>
         <executable>true</executable>
         <run_address>0x2000e2f4</run_address>
         <size>0x44</size>
         <alignment>0x2</alignment>
         <input_file_ref idref="fl-18"/>
      </object_component>
      <object_component id="oc-7d">
         <name>.text.addToList</name>
         <load_address>0x2000e338</load_address>
         <readonly>true</readonly>
         <executable>true</executable>
         <run_address>0x2000e338</run_address>
         <size>0x44</size>
         <alignment>0x4</alignment>
         <input_file_ref idref="fl-1d"/>
      </object_component>
      <object_component id="oc-114">
         <name>.text.PinModeSet</name>
         <load_address>0x2000e37c</load_address>
         <readonly>true</readonly>
         <executable>true</executable>
         <run_address>0x2000e37c</run_address>
         <size>0x42</size>
         <alignment>0x2</alignment>
         <input_file_ref idref="fl-26"/>
      </object_component>
      <object_component id="oc-1df">
         <name>.text.TimerControlStall</name>
         <load_address>0x2000e3be</load_address>
         <readonly>true</readonly>
         <executable>true</executable>
         <run_address>0x2000e3be</run_address>
         <size>0x42</size>
         <alignment>0x2</alignment>
         <input_file_ref idref="fl-2a"/>
      </object_component>
      <object_component id="oc-197">
         <name>.text.Timer_close</name>
         <load_address>0x2000e400</load_address>
         <readonly>true</readonly>
         <executable>true</executable>
         <run_address>0x2000e400</run_address>
         <size>0x42</size>
         <alignment>0x2</alignment>
         <input_file_ref idref="fl-19"/>
      </object_component>
      <object_component id="oc-1b5">
         <name>.text.getCountsRTC</name>
         <load_address>0x2000e442</load_address>
         <readonly>true</readonly>
         <executable>true</executable>
         <run_address>0x2000e442</run_address>
         <size>0x42</size>
         <alignment>0x2</alignment>
         <input_file_ref idref="fl-1f"/>
      </object_component>
      <object_component id="oc-128">
         <name>.text.SemaphoreP_post</name>
         <load_address>0x2000e484</load_address>
         <readonly>true</readonly>
         <executable>true</executable>
         <run_address>0x2000e484</run_address>
         <size>0x40</size>
         <alignment>0x4</alignment>
         <input_file_ref idref="fl-1c"/>
      </object_component>
      <object_component id="oc-1d2">
         <name>.text.Timer_stop</name>
         <load_address>0x2000e4c4</load_address>
         <readonly>true</readonly>
         <executable>true</executable>
         <run_address>0x2000e4c4</run_address>
         <size>0x40</size>
         <alignment>0x2</alignment>
         <input_file_ref idref="fl-18"/>
      </object_component>
      <object_component id="oc-223">
         <name>.text.PinDirModeSet</name>
         <load_address>0x2000e504</load_address>
         <readonly>true</readonly>
         <executable>true</executable>
         <run_address>0x2000e504</run_address>
         <size>0x3e</size>
         <alignment>0x2</alignment>
         <input_file_ref idref="fl-26"/>
      </object_component>
      <object_component id="oc-56">
         <name>.text.defaultHandler</name>
         <load_address>0x2000e542</load_address>
         <readonly>true</readonly>
         <executable>true</executable>
         <run_address>0x2000e542</run_address>
         <size>0x2</size>
         <alignment>0x2</alignment>
         <input_file_ref idref="fl-20"/>
      </object_component>
      <object_component id="oc-1cd">
         <name>.text.ClockP_stop</name>
         <load_address>0x2000e544</load_address>
         <readonly>true</readonly>
         <executable>true</executable>
         <run_address>0x2000e544</run_address>
         <size>0x3c</size>
         <alignment>0x4</alignment>
         <input_file_ref idref="fl-1d"/>
      </object_component>
      <object_component id="oc-f6">
         <name>.text.gpioButtonFxn0</name>
         <load_address>0x2000e580</load_address>
         <readonly>true</readonly>
         <executable>true</executable>
         <run_address>0x2000e580</run_address>
         <size>0x3c</size>
         <alignment>0x4</alignment>
         <input_file_ref idref="fl-1"/>
      </object_component>
      <object_component id="oc-f4">
         <name>.text.initTimer</name>
         <load_address>0x2000e5bc</load_address>
         <readonly>true</readonly>
         <executable>true</executable>
         <run_address>0x2000e5bc</run_address>
         <size>0x3c</size>
         <alignment>0x4</alignment>
         <input_file_ref idref="fl-1"/>
      </object_component>
      <object_component id="oc-1a1">
         <name>.text.TimerSupport_timerEnable</name>
         <load_address>0x2000e5f8</load_address>
         <readonly>true</readonly>
         <executable>true</executable>
         <run_address>0x2000e5f8</run_address>
         <size>0x3a</size>
         <alignment>0x2</alignment>
         <input_file_ref idref="fl-19"/>
      </object_component>
      <object_component id="oc-55">
         <name>.text.faultISR</name>
         <load_address>0x2000e632</load_address>
         <readonly>true</readonly>
         <executable>true</executable>
         <run_address>0x2000e632</run_address>
         <size>0x2</size>
         <alignment>0x2</alignment>
         <input_file_ref idref="fl-20"/>
      </object_component>
      <object_component id="oc-180">
         <name>.text.ClockP_destruct</name>
         <load_address>0x2000e634</load_address>
         <readonly>true</readonly>
         <executable>true</executable>
         <run_address>0x2000e634</run_address>
         <size>0x38</size>
         <alignment>0x4</alignment>
         <input_file_ref idref="fl-1d"/>
      </object_component>
      <object_component id="oc-1e4">
         <name>.text.Power_setConstraint</name>
         <load_address>0x2000e66c</load_address>
         <readonly>true</readonly>
         <executable>true</executable>
         <run_address>0x2000e66c</run_address>
         <size>0x38</size>
         <alignment>0x4</alignment>
         <input_file_ref idref="fl-16"/>
      </object_component>
      <object_component id="oc-1c6">
         <name>.text.SwiP_restore</name>
         <load_address>0x2000e6a4</load_address>
         <readonly>true</readonly>
         <executable>true</executable>
         <run_address>0x2000e6a4</run_address>
         <size>0x38</size>
         <alignment>0x4</alignment>
         <input_file_ref idref="fl-21"/>
      </object_component>
      <object_component id="oc-bf">
         <name>.text:__TI_auto_init_nobinit_nopinit</name>
         <load_address>0x2000e6dc</load_address>
         <readonly>true</readonly>
         <executable>true</executable>
         <run_address>0x2000e6dc</run_address>
         <size>0x38</size>
         <alignment>0x4</alignment>
         <input_file_ref idref="fl-3e"/>
      </object_component>
      <object_component id="oc-1ff">
         <name>.text.PinLock</name>
         <load_address>0x2000e714</load_address>
         <readonly>true</readonly>
         <executable>true</executable>
         <run_address>0x2000e714</run_address>
         <size>0x36</size>
         <alignment>0x2</alignment>
         <input_file_ref idref="fl-26"/>
      </object_component>
      <object_component id="oc-19e">
         <name>.text.TimerCC32XX_hwiIntFunction</name>
         <load_address>0x2000e74a</load_address>
         <readonly>true</readonly>
         <executable>true</executable>
         <run_address>0x2000e74a</run_address>
         <size>0x36</size>
         <alignment>0x2</alignment>
         <input_file_ref idref="fl-19"/>
      </object_component>
      <object_component id="oc-17d">
         <name>.text.ClockP_start</name>
         <load_address>0x2000e780</load_address>
         <readonly>true</readonly>
         <executable>true</executable>
         <run_address>0x2000e780</run_address>
         <size>0x34</size>
         <alignment>0x4</alignment>
         <input_file_ref idref="fl-1d"/>
      </object_component>
      <object_component id="oc-222">
         <name>.text.PinDirModeGet</name>
         <load_address>0x2000e7b4</load_address>
         <readonly>true</readonly>
         <executable>true</executable>
         <run_address>0x2000e7b4</run_address>
         <size>0x34</size>
         <alignment>0x2</alignment>
         <input_file_ref idref="fl-26"/>
      </object_component>
      <object_component id="oc-10f">
         <name>.text.PinModeGet</name>
         <load_address>0x2000e7e8</load_address>
         <readonly>true</readonly>
         <executable>true</executable>
         <run_address>0x2000e7e8</run_address>
         <size>0x34</size>
         <alignment>0x2</alignment>
         <input_file_ref idref="fl-26"/>
      </object_component>
      <object_component id="oc-1fc">
         <name>.text.PowerCC32XX_parkPin</name>
         <load_address>0x2000e81c</load_address>
         <readonly>true</readonly>
         <executable>true</executable>
         <run_address>0x2000e81c</run_address>
         <size>0x34</size>
         <alignment>0x2</alignment>
         <input_file_ref idref="fl-16"/>
      </object_component>
      <object_component id="oc-1d7">
         <name>.text.TimerCC32XX_freeTimerResource</name>
         <load_address>0x2000e850</load_address>
         <readonly>true</readonly>
         <executable>true</executable>
         <run_address>0x2000e850</run_address>
         <size>0x34</size>
         <alignment>0x4</alignment>
         <input_file_ref idref="fl-19"/>
      </object_component>
      <object_component id="oc-4f">
         <name>.text.initVectors</name>
         <load_address>0x2000e884</load_address>
         <readonly>true</readonly>
         <executable>true</executable>
         <run_address>0x2000e884</run_address>
         <size>0x34</size>
         <alignment>0x4</alignment>
         <input_file_ref idref="fl-20"/>
      </object_component>
      <object_component id="oc-1b2">
         <name>.text.ClockP_getTicksUntilInterrupt</name>
         <load_address>0x2000e8b8</load_address>
         <readonly>true</readonly>
         <executable>true</executable>
         <run_address>0x2000e8b8</run_address>
         <size>0x30</size>
         <alignment>0x4</alignment>
         <input_file_ref idref="fl-1d"/>
      </object_component>
      <object_component id="oc-1bf">
         <name>.text.PRCMLPDSIntervalSet</name>
         <load_address>0x2000e8e8</load_address>
         <readonly>true</readonly>
         <executable>true</executable>
         <run_address>0x2000e8e8</run_address>
         <size>0x30</size>
         <alignment>0x2</alignment>
         <input_file_ref idref="fl-27"/>
      </object_component>
      <object_component id="oc-1f2">
         <name>.text.PRCMSlowClkCtrFastGet</name>
         <load_address>0x2000e918</load_address>
         <readonly>true</readonly>
         <executable>true</executable>
         <run_address>0x2000e918</run_address>
         <size>0x30</size>
         <alignment>0x2</alignment>
         <input_file_ref idref="fl-27"/>
      </object_component>
      <object_component id="oc-1de">
         <name>.text.TimerLoadSet</name>
         <load_address>0x2000e948</load_address>
         <readonly>true</readonly>
         <executable>true</executable>
         <run_address>0x2000e948</run_address>
         <size>0x30</size>
         <alignment>0x2</alignment>
         <input_file_ref idref="fl-2a"/>
      </object_component>
      <object_component id="oc-1dd">
         <name>.text.TimerPrescaleSet</name>
         <load_address>0x2000e978</load_address>
         <readonly>true</readonly>
         <executable>true</executable>
         <run_address>0x2000e978</run_address>
         <size>0x30</size>
         <alignment>0x2</alignment>
         <input_file_ref idref="fl-2a"/>
      </object_component>
      <object_component id="oc-1fa">
         <name>.text.notify</name>
         <load_address>0x2000e9a8</load_address>
         <readonly>true</readonly>
         <executable>true</executable>
         <run_address>0x2000e9a8</run_address>
         <size>0x30</size>
         <alignment>0x4</alignment>
         <input_file_ref idref="fl-16"/>
      </object_component>
      <object_component id="oc-1a8">
         <name>.text.GPIOIntStatus</name>
         <load_address>0x2000e9d8</load_address>
         <readonly>true</readonly>
         <executable>true</executable>
         <run_address>0x2000e9d8</run_address>
         <size>0x2e</size>
         <alignment>0x2</alignment>
         <input_file_ref idref="fl-23"/>
      </object_component>
      <object_component id="oc-150">
         <name>.text.HwiP_create</name>
         <load_address>0x2000ea06</load_address>
         <readonly>true</readonly>
         <executable>true</executable>
         <run_address>0x2000ea06</run_address>
         <size>0x2a</size>
         <alignment>0x2</alignment>
         <input_file_ref idref="fl-1e"/>
      </object_component>
      <object_component id="oc-16a">
         <name>.text.PRCMLPDSWakeUpGPIOSelect</name>
         <load_address>0x2000ea30</load_address>
         <readonly>true</readonly>
         <executable>true</executable>
         <run_address>0x2000ea30</run_address>
         <size>0x2a</size>
         <alignment>0x2</alignment>
         <input_file_ref idref="fl-27"/>
      </object_component>
      <object_component id="oc-10e">
         <name>.text.PRCMPeripheralClkDisable</name>
         <load_address>0x2000ea5a</load_address>
         <readonly>true</readonly>
         <executable>true</executable>
         <run_address>0x2000ea5a</run_address>
         <size>0x2a</size>
         <alignment>0x2</alignment>
         <input_file_ref idref="fl-27"/>
      </object_component>
      <object_component id="oc-20f">
         <name>.text.List_remove</name>
         <load_address>0x2000ea84</load_address>
         <readonly>true</readonly>
         <executable>true</executable>
         <run_address>0x2000ea84</run_address>
         <size>0x28</size>
         <alignment>0x2</alignment>
         <input_file_ref idref="fl-1a"/>
      </object_component>
      <object_component id="oc-1fb">
         <name>.text.PRCMSRAMRetentionEnable</name>
         <load_address>0x2000eaac</load_address>
         <readonly>true</readonly>
         <executable>true</executable>
         <run_address>0x2000eaac</run_address>
         <size>0x28</size>
         <alignment>0x2</alignment>
         <input_file_ref idref="fl-27"/>
      </object_component>
      <object_component id="oc-20e">
         <name>.text.TimerSupport_timerDisable</name>
         <load_address>0x2000ead4</load_address>
         <readonly>true</readonly>
         <executable>true</executable>
         <run_address>0x2000ead4</run_address>
         <size>0x28</size>
         <alignment>0x2</alignment>
         <input_file_ref idref="fl-19"/>
      </object_component>
      <object_component id="oc-1cc">
         <name>.text.free_list_insert</name>
         <load_address>0x2000eafc</load_address>
         <readonly>true</readonly>
         <executable>true</executable>
         <run_address>0x2000eafc</run_address>
         <size>0x28</size>
         <alignment>0x4</alignment>
         <input_file_ref idref="fl-3b"/>
      </object_component>
      <object_component id="oc-230">
         <name>.text.IntUnregister</name>
         <load_address>0x2000eb24</load_address>
         <readonly>true</readonly>
         <executable>true</executable>
         <run_address>0x2000eb24</run_address>
         <size>0x24</size>
         <alignment>0x2</alignment>
         <input_file_ref idref="fl-25"/>
      </object_component>
      <object_component id="oc-182">
         <name>.text.List_put</name>
         <load_address>0x2000eb48</load_address>
         <readonly>true</readonly>
         <executable>true</executable>
         <run_address>0x2000eb48</run_address>
         <size>0x24</size>
         <alignment>0x2</alignment>
         <input_file_ref idref="fl-1a"/>
      </object_component>
      <object_component id="oc-168">
         <name>.text.PRCMLPDSWakeupSourceEnable</name>
         <load_address>0x2000eb6c</load_address>
         <readonly>true</readonly>
         <executable>true</executable>
         <run_address>0x2000eb6c</run_address>
         <size>0x24</size>
         <alignment>0x2</alignment>
         <input_file_ref idref="fl-27"/>
      </object_component>
      <object_component id="oc-206">
         <name>.text.PowerCC32XX_restoreParkedPin</name>
         <load_address>0x2000eb90</load_address>
         <readonly>true</readonly>
         <executable>true</executable>
         <run_address>0x2000eb90</run_address>
         <size>0x24</size>
         <alignment>0x2</alignment>
         <input_file_ref idref="fl-16"/>
      </object_component>
      <object_component id="oc-127">
         <name>.text.Power_registerNotify</name>
         <load_address>0x2000ebb4</load_address>
         <readonly>true</readonly>
         <executable>true</executable>
         <run_address>0x2000ebb4</run_address>
         <size>0x24</size>
         <alignment>0x4</alignment>
         <input_file_ref idref="fl-16"/>
      </object_component>
      <object_component id="oc-76">
         <name>.text:_c_int00_noargs</name>
         <load_address>0x2000ebd8</load_address>
         <readonly>true</readonly>
         <executable>true</executable>
         <run_address>0x2000ebd8</run_address>
         <size>0x24</size>
         <alignment>0x4</alignment>
         <input_file_ref idref="fl-3c"/>
      </object_component>
      <object_component id="oc-134">
         <name>.text.GPIOPinWrite</name>
         <load_address>0x2000ebfc</load_address>
         <readonly>true</readonly>
         <executable>true</executable>
         <run_address>0x2000ebfc</run_address>
         <size>0x22</size>
         <alignment>0x2</alignment>
         <input_file_ref idref="fl-23"/>
      </object_component>
      <object_component id="oc-205">
         <name>.text.PinUnlock</name>
         <load_address>0x2000ec1e</load_address>
         <readonly>true</readonly>
         <executable>true</executable>
         <run_address>0x2000ec1e</run_address>
         <size>0x22</size>
         <alignment>0x2</alignment>
         <input_file_ref idref="fl-26"/>
      </object_component>
      <object_component id="oc-1e7">
         <name>.text.IntRegister</name>
         <load_address>0x2000ec40</load_address>
         <readonly>true</readonly>
         <executable>true</executable>
         <run_address>0x2000ec40</run_address>
         <size>0x20</size>
         <alignment>0x2</alignment>
         <input_file_ref idref="fl-25"/>
      </object_component>
      <object_component id="oc-1d3">
         <name>.text.Power_unregisterNotify</name>
         <load_address>0x2000ec60</load_address>
         <readonly>true</readonly>
         <executable>true</executable>
         <run_address>0x2000ec60</run_address>
         <size>0x20</size>
         <alignment>0x4</alignment>
         <input_file_ref idref="fl-16"/>
      </object_component>
      <object_component id="oc-195">
         <name>.text.SemaphoreP_constructBinary</name>
         <load_address>0x2000ec80</load_address>
         <readonly>true</readonly>
         <executable>true</executable>
         <run_address>0x2000ec80</run_address>
         <size>0x20</size>
         <alignment>0x4</alignment>
         <input_file_ref idref="fl-1c"/>
      </object_component>
      <object_component id="oc-11d">
         <name>.text.SemaphoreP_createBinary</name>
         <load_address>0x2000eca0</load_address>
         <readonly>true</readonly>
         <executable>true</executable>
         <run_address>0x2000eca0</run_address>
         <size>0x20</size>
         <alignment>0x4</alignment>
         <input_file_ref idref="fl-1c"/>
      </object_component>
      <object_component id="oc-1d8">
         <name>.text.TimerDisable</name>
         <load_address>0x2000ecc0</load_address>
         <readonly>true</readonly>
         <executable>true</executable>
         <run_address>0x2000ecc0</run_address>
         <size>0x20</size>
         <alignment>0x2</alignment>
         <input_file_ref idref="fl-2a"/>
      </object_component>
      <object_component id="oc-ee">
         <name>.text.GPIO_setCallback</name>
         <load_address>0x2000ece0</load_address>
         <readonly>true</readonly>
         <executable>true</executable>
         <run_address>0x2000ece0</run_address>
         <size>0x1c</size>
         <alignment>0x4</alignment>
         <input_file_ref idref="fl-14"/>
      </object_component>
      <object_component id="oc-1ec">
         <name>.text.HwiP_dispatch</name>
         <load_address>0x2000ecfc</load_address>
         <readonly>true</readonly>
         <executable>true</executable>
         <run_address>0x2000ecfc</run_address>
         <size>0x1c</size>
         <alignment>0x4</alignment>
         <input_file_ref idref="fl-1e"/>
      </object_component>
      <object_component id="oc-1ab">
         <name>.text.SwiP_disable</name>
         <load_address>0x2000ed18</load_address>
         <readonly>true</readonly>
         <executable>true</executable>
         <run_address>0x2000ed18</run_address>
         <size>0x1c</size>
         <alignment>0x4</alignment>
         <input_file_ref idref="fl-21"/>
      </object_component>
      <object_component id="oc-1cb">
         <name>.text.free_list_remove</name>
         <load_address>0x2000ed34</load_address>
         <readonly>true</readonly>
         <executable>true</executable>
         <run_address>0x2000ed34</run_address>
         <size>0x1c</size>
         <alignment>0x4</alignment>
         <input_file_ref idref="fl-3b"/>
      </object_component>
      <object_component id="oc-1d0">
         <name>.text.getPowerMgrId</name>
         <load_address>0x2000ed50</load_address>
         <readonly>true</readonly>
         <executable>true</executable>
         <run_address>0x2000ed50</run_address>
         <size>0x1c</size>
         <alignment>0x4</alignment>
         <input_file_ref idref="fl-19"/>
      </object_component>
      <object_component id="oc-21">
         <name>.text.resetISR</name>
         <load_address>0x2000ed6c</load_address>
         <readonly>true</readonly>
         <executable>true</executable>
         <run_address>0x2000ed6c</run_address>
         <size>0x1c</size>
         <alignment>0x2</alignment>
         <input_file_ref idref="fl-20"/>
      </object_component>
      <object_component id="oc-1ed">
         <name>.text.GPIOIntDisable</name>
         <load_address>0x2000ed88</load_address>
         <readonly>true</readonly>
         <executable>true</executable>
         <run_address>0x2000ed88</run_address>
         <size>0x1a</size>
         <alignment>0x2</alignment>
         <input_file_ref idref="fl-23"/>
      </object_component>
      <object_component id="oc-10b">
         <name>.text.PRCMHIBRegRead</name>
         <load_address>0x2000eda2</load_address>
         <readonly>true</readonly>
         <executable>true</executable>
         <run_address>0x2000eda2</run_address>
         <size>0x1a</size>
         <alignment>0x2</alignment>
         <input_file_ref idref="fl-27"/>
      </object_component>
      <object_component id="oc-10a">
         <name>.text.PRCMHIBRegWrite</name>
         <load_address>0x2000edbc</load_address>
         <readonly>true</readonly>
         <executable>true</executable>
         <run_address>0x2000edbc</run_address>
         <size>0x1a</size>
         <alignment>0x2</alignment>
         <input_file_ref idref="fl-27"/>
      </object_component>
      <object_component id="oc-169">
         <name>.text.PRCMLPDSWakeupSourceDisable</name>
         <load_address>0x2000edd6</load_address>
         <readonly>true</readonly>
         <executable>true</executable>
         <run_address>0x2000edd6</run_address>
         <size>0x1a</size>
         <alignment>0x2</alignment>
         <input_file_ref idref="fl-27"/>
      </object_component>
      <object_component id="oc-1fe">
         <name>.text.PinToPadGet</name>
         <load_address>0x2000edf0</load_address>
         <readonly>true</readonly>
         <executable>true</executable>
         <run_address>0x2000edf0</run_address>
         <size>0x1a</size>
         <alignment>0x2</alignment>
         <input_file_ref idref="fl-26"/>
      </object_component>
      <object_component id="oc-1e5">
         <name>.text.TimerEnable</name>
         <load_address>0x2000ee0a</load_address>
         <readonly>true</readonly>
         <executable>true</executable>
         <run_address>0x2000ee0a</run_address>
         <size>0x1a</size>
         <alignment>0x2</alignment>
         <input_file_ref idref="fl-2a"/>
      </object_component>
      <object_component id="oc-13d">
         <name>.text.GPIOIntEnable</name>
         <load_address>0x2000ee24</load_address>
         <readonly>true</readonly>
         <executable>true</executable>
         <run_address>0x2000ee24</run_address>
         <size>0x18</size>
         <alignment>0x2</alignment>
         <input_file_ref idref="fl-23"/>
      </object_component>
      <object_component id="oc-176">
         <name>.text.SemaphoreP_create</name>
         <load_address>0x2000ee3c</load_address>
         <readonly>true</readonly>
         <executable>true</executable>
         <run_address>0x2000ee3c</run_address>
         <size>0x18</size>
         <alignment>0x2</alignment>
         <input_file_ref idref="fl-1c"/>
      </object_component>
      <object_component id="oc-a6">
         <name>.text.Board_init</name>
         <load_address>0x2000ee54</load_address>
         <readonly>true</readonly>
         <executable>true</executable>
         <run_address>0x2000ee54</run_address>
         <size>0x16</size>
         <alignment>0x2</alignment>
         <input_file_ref idref="fl-2"/>
      </object_component>
      <object_component id="oc-1c2">
         <name>.text.SysTickPeriodSet</name>
         <load_address>0x2000ee6a</load_address>
         <readonly>true</readonly>
         <executable>true</executable>
         <run_address>0x2000ee6a</run_address>
         <size>0x16</size>
         <alignment>0x2</alignment>
         <input_file_ref idref="fl-29"/>
      </object_component>
      <object_component id="oc-22c">
         <name>.text.TimerIntDisable</name>
         <load_address>0x2000ee80</load_address>
         <readonly>true</readonly>
         <executable>true</executable>
         <run_address>0x2000ee80</run_address>
         <size>0x16</size>
         <alignment>0x2</alignment>
         <input_file_ref idref="fl-2a"/>
      </object_component>
      <object_component id="oc-6c">
         <name>.text.CPUcpsid</name>
         <load_address>0x2000ee96</load_address>
         <readonly>true</readonly>
         <executable>true</executable>
         <run_address>0x2000ee96</run_address>
         <size>0x14</size>
         <alignment>0x2</alignment>
         <input_file_ref idref="fl-22"/>
      </object_component>
      <object_component id="oc-18e">
         <name>.text.CPUcpsie</name>
         <load_address>0x2000eeaa</load_address>
         <readonly>true</readonly>
         <executable>true</executable>
         <run_address>0x2000eeaa</run_address>
         <size>0x14</size>
         <alignment>0x2</alignment>
         <input_file_ref idref="fl-22"/>
      </object_component>
      <object_component id="oc-211">
         <name>.text.HwiP_destruct</name>
         <load_address>0x2000eebe</load_address>
         <readonly>true</readonly>
         <executable>true</executable>
         <run_address>0x2000eebe</run_address>
         <size>0x14</size>
         <alignment>0x2</alignment>
         <input_file_ref idref="fl-1e"/>
      </object_component>
      <object_component id="oc-73">
         <name>.text.IntVTableBaseSet</name>
         <load_address>0x2000eed2</load_address>
         <readonly>true</readonly>
         <executable>true</executable>
         <run_address>0x2000eed2</run_address>
         <size>0x14</size>
         <alignment>0x2</alignment>
         <input_file_ref idref="fl-25"/>
      </object_component>
      <object_component id="oc-54">
         <name>.text.nmiISR</name>
         <load_address>0x2000eee6</load_address>
         <readonly>true</readonly>
         <executable>true</executable>
         <run_address>0x2000eee6</run_address>
         <size>0x2</size>
         <alignment>0x2</alignment>
         <input_file_ref idref="fl-20"/>
      </object_component>
      <object_component id="oc-189">
         <name>.text.Power_disablePolicy</name>
         <load_address>0x2000eee8</load_address>
         <readonly>true</readonly>
         <executable>true</executable>
         <run_address>0x2000eee8</run_address>
         <size>0x14</size>
         <alignment>0x4</alignment>
         <input_file_ref idref="fl-16"/>
      </object_component>
      <object_component id="oc-1b3">
         <name>.text.Power_getTransitionLatency</name>
         <load_address>0x2000eefc</load_address>
         <readonly>true</readonly>
         <executable>true</executable>
         <run_address>0x2000eefc</run_address>
         <size>0x14</size>
         <alignment>0x4</alignment>
         <input_file_ref idref="fl-16"/>
      </object_component>
      <object_component id="oc-1ca">
         <name>.text.Power_idleFunc</name>
         <load_address>0x2000ef10</load_address>
         <readonly>true</readonly>
         <executable>true</executable>
         <run_address>0x2000ef10</run_address>
         <size>0x14</size>
         <alignment>0x4</alignment>
         <input_file_ref idref="fl-16"/>
      </object_component>
      <object_component id="oc-1e3">
         <name>.text.TimerIntEnable</name>
         <load_address>0x2000ef24</load_address>
         <readonly>true</readonly>
         <executable>true</executable>
         <run_address>0x2000ef24</run_address>
         <size>0x14</size>
         <alignment>0x2</alignment>
         <input_file_ref idref="fl-2a"/>
      </object_component>
      <object_component id="oc-1b6">
         <name>.text.__aeabi_uldivmod</name>
         <load_address>0x2000ef38</load_address>
         <readonly>true</readonly>
         <executable>true</executable>
         <run_address>0x2000ef38</run_address>
         <size>0x14</size>
         <alignment>0x4</alignment>
         <input_file_ref idref="fl-ae"/>
      </object_component>
      <object_component id="oc-17c">
         <name>.text.ClockP_add</name>
         <load_address>0x2000ef4c</load_address>
         <readonly>true</readonly>
         <executable>true</executable>
         <run_address>0x2000ef4c</run_address>
         <size>0x12</size>
         <alignment>0x2</alignment>
         <input_file_ref idref="fl-1d"/>
      </object_component>
      <object_component id="oc-1a7">
         <name>.text.GPIOIntClear</name>
         <load_address>0x2000ef5e</load_address>
         <readonly>true</readonly>
         <executable>true</executable>
         <run_address>0x2000ef5e</run_address>
         <size>0x12</size>
         <alignment>0x2</alignment>
         <input_file_ref idref="fl-23"/>
      </object_component>
      <object_component id="oc-14f">
         <name>.text.HwiP_Params_init</name>
         <load_address>0x2000ef70</load_address>
         <readonly>true</readonly>
         <executable>true</executable>
         <run_address>0x2000ef70</run_address>
         <size>0x12</size>
         <alignment>0x2</alignment>
         <input_file_ref idref="fl-1e"/>
      </object_component>
      <object_component id="oc-1d5">
         <name>.text.HwiP_delete</name>
         <load_address>0x2000ef82</load_address>
         <readonly>true</readonly>
         <executable>true</executable>
         <run_address>0x2000ef82</run_address>
         <size>0x12</size>
         <alignment>0x2</alignment>
         <input_file_ref idref="fl-1e"/>
      </object_component>
      <object_component id="oc-1c3">
         <name>.text.SysTickEnable</name>
         <load_address>0x2000ef94</load_address>
         <readonly>true</readonly>
         <executable>true</executable>
         <run_address>0x2000ef94</run_address>
         <size>0x12</size>
         <alignment>0x2</alignment>
         <input_file_ref idref="fl-29"/>
      </object_component>
      <object_component id="oc-1ba">
         <name>.text.SysTickIntDisable</name>
         <load_address>0x2000efa6</load_address>
         <readonly>true</readonly>
         <executable>true</executable>
         <run_address>0x2000efa6</run_address>
         <size>0x12</size>
         <alignment>0x2</alignment>
         <input_file_ref idref="fl-29"/>
      </object_component>
      <object_component id="oc-1c4">
         <name>.text.SysTickIntEnable</name>
         <load_address>0x2000efb8</load_address>
         <readonly>true</readonly>
         <executable>true</executable>
         <run_address>0x2000efb8</run_address>
         <size>0x12</size>
         <alignment>0x2</alignment>
         <input_file_ref idref="fl-29"/>
      </object_component>
      <object_component id="oc-81">
         <name>.text:TI_memcpy_small</name>
         <load_address>0x2000efca</load_address>
         <readonly>true</readonly>
         <executable>true</executable>
         <run_address>0x2000efca</run_address>
         <size>0x12</size>
         <alignment>0x1</alignment>
         <input_file_ref idref="fl-b1"/>
      </object_component>
      <object_component id="oc-43">
         <name>.text:decompress:ZI:__TI_zero_init_nomemset</name>
         <load_address>0x2000efdc</load_address>
         <readonly>true</readonly>
         <executable>true</executable>
         <run_address>0x2000efdc</run_address>
         <size>0x12</size>
         <alignment>0x2</alignment>
         <input_file_ref idref="fl-41"/>
      </object_component>
      <object_component id="oc-196">
         <name>.text.ClockP_getCpuFreq</name>
         <load_address>0x2000eff0</load_address>
         <readonly>true</readonly>
         <executable>true</executable>
         <run_address>0x2000eff0</run_address>
         <size>0x10</size>
         <alignment>0x4</alignment>
         <input_file_ref idref="fl-1d"/>
      </object_component>
      <object_component id="oc-1b4">
         <name>.text.ClockP_getSystemTicks</name>
         <load_address>0x2000f000</load_address>
         <readonly>true</readonly>
         <executable>true</executable>
         <run_address>0x2000f000</run_address>
         <size>0x10</size>
         <alignment>0x4</alignment>
         <input_file_ref idref="fl-1d"/>
      </object_component>
      <object_component id="oc-1c1">
         <name>.text.ClockP_setTicks</name>
         <load_address>0x2000f010</load_address>
         <readonly>true</readonly>
         <executable>true</executable>
         <run_address>0x2000f010</run_address>
         <size>0x10</size>
         <alignment>0x4</alignment>
         <input_file_ref idref="fl-1d"/>
      </object_component>
      <object_component id="oc-188">
         <name>.text.HwiP_inISR</name>
         <load_address>0x2000f020</load_address>
         <readonly>true</readonly>
         <executable>true</executable>
         <run_address>0x2000f020</run_address>
         <size>0x10</size>
         <alignment>0x4</alignment>
         <input_file_ref idref="fl-1e"/>
      </object_component>
      <object_component id="oc-17f">
         <name>.text.Power_enablePolicy</name>
         <load_address>0x2000f030</load_address>
         <readonly>true</readonly>
         <executable>true</executable>
         <run_address>0x2000f030</run_address>
         <size>0x10</size>
         <alignment>0x4</alignment>
         <input_file_ref idref="fl-16"/>
      </object_component>
      <object_component id="oc-1e2">
         <name>.text.TimerIntClear</name>
         <load_address>0x2000f040</load_address>
         <readonly>true</readonly>
         <executable>true</executable>
         <run_address>0x2000f040</run_address>
         <size>0x10</size>
         <alignment>0x2</alignment>
         <input_file_ref idref="fl-2a"/>
      </object_component>
      <object_component id="oc-143">
         <name>.text.Timer_Params_init</name>
         <load_address>0x2000f050</load_address>
         <readonly>true</readonly>
         <executable>true</executable>
         <run_address>0x2000f050</run_address>
         <size>0x10</size>
         <alignment>0x4</alignment>
         <input_file_ref idref="fl-18"/>
      </object_component>
      <object_component id="oc-8f">
         <name>.text.main</name>
         <load_address>0x2000f060</load_address>
         <readonly>true</readonly>
         <executable>true</executable>
         <run_address>0x2000f060</run_address>
         <size>0x10</size>
         <alignment>0x2</alignment>
         <input_file_ref idref="fl-3"/>
      </object_component>
      <object_component id="oc-1c">
         <name>.text:decompress:none</name>
         <load_address>0x2000f070</load_address>
         <readonly>true</readonly>
         <executable>true</executable>
         <run_address>0x2000f070</run_address>
         <size>0xe</size>
         <alignment>0x2</alignment>
         <input_file_ref idref="fl-42"/>
      </object_component>
      <object_component id="oc-20b">
         <name>.text.CPUwfi</name>
         <load_address>0x2000f07e</load_address>
         <readonly>true</readonly>
         <executable>true</executable>
         <run_address>0x2000f07e</run_address>
         <size>0xc</size>
         <alignment>0x2</alignment>
         <input_file_ref idref="fl-22"/>
      </object_component>
      <object_component id="oc-207">
         <name>.text.PRCMLPDSWakeupCauseGet</name>
         <load_address>0x2000f08a</load_address>
         <readonly>true</readonly>
         <executable>true</executable>
         <run_address>0x2000f08a</run_address>
         <size>0xc</size>
         <alignment>0x2</alignment>
         <input_file_ref idref="fl-27"/>
      </object_component>
      <object_component id="oc-1b1">
         <name>.text.Power_getConstraintMask</name>
         <load_address>0x2000f098</load_address>
         <readonly>true</readonly>
         <executable>true</executable>
         <run_address>0x2000f098</run_address>
         <size>0xc</size>
         <alignment>0x4</alignment>
         <input_file_ref idref="fl-16"/>
      </object_component>
      <object_component id="oc-19d">
         <name>.text.postNotifyFxn</name>
         <load_address>0x2000f0a4</load_address>
         <readonly>true</readonly>
         <executable>true</executable>
         <run_address>0x2000f0a4</run_address>
         <size>0xc</size>
         <alignment>0x2</alignment>
         <input_file_ref idref="fl-19"/>
      </object_component>
      <object_component id="oc-17e">
         <name>.text.ClockP_isActive</name>
         <load_address>0x2000f0b0</load_address>
         <readonly>true</readonly>
         <executable>true</executable>
         <run_address>0x2000f0b0</run_address>
         <size>0xa</size>
         <alignment>0x2</alignment>
         <input_file_ref idref="fl-1d"/>
      </object_component>
      <object_component id="oc-4a">
         <name>.text.IntMasterDisable</name>
         <load_address>0x2000f0ba</load_address>
         <readonly>true</readonly>
         <executable>true</executable>
         <run_address>0x2000f0ba</run_address>
         <size>0xa</size>
         <alignment>0x2</alignment>
         <input_file_ref idref="fl-25"/>
      </object_component>
      <object_component id="oc-130">
         <name>.text.IntMasterEnable</name>
         <load_address>0x2000f0c4</load_address>
         <readonly>true</readonly>
         <executable>true</executable>
         <run_address>0x2000f0c4</run_address>
         <size>0xa</size>
         <alignment>0x2</alignment>
         <input_file_ref idref="fl-25"/>
      </object_component>
      <object_component id="oc-123">
         <name>.text.HwiP_disable</name>
         <load_address>0x2000f0ce</load_address>
[...]
         <name>ClockP_getSystemTicks</name>
         <value>0x2000f001</value>
         <object_component_ref idref="oc-1b4"/>
      </symbol>
      <symbol id="sm-1d2">
         <name>ClockP_getTicksUntilInterrupt</name>
         <value>0x2000e8b9</value>
         <object_component_ref idref="oc-1b2"/>
      </symbol>
      <symbol id="sm-1d3">
         <name>ClockP_isActive</name>
         <value>0x2000f0b1</value>
         <object_component_ref idref="oc-17e"/>
      </symbol>
      <symbol id="sm-1d4">
         <name>ClockP_setTicks</name>
         <value>0x2000f011</value>
         <object_component_ref idref="oc-1c1"/>
      </symbol>
      <symbol id="sm-1d5">
         <name>ClockP_tickPeriod</name>
         <value>0x2000f7a4</value>
         <object_component_ref idref="oc-1c8"/>
      </symbol>
      <symbol id="sm-1fa">
         <name>HwiP_enable</name>
         <value>0x2000f0ff</value>
         <object_component_ref idref="oc-e5"/>
      </symbol>
      <symbol id="sm-1fb">
         <name>HwiP_disable</name>
         <value>0x2000f0cf</value>
         <object_component_ref idref="oc-123"/>
      </symbol>
      <symbol id="sm-1fc">
         <name>HwiP_restore</name>
         <value>0x2000f0d7</value>
         <object_component_ref idref="oc-124"/>
      </symbol>
      <symbol id="sm-1fd">
         <name>HwiP_clearInterrupt</name>
         <value>0x2000f0fb</value>
         <object_component_ref idref="oc-1d4"/>
      </symbol>
      <symbol id="sm-1fe">
         <name>HwiP_destruct</name>
         <value>0x2000eebf</value>
         <object_component_ref idref="oc-211"/>
      </symbol>
      <symbol id="sm-1ff">
         <name>HwiP_delete</name>
         <value>0x2000ef83</value>
         <object_component_ref idref="oc-1d5"/>
      </symbol>
      <symbol id="sm-200">
         <name>HwiP_dispatch</name>
         <value>0x2000ecfd</value>
         <object_component_ref idref="oc-1ec"/>
      </symbol>
      <symbol id="sm-201">
         <name>HwiP_construct</name>
         <value>0x2000d649</value>
         <object_component_ref idref="oc-1a4"/>
      </symbol>
      <symbol id="sm-202">
         <name>HwiP_swiPIntNum</name>
         <value>0x2000f7a8</value>
         <object_component_ref idref="oc-1ea"/>
      </symbol>
      <symbol id="sm-203">
         <name>HwiP_Params_init</name>
         <value>0x2000ef71</value>
         <object_component_ref idref="oc-14f"/>
      </symbol>
      <symbol id="sm-204">
         <name>HwiP_create</name>
         <value>0x2000ea07</value>
         <object_component_ref idref="oc-150"/>
      </symbol>
      <symbol id="sm-205">
         <name>HwiP_post</name>
         <value>0x2000f103</value>
         <object_component_ref idref="oc-20c"/>
      </symbol>
      <symbol id="sm-206">
         <name>HwiP_inISR</name>
         <value>0x2000f021</value>
         <object_component_ref idref="oc-188"/>
      </symbol>
      <symbol id="sm-216">
         <name>PowerCC32XX_initPolicy</name>
         <value>0x2000d427</value>
         <object_component_ref idref="oc-16e"/>
      </symbol>
      <symbol id="sm-217">
         <name>PowerCC32XX_sleepPolicy</name>
         <value>0x2000c8dd</value>
         <object_component_ref idref="oc-173"/>
      </symbol>
      <symbol id="sm-234">
         <name>resetISR</name>
         <value>0x2000ed6d</value>
         <object_component_ref idref="oc-21"/>
      </symbol>
      <symbol id="sm-235">
         <name>initVectors</name>
         <value>0x2000e885</value>
         <object_component_ref idref="oc-4f"/>
      </symbol>
      <symbol id="sm-24a">
         <name>SwiP_disable</name>
         <value>0x2000ed19</value>
         <object_component_ref idref="oc-1ab"/>
      </symbol>
      <symbol id="sm-24b">
         <name>SwiP_restore</name>
         <value>0x2000e6a5</value>
         <object_component_ref idref="oc-1c6"/>
      </symbol>
      <symbol id="sm-262">
         <name>CPUcpsid</name>
         <value>0x2000ee97</value>
         <object_component_ref idref="oc-6c"/>
      </symbol>
      <symbol id="sm-263">
         <name>CPUcpsie</name>
         <value>0x2000eeab</value>
         <object_component_ref idref="oc-18e"/>
      </symbol>
      <symbol id="sm-264">
         <name>CPUwfi</name>
         <value>0x2000f07f</value>
         <object_component_ref idref="oc-20b"/>
      </symbol>
      <symbol id="sm-29d">
         <name>GPIODirModeSet</name>
         <value>0x2000e1e3</value>
         <object_component_ref idref="oc-151"/>
      </symbol>
      <symbol id="sm-29e">
         <name>GPIOIntClear</name>
         <value>0x2000ef5f</value>
         <object_component_ref idref="oc-1a7"/>
      </symbol>
      <symbol id="sm-29f">
         <name>GPIOIntDisable</name>
         <value>0x2000ed89</value>
         <object_component_ref idref="oc-1ed"/>
      </symbol>
      <symbol id="sm-2a0">
         <name>GPIOIntEnable</name>
         <value>0x2000ee25</value>
         <object_component_ref idref="oc-13d"/>
      </symbol>
      <symbol id="sm-2a1">
         <name>GPIOIntStatus</name>
         <value>0x2000e9d9</value>
         <object_component_ref idref="oc-1a8"/>
      </symbol>
      <symbol id="sm-2a2">
         <name>GPIOIntTypeSet</name>
         <value>0x2000d105</value>
         <object_component_ref idref="oc-1a5"/>
      </symbol>
      <symbol id="sm-2a3">
         <name>GPIOPinWrite</name>
         <value>0x2000ebfd</value>
         <object_component_ref idref="oc-134"/>
      </symbol>
      <symbol id="sm-2f3">
         <name>IntDisable</name>
         <value>0x2000cec5</value>
         <object_component_ref idref="oc-22f"/>
      </symbol>
      <symbol id="sm-2f4">
         <name>IntEnable</name>
         <value>0x2000cf8d</value>
         <object_component_ref idref="oc-1e9"/>
      </symbol>
      <symbol id="sm-2f5">
         <name>IntMasterDisable</name>
         <value>0x2000f0bb</value>
         <object_component_ref idref="oc-4a"/>
      </symbol>
      <symbol id="sm-2f6">
         <name>IntMasterEnable</name>
         <value>0x2000f0c5</value>
         <object_component_ref idref="oc-130"/>
      </symbol>
      <symbol id="sm-2f7">
         <name>IntPendClear</name>
         <value>0x2000d9bb</value>
         <object_component_ref idref="oc-210"/>
      </symbol>
      <symbol id="sm-2f8">
         <name>IntPendSet</name>
         <value>0x2000d1b1</value>
         <object_component_ref idref="oc-22b"/>
      </symbol>
      <symbol id="sm-2f9">
         <name>IntPrioritySet</name>
         <value>0x2000dcb5</value>
         <object_component_ref idref="oc-1e8"/>
      </symbol>
      <symbol id="sm-2fa">
         <name>IntRegister</name>
         <value>0x2000ec41</value>
         <object_component_ref idref="oc-1e7"/>
      </symbol>
      <symbol id="sm-2fb">
         <name>IntUnregister</name>
         <value>0x2000eb25</value>
         <object_component_ref idref="oc-230"/>
      </symbol>
      <symbol id="sm-2fc">
         <name>IntVTableBaseSet</name>
         <value>0x2000eed3</value>
         <object_component_ref idref="oc-73"/>
      </symbol>
      <symbol id="sm-342">
         <name>PinConfigGet</name>
         <value>0x2000e155</value>
         <object_component_ref idref="oc-221"/>
      </symbol>
      <symbol id="sm-343">
         <name>PinConfigSet</name>
         <value>0x2000d255</value>
         <object_component_ref idref="oc-14d"/>
      </symbol>
      <symbol id="sm-344">
         <name>PinDirModeGet</name>
         <value>0x2000e7b5</value>
         <object_component_ref idref="oc-222"/>
      </symbol>
      <symbol id="sm-345">
         <name>PinDirModeSet</name>
         <value>0x2000e505</value>
         <object_component_ref idref="oc-223"/>
      </symbol>
      <symbol id="sm-346">
         <name>PinLock</name>
         <value>0x2000e715</value>
         <object_component_ref idref="oc-1ff"/>
      </symbol>
      <symbol id="sm-347">
         <name>PinLockLevelSet</name>
         <value>0x2000d7a1</value>
         <object_component_ref idref="oc-1fd"/>
      </symbol>
      <symbol id="sm-348">
         <name>PinModeGet</name>
         <value>0x2000e7e9</value>
         <object_component_ref idref="oc-10f"/>
      </symbol>
      <symbol id="sm-349">
         <name>PinModeSet</name>
         <value>0x2000e37d</value>
         <object_component_ref idref="oc-114"/>
      </symbol>
      <symbol id="sm-34a">
         <name>PinToPadGet</name>
         <value>0x2000edf1</value>
         <object_component_ref idref="oc-1fe"/>
      </symbol>
      <symbol id="sm-34b">
         <name>PinUnlock</name>
         <value>0x2000ec1f</value>
         <object_component_ref idref="oc-205"/>
      </symbol>
      <symbol id="sm-3fd">
         <name>PRCMCC3200MCUInit</name>
         <value>0x2000c041</value>
         <object_component_ref idref="oc-d2"/>
      </symbol>
      <symbol id="sm-3fe">
         <name>PRCMHIBRegRead</name>
         <value>0x2000eda3</value>
         <object_component_ref idref="oc-10b"/>
      </symbol>
      <symbol id="sm-3ff">
         <name>PRCMHIBRegWrite</name>
         <value>0x2000edbd</value>
         <object_component_ref idref="oc-10a"/>
      </symbol>
      <symbol id="sm-400">
         <name>PRCMHibernateWakeUpGPIOSelect</name>
         <value>0x2000d6bd</value>
         <object_component_ref idref="oc-16b"/>
      </symbol>
      <symbol id="sm-401">
         <name>PRCMHibernateWakeupSourceDisable</name>
         <value>0x2000db49</value>
         <object_component_ref idref="oc-16d"/>
      </symbol>
      <symbol id="sm-402">
         <name>PRCMHibernateWakeupSourceEnable</name>
         <value>0x2000de5d</value>
         <object_component_ref idref="oc-16c"/>
      </symbol>
      <symbol id="sm-403">
         <name>PRCMIntEnable</name>
         <value>0x2000e0c5</value>
         <object_component_ref idref="oc-204"/>
      </symbol>
      <symbol id="sm-404">
         <name>PRCMLPDSEnter</name>
         <value>0x2000dd0d</value>
         <object_component_ref idref="oc-20a"/>
      </symbol>
      <symbol id="sm-405">
         <name>PRCMLPDSEnterKeepDebugIf</name>
         <value>0x2000e19d</value>
         <object_component_ref idref="oc-209"/>
      </symbol>
      <symbol id="sm-406">
         <name>PRCMLPDSIntervalSet</name>
         <value>0x2000e8e9</value>
         <object_component_ref idref="oc-1bf"/>
      </symbol>
      <symbol id="sm-407">
         <name>PRCMLPDSRestoreInfoSet</name>
         <value>0x2000df99</value>
         <object_component_ref idref="oc-224"/>
      </symbol>
      <symbol id="sm-408">
         <name>PRCMLPDSWakeUpGPIOSelect</name>
         <value>0x2000ea31</value>
         <object_component_ref idref="oc-16a"/>
      </symbol>
      <symbol id="sm-409">
         <name>PRCMLPDSWakeupCauseGet</name>
         <value>0x2000f08b</value>
         <object_component_ref idref="oc-207"/>
      </symbol>
      <symbol id="sm-40a">
         <name>PRCMLPDSWakeupSourceDisable</name>
         <value>0x2000edd7</value>
         <object_component_ref idref="oc-169"/>
      </symbol>
      <symbol id="sm-40b">
         <name>PRCMLPDSWakeupSourceEnable</name>
         <value>0x2000eb6d</value>
         <object_component_ref idref="oc-168"/>
      </symbol>
      <symbol id="sm-40c">
         <name>PRCMPeripheralClkDisable</name>
         <value>0x2000ea5b</value>
         <object_component_ref idref="oc-10e"/>
      </symbol>
      <symbol id="sm-40d">
         <name>PRCMPeripheralClkEnable</name>
         <value>0x2000dc01</value>
         <object_component_ref idref="oc-10c"/>
      </symbol>
      <symbol id="sm-40e">
         <name>PRCMPeripheralReset</name>
         <value>0x2000d951</value>
         <object_component_ref idref="oc-10d"/>
      </symbol>
      <symbol id="sm-40f">
         <name>PRCMPeripheralStatusGet</name>
         <value>0x2000e10d</value>
         <object_component_ref idref="oc-1a2"/>
      </symbol>
      <symbol id="sm-410">
         <name>PRCMSRAMRetentionEnable</name>
         <value>0x2000eaad</value>
         <object_component_ref idref="oc-1fb"/>
      </symbol>
      <symbol id="sm-411">
         <name>PRCMSleepEnter</name>
         <value>0x2000f0df</value>
         <object_component_ref idref="oc-1c5"/>
      </symbol>
      <symbol id="sm-412">
         <name>PRCMSlowClkCtrFastGet</name>
         <value>0x2000e919</value>
         <object_component_ref idref="oc-1f2"/>
      </symbol>
      <symbol id="sm-413">
         <name>PRCMSysResetCauseGet</name>
         <value>0x2000d4b9</value>
         <object_component_ref idref="oc-105"/>
      </symbol>
      <symbol id="sm-431">
         <name>SysTickEnable</name>
         <value>0x2000ef95</value>
         <object_component_ref idref="oc-1c3"/>
      </symbol>
      <symbol id="sm-432">
         <name>SysTickIntDisable</name>
         <value>0x2000efa7</value>
         <object_component_ref idref="oc-1ba"/>
      </symbol>
      <symbol id="sm-433">
         <name>SysTickIntEnable</name>
         <value>0x2000efb9</value>
         <object_component_ref idref="oc-1c4"/>
      </symbol>
      <symbol id="sm-434">
         <name>SysTickPeriodSet</name>
         <value>0x2000ee6b</value>
         <object_component_ref idref="oc-1c2"/>
      </symbol>
      <symbol id="sm-473">
         <name>TimerControlStall</name>
         <value>0x2000e3bf</value>
         <object_component_ref idref="oc-1df"/>
      </symbol>
      <symbol id="sm-474">
         <name>TimerDisable</name>
         <value>0x2000ecc1</value>
         <object_component_ref idref="oc-1d8"/>
      </symbol>
      <symbol id="sm-475">
         <name>TimerEnable</name>
         <value>0x2000ee0b</value>
         <object_component_ref idref="oc-1e5"/>
      </symbol>
      <symbol id="sm-476">
         <name>TimerIntClear</name>
         <value>0x2000f041</value>
         <object_component_ref idref="oc-1e2"/>
      </symbol>
      <symbol id="sm-477">
         <name>TimerIntDisable</name>
         <value>0x2000ee81</value>
         <object_component_ref idref="oc-22c"/>
      </symbol>
      <symbol id="sm-478">
         <name>TimerIntEnable</name>
         <value>0x2000ef25</value>
         <object_component_ref idref="oc-1e3"/>
      </symbol>
      <symbol id="sm-479">
         <name>TimerLoadSet</name>
         <value>0x2000e949</value>
         <object_component_ref idref="oc-1de"/>
      </symbol>
      <symbol id="sm-47a">
         <name>TimerPrescaleSet</name>
         <value>0x2000e979</value>
         <object_component_ref idref="oc-1dd"/>
      </symbol>
      <symbol id="sm-485">
         <name>UtilsDelay</name>
         <value>0x2000f0e7</value>
         <object_component_ref idref="oc-106"/>
      </symbol>
      <symbol id="sm-4b2">
         <name>FlashDisable</name>
         <value>0x2000daed</value>
         <object_component_ref idref="oc-226"/>
      </symbol>
      <symbol id="sm-4d2">
         <name>malloc</name>
         <value>0x2000f0ef</value>
         <object_component_ref idref="oc-1a3"/>
      </symbol>
      <symbol id="sm-4d3">
         <name>aligned_alloc</name>
         <value>0x2000ccb5</value>
         <object_component_ref idref="oc-1e6"/>
      </symbol>
      <symbol id="sm-4d4">
         <name>free</name>
         <value>0x2000cdd5</value>
         <object_component_ref idref="oc-17a"/>
      </symbol>
      <symbol id="sm-4d5">
         <name>_sys_memory</name>
         <value>0x20004040</value>
         <object_component_ref idref="oc-31"/>
      </symbol>
      <symbol id="sm-4d6">
         <name>memalign</name>
         <value>0x2000ccb5</value>
         <object_component_ref idref="oc-1e6"/>
      </symbol>
      <symbol id="sm-4e1">
         <name>_c_int00_noargs</name>
         <value>0x2000ebd9</value>
         <object_component_ref idref="oc-76"/>
      </symbol>
      <symbol id="sm-4e2">
         <name>__stack</name>
         <value>0x20003000</value>
         <object_component_ref idref="oc-16"/>
      </symbol>
      <symbol id="sm-4ee">
         <name>__TI_auto_init_nobinit_nopinit</name>
         <value>0x2000e6dd</value>
         <object_component_ref idref="oc-bf"/>
      </symbol>
      <symbol id="sm-4f6">
         <name>_system_pre_init</name>
         <value>0x2000f119</value>
         <object_component_ref idref="oc-8b"/>
      </symbol>
      <symbol id="sm-501">
         <name>__TI_zero_init_nomemset</name>
         <value>0x2000efdd</value>
         <object_component_ref idref="oc-43"/>
      </symbol>
      <symbol id="sm-50a">
         <name>__TI_decompress_none</name>
         <value>0x2000f071</value>
         <object_component_ref idref="oc-1c"/>
      </symbol>
      <symbol id="sm-514">
         <name>__TI_decompress_lzss</name>
         <value>0x2000d731</value>
         <object_component_ref idref="oc-18"/>
      </symbol>
      <symbol id="sm-51e">
         <name>abort</name>
         <value>0x2000f11d</value>
         <object_component_ref idref="oc-b8"/>
      </symbol>
      <symbol id="sm-51f">
         <name>C$$EXIT</name>
         <value>0x2000f11c</value>
         <object_component_ref idref="oc-b8"/>
      </symbol>
      <symbol id="sm-528">
         <name>_nop</name>
         <value>0x2000dd63</value>
         <object_component_ref idref="oc-159"/>
      </symbol>
      <symbol id="sm-529">
         <name>_lock</name>
         <value>0x2000f7ac</value>
         <object_component_ref idref="oc-fb"/>
      </symbol>
      <symbol id="sm-52a">
         <name>_unlock</name>
         <value>0x2000f7b0</value>
         <object_component_ref idref="oc-fe"/>
      </symbol>
      <symbol id="sm-531">
         <name>__aeabi_memcpy</name>
         <value>0x2000f115</value>
         <object_component_ref idref="oc-3c"/>
      </symbol>
      <symbol id="sm-532">
         <name>__aeabi_memcpy4</name>
         <value>0x2000f115</value>
         <object_component_ref idref="oc-3c"/>
      </symbol>
      <symbol id="sm-533">
         <name>__aeabi_memcpy8</name>
         <value>0x2000f115</value>
         <object_component_ref idref="oc-3c"/>
      </symbol>
      <symbol id="sm-539">
         <name>__aeabi_uldivmod</name>
         <value>0x2000ef39</value>
         <object_component_ref idref="oc-1b6"/>
      </symbol>
      <symbol id="sm-53f">
         <name>__udivmoddi4</name>
         <value>0x2000d055</value>
         <object_component_ref idref="oc-1f3"/>
      </symbol>
      <symbol id="sm-549">
         <name>__aeabi_ldiv0</name>
         <value>0x2000dc5b</value>
         <object_component_ref idref="oc-21a"/>
      </symbol>
      <symbol id="sm-551">
         <name>TI_memcpy_small</name>
         <value>0x2000efcb</value>
         <object_component_ref idref="oc-81"/>
      </symbol>
      <symbol id="sm-552">
         <name>__TI_static_base__</name>
         <value>0x2000feac</value>
      </symbol>
      <symbol id="sm-555">
         <name>ITM_flush</name>
         <value>0x0</value>
      </symbol>
      <symbol id="sm-556">
         <name>ITM_restore</name>
         <value>0x0</value>
      </symbol>
      <symbol id="sm-557">
         <name>__mpu_init</name>
         <value>0x0</value>
      </symbol>
      <symbol id="sm-558">
         <name>_system_post_cinit</name>
         <value>0x0</value>
      </symbol>
   </symbol_table>
   <title>Link successful</title>
</link_info>
